[4.801s] Invoking command in '/home/yash/SGP_IV/gesture_ws/build/gesture_control': PYTHONPATH=/home/yash/SGP_IV/gesture_ws/build/gesture_control/prefix_override:/usr/lib/python3/dist-packages/colcon_core/task/python/colcon_distutils_commands:/home/yash/SGP_IV/gesture_ws/install/gesture_control/lib/python3.10/site-packages:${PYTHONPATH} /usr/bin/python3 -W ignore:setup.py install is deprecated -W ignore:easy_install command is deprecated setup.py develop --uninstall --editable --build-directory /home/yash/SGP_IV/gesture_ws/build/gesture_control/build
[6.915s] running develop
[8.897s] Removing /home/yash/SGP_IV/gesture_ws/install/gesture_control/lib/python3.10/site-packages/gesture-control.egg-link (link to .)
[9.093s] Invoked command in '/home/yash/SGP_IV/gesture_ws/build/gesture_control' returned '0': PYTHONPATH=/home/yash/SGP_IV/gesture_ws/build/gesture_control/prefix_override:/usr/lib/python3/dist-packages/colcon_core/task/python/colcon_distutils_commands:/home/yash/SGP_IV/gesture_ws/install/gesture_control/lib/python3.10/site-packages:${PYTHONPATH} /usr/bin/python3 -W ignore:setup.py install is deprecated -W ignore:easy_install command is deprecated setup.py develop --uninstall --editable --build-directory /home/yash/SGP_IV/gesture_ws/build/gesture_control/build
[9.101s] Invoking command in '/home/yash/SGP_IV/gesture_ws/src/gesture_control': PYTHONPATH=/home/yash/SGP_IV/gesture_ws/build/gesture_control/prefix_override:/usr/lib/python3/dist-packages/colcon_core/task/python/colcon_distutils_commands:/home/yash/SGP_IV/gesture_ws/install/gesture_control/lib/python3.10/site-packages:${PYTHONPATH} /usr/bin/python3 -W ignore:setup.py install is deprecated -W ignore:easy_install command is deprecated setup.py egg_info --egg-base ../../build/gesture_control build --build-base /home/yash/SGP_IV/gesture_ws/build/gesture_control/build install --record /home/yash/SGP_IV/gesture_ws/build/gesture_control/install.log --single-version-externally-managed install_data --force
[11.634s] running egg_info
[11.638s] writing ../../build/gesture_control/gesture_control.egg-info/PKG-INFO
[11.641s] writing dependency_links to ../../build/gesture_control/gesture_control.egg-info/dependency_links.txt
[11.642s] writing entry points to ../../build/gesture_control/gesture_control.egg-info/entry_points.txt
[11.643s] writing requirements to ../../build/gesture_control/gesture_control.egg-info/requires.txt
[11.643s] writing top-level names to ../../build/gesture_control/gesture_control.egg-info/top_level.txt
[11.661s] reading manifest file '../../build/gesture_control/gesture_control.egg-info/SOURCES.txt'
[11.668s] writing manifest file '../../build/gesture_control/gesture_control.egg-info/SOURCES.txt'
[11.669s] running build
[11.669s] running build_py
[11.670s] copying gesture_control/gesture_detect.py -> /home/yash/SGP_IV/gesture_ws/build/gesture_control/build/lib/gesture_control
[11.671s] copying gesture_control/object_detector.py -> /home/yash/SGP_IV/gesture_ws/build/gesture_control/build/lib/gesture_control
[11.671s] running install
[11.678s] running install_lib
[11.679s] creating /home/yash/SGP_IV/gesture_ws/install/gesture_control/lib/python3.10/site-packages/gesture_control
[11.680s] copying /home/yash/SGP_IV/gesture_ws/build/gesture_control/build/lib/gesture_control/gesture_detect.py -> /home/yash/SGP_IV/gesture_ws/install/gesture_control/lib/python3.10/site-packages/gesture_control
[11.681s] copying /home/yash/SGP_IV/gesture_ws/build/gesture_control/build/lib/gesture_control/gesture_control.py -> /home/yash/SGP_IV/gesture_ws/install/gesture_control/lib/python3.10/site-packages/gesture_control
[11.682s] copying /home/yash/SGP_IV/gesture_ws/build/gesture_control/build/lib/gesture_control/object_detector.py -> /home/yash/SGP_IV/gesture_ws/install/gesture_control/lib/python3.10/site-packages/gesture_control
[11.683s] copying /home/yash/SGP_IV/gesture_ws/build/gesture_control/build/lib/gesture_control/__init__.py -> /home/yash/SGP_IV/gesture_ws/install/gesture_control/lib/python3.10/site-packages/gesture_control
[11.686s] byte-compiling /home/yash/SGP_IV/gesture_ws/install/gesture_control/lib/python3.10/site-packages/gesture_control/gesture_detect.py to gesture_detect.cpython-310.pyc
[11.694s] byte-compiling /home/yash/SGP_IV/gesture_ws/install/gesture_control/lib/python3.10/site-packages/gesture_control/gesture_control.py to gesture_control.cpython-310.pyc
[11.698s] byte-compiling /home/yash/SGP_IV/gesture_ws/install/gesture_control/lib/python3.10/site-packages/gesture_control/object_detector.py to object_detector.cpython-310.pyc
[11.702s] byte-compiling /home/yash/SGP_IV/gesture_ws/install/gesture_control/lib/python3.10/site-packages/gesture_control/__init__.py to __init__.cpython-310.pyc
[11.703s] running install_data
[11.705s] copying resource/gesture_control -> /home/yash/SGP_IV/gesture_ws/install/gesture_control/share/ament_index/resource_index/packages
[11.705s] copying package.xml -> /home/yash/SGP_IV/gesture_ws/install/gesture_control/share/gesture_control
[11.706s] copying launch/control.launch.py -> /home/yash/SGP_IV/gesture_ws/install/gesture_control/share/gesture_control/launch
[11.706s] running install_egg_info
[11.717s] Copying ../../build/gesture_control/gesture_control.egg-info to /home/yash/SGP_IV/gesture_ws/install/gesture_control/lib/python3.10/site-packages/gesture_control-0.0.0-py3.10.egg-info
[11.729s] running install_scripts
[11.870s] Installing gesture_control script to /home/yash/SGP_IV/gesture_ws/install/gesture_control/lib/gesture_control
[11.871s] Installing gesture_detect script to /home/yash/SGP_IV/gesture_ws/install/gesture_control/lib/gesture_control
[11.871s] Installing object_detector script to /home/yash/SGP_IV/gesture_ws/install/gesture_control/lib/gesture_control
[11.873s] writing list of installed files to '/home/yash/SGP_IV/gesture_ws/build/gesture_control/install.log'
[12.011s] Invoked command in '/home/yash/SGP_IV/gesture_ws/src/gesture_control' returned '0': PYTHONPATH=/home/yash/SGP_IV/gesture_ws/build/gesture_control/prefix_override:/usr/lib/python3/dist-packages/colcon_core/task/python/colcon_distutils_commands:/home/yash/SGP_IV/gesture_ws/install/gesture_control/lib/python3.10/site-packages:${PYTHONPATH} /usr/bin/python3 -W ignore:setup.py install is deprecated -W ignore:easy_install command is deprecated setup.py egg_info --egg-base ../../build/gesture_control build --build-base /home/yash/SGP_IV/gesture_ws/build/gesture_control/build install --record /home/yash/SGP_IV/gesture_ws/build/gesture_control/install.log --single-version-externally-managed install_data --force
