running egg_info
creating ../../build/gesture_control/gesture_control.egg-info
writing ../../build/gesture_control/gesture_control.egg-info/PKG-INFO
writing dependency_links to ../../build/gesture_control/gesture_control.egg-info/dependency_links.txt
writing entry points to ../../build/gesture_control/gesture_control.egg-info/entry_points.txt
writing requirements to ../../build/gesture_control/gesture_control.egg-info/requires.txt
writing top-level names to ../../build/gesture_control/gesture_control.egg-info/top_level.txt
writing manifest file '../../build/gesture_control/gesture_control.egg-info/SOURCES.txt'
reading manifest file '../../build/gesture_control/gesture_control.egg-info/SOURCES.txt'
writing manifest file '../../build/gesture_control/gesture_control.egg-info/SOURCES.txt'
running build
running build_py
creating /home/yash/SGP_IV/gesture_ws/build/gesture_control/build
creating /home/yash/SGP_IV/gesture_ws/build/gesture_control/build/lib
creating /home/yash/SGP_IV/gesture_ws/build/gesture_control/build/lib/gesture_control
copying gesture_control/gesture_detect.py -> /home/yash/SGP_IV/gesture_ws/build/gesture_control/build/lib/gesture_control
copying gesture_control/gesture_control.py -> /home/yash/SGP_IV/gesture_ws/build/gesture_control/build/lib/gesture_control
copying gesture_control/__init__.py -> /home/yash/SGP_IV/gesture_ws/build/gesture_control/build/lib/gesture_control
running install
running install_lib
creating /home/yash/SGP_IV/gesture_ws/install/gesture_control/lib/python3.10/site-packages/gesture_control
copying /home/yash/SGP_IV/gesture_ws/build/gesture_control/build/lib/gesture_control/gesture_detect.py -> /home/yash/SGP_IV/gesture_ws/install/gesture_control/lib/python3.10/site-packages/gesture_control
copying /home/yash/SGP_IV/gesture_ws/build/gesture_control/build/lib/gesture_control/gesture_control.py -> /home/yash/SGP_IV/gesture_ws/install/gesture_control/lib/python3.10/site-packages/gesture_control
copying /home/yash/SGP_IV/gesture_ws/build/gesture_control/build/lib/gesture_control/__init__.py -> /home/yash/SGP_IV/gesture_ws/install/gesture_control/lib/python3.10/site-packages/gesture_control
byte-compiling /home/yash/SGP_IV/gesture_ws/install/gesture_control/lib/python3.10/site-packages/gesture_control/gesture_detect.py to gesture_detect.cpython-310.pyc
byte-compiling /home/yash/SGP_IV/gesture_ws/install/gesture_control/lib/python3.10/site-packages/gesture_control/gesture_control.py to gesture_control.cpython-310.pyc
byte-compiling /home/yash/SGP_IV/gesture_ws/install/gesture_control/lib/python3.10/site-packages/gesture_control/__init__.py to __init__.cpython-310.pyc
running install_data
creating /home/yash/SGP_IV/gesture_ws/install/gesture_control/share
creating /home/yash/SGP_IV/gesture_ws/install/gesture_control/share/ament_index
creating /home/yash/SGP_IV/gesture_ws/install/gesture_control/share/ament_index/resource_index
creating /home/yash/SGP_IV/gesture_ws/install/gesture_control/share/ament_index/resource_index/packages
copying resource/gesture_control -> /home/yash/SGP_IV/gesture_ws/install/gesture_control/share/ament_index/resource_index/packages
creating /home/yash/SGP_IV/gesture_ws/install/gesture_control/share/gesture_control
copying package.xml -> /home/yash/SGP_IV/gesture_ws/install/gesture_control/share/gesture_control
running install_egg_info
Copying ../../build/gesture_control/gesture_control.egg-info to /home/yash/SGP_IV/gesture_ws/install/gesture_control/lib/python3.10/site-packages/gesture_control-0.0.0-py3.10.egg-info
running install_scripts
Installing gesture_detect script to /home/yash/SGP_IV/gesture_ws/install/gesture_control/lib/gesture_control
writing list of installed files to '/home/yash/SGP_IV/gesture_ws/build/gesture_control/install.log'
