[3.646s] Invoking command in '/home/yash/SGP_IV/gesture_ws/src/gesture_control': PYTHONPATH=/home/yash/SGP_IV/gesture_ws/build/gesture_control/prefix_override:/usr/lib/python3/dist-packages/colcon_core/task/python/colcon_distutils_commands:/home/yash/SGP_IV/gesture_ws/install/gesture_control/lib/python3.10/site-packages:${PYTHONPATH} /usr/bin/python3 -W ignore:setup.py install is deprecated setup.py egg_info --egg-base ../../build/gesture_control build --build-base /home/yash/SGP_IV/gesture_ws/build/gesture_control/build install --record /home/yash/SGP_IV/gesture_ws/build/gesture_control/install.log --single-version-externally-managed install_data
[5.323s] running egg_info
[5.325s] creating ../../build/gesture_control/gesture_control.egg-info
[5.326s] writing ../../build/gesture_control/gesture_control.egg-info/PKG-INFO
[5.327s] writing dependency_links to ../../build/gesture_control/gesture_control.egg-info/dependency_links.txt
[5.328s] writing entry points to ../../build/gesture_control/gesture_control.egg-info/entry_points.txt
[5.329s] writing requirements to ../../build/gesture_control/gesture_control.egg-info/requires.txt
[5.329s] writing top-level names to ../../build/gesture_control/gesture_control.egg-info/top_level.txt
[5.336s] writing manifest file '../../build/gesture_control/gesture_control.egg-info/SOURCES.txt'
[5.344s] reading manifest file '../../build/gesture_control/gesture_control.egg-info/SOURCES.txt'
[5.348s] writing manifest file '../../build/gesture_control/gesture_control.egg-info/SOURCES.txt'
[5.348s] running build
[5.349s] running build_py
[5.350s] creating /home/yash/SGP_IV/gesture_ws/build/gesture_control/build
[5.351s] creating /home/yash/SGP_IV/gesture_ws/build/gesture_control/build/lib
[5.351s] creating /home/yash/SGP_IV/gesture_ws/build/gesture_control/build/lib/gesture_control
[5.352s] copying gesture_control/gesture_detect.py -> /home/yash/SGP_IV/gesture_ws/build/gesture_control/build/lib/gesture_control
[5.353s] copying gesture_control/gesture_control.py -> /home/yash/SGP_IV/gesture_ws/build/gesture_control/build/lib/gesture_control
[5.353s] copying gesture_control/__init__.py -> /home/yash/SGP_IV/gesture_ws/build/gesture_control/build/lib/gesture_control
[5.354s] running install
[5.355s] running install_lib
[5.358s] creating /home/yash/SGP_IV/gesture_ws/install/gesture_control/lib/python3.10/site-packages/gesture_control
[5.359s] copying /home/yash/SGP_IV/gesture_ws/build/gesture_control/build/lib/gesture_control/gesture_detect.py -> /home/yash/SGP_IV/gesture_ws/install/gesture_control/lib/python3.10/site-packages/gesture_control
[5.360s] copying /home/yash/SGP_IV/gesture_ws/build/gesture_control/build/lib/gesture_control/gesture_control.py -> /home/yash/SGP_IV/gesture_ws/install/gesture_control/lib/python3.10/site-packages/gesture_control
[5.360s] copying /home/yash/SGP_IV/gesture_ws/build/gesture_control/build/lib/gesture_control/__init__.py -> /home/yash/SGP_IV/gesture_ws/install/gesture_control/lib/python3.10/site-packages/gesture_control
[5.364s] byte-compiling /home/yash/SGP_IV/gesture_ws/install/gesture_control/lib/python3.10/site-packages/gesture_control/gesture_detect.py to gesture_detect.cpython-310.pyc
[5.368s] byte-compiling /home/yash/SGP_IV/gesture_ws/install/gesture_control/lib/python3.10/site-packages/gesture_control/gesture_control.py to gesture_control.cpython-310.pyc
[5.371s] byte-compiling /home/yash/SGP_IV/gesture_ws/install/gesture_control/lib/python3.10/site-packages/gesture_control/__init__.py to __init__.cpython-310.pyc
[5.371s] running install_data
[5.372s] creating /home/yash/SGP_IV/gesture_ws/install/gesture_control/share
[5.373s] creating /home/yash/SGP_IV/gesture_ws/install/gesture_control/share/ament_index
[5.373s] creating /home/yash/SGP_IV/gesture_ws/install/gesture_control/share/ament_index/resource_index
[5.374s] creating /home/yash/SGP_IV/gesture_ws/install/gesture_control/share/ament_index/resource_index/packages
[5.374s] copying resource/gesture_control -> /home/yash/SGP_IV/gesture_ws/install/gesture_control/share/ament_index/resource_index/packages
[5.375s] creating /home/yash/SGP_IV/gesture_ws/install/gesture_control/share/gesture_control
[5.375s] copying package.xml -> /home/yash/SGP_IV/gesture_ws/install/gesture_control/share/gesture_control
[5.376s] running install_egg_info
[5.385s] Copying ../../build/gesture_control/gesture_control.egg-info to /home/yash/SGP_IV/gesture_ws/install/gesture_control/lib/python3.10/site-packages/gesture_control-0.0.0-py3.10.egg-info
[5.388s] running install_scripts
[5.486s] Installing gesture_detect script to /home/yash/SGP_IV/gesture_ws/install/gesture_control/lib/gesture_control
[5.487s] writing list of installed files to '/home/yash/SGP_IV/gesture_ws/build/gesture_control/install.log'
[5.584s] Invoked command in '/home/yash/SGP_IV/gesture_ws/src/gesture_control' returned '0': PYTHONPATH=/home/yash/SGP_IV/gesture_ws/build/gesture_control/prefix_override:/usr/lib/python3/dist-packages/colcon_core/task/python/colcon_distutils_commands:/home/yash/SGP_IV/gesture_ws/install/gesture_control/lib/python3.10/site-packages:${PYTHONPATH} /usr/bin/python3 -W ignore:setup.py install is deprecated setup.py egg_info --egg-base ../../build/gesture_control build --build-base /home/yash/SGP_IV/gesture_ws/build/gesture_control/build install --record /home/yash/SGP_IV/gesture_ws/build/gesture_control/install.log --single-version-externally-managed install_data
