[3.582s] Invoking command in '/home/yash/SGP_IV/gesture_ws/build/gesture_control': PYTHONPATH=/home/yash/SGP_IV/gesture_ws/build/gesture_control/prefix_override:/usr/lib/python3/dist-packages/colcon_core/task/python/colcon_distutils_commands:/home/yash/SGP_IV/gesture_ws/install/gesture_control/lib/python3.10/site-packages:${PYTHONPATH} /usr/bin/python3 -W ignore:setup.py install is deprecated setup.py develop --editable --build-directory /home/yash/SGP_IV/gesture_ws/build/gesture_control/build --no-deps symlink_data
[4.740s] running develop
[5.540s] running egg_info
[5.540s] writing gesture_control.egg-info/PKG-INFO
[5.541s] writing dependency_links to gesture_control.egg-info/dependency_links.txt
[5.541s] writing entry points to gesture_control.egg-info/entry_points.txt
[5.541s] writing requirements to gesture_control.egg-info/requires.txt
[5.541s] writing top-level names to gesture_control.egg-info/top_level.txt
[5.549s] reading manifest file 'gesture_control.egg-info/SOURCES.txt'
[5.551s] writing manifest file 'gesture_control.egg-info/SOURCES.txt'
[5.555s] running build_ext
[5.555s] Creating /home/yash/SGP_IV/gesture_ws/install/gesture_control/lib/python3.10/site-packages/gesture-control.egg-link (link to .)
[5.557s] Installing gesture_control script to /home/yash/SGP_IV/gesture_ws/install/gesture_control/lib/gesture_control
[5.558s] Installing gesture_detect script to /home/yash/SGP_IV/gesture_ws/install/gesture_control/lib/gesture_control
[5.558s] 
[5.559s] Installed /home/yash/SGP_IV/gesture_ws/build/gesture_control
[5.559s] running symlink_data
[5.559s] creating /home/yash/SGP_IV/gesture_ws/install/gesture_control/share/gesture_control/urdf
[5.560s] symbolically linking /home/yash/SGP_IV/gesture_ws/build/gesture_control/urdf/4wheel.urdf.xacro -> /home/yash/SGP_IV/gesture_ws/install/gesture_control/share/gesture_control/urdf
[5.649s] Invoked command in '/home/yash/SGP_IV/gesture_ws/build/gesture_control' returned '0': PYTHONPATH=/home/yash/SGP_IV/gesture_ws/build/gesture_control/prefix_override:/usr/lib/python3/dist-packages/colcon_core/task/python/colcon_distutils_commands:/home/yash/SGP_IV/gesture_ws/install/gesture_control/lib/python3.10/site-packages:${PYTHONPATH} /usr/bin/python3 -W ignore:setup.py install is deprecated setup.py develop --editable --build-directory /home/yash/SGP_IV/gesture_ws/build/gesture_control/build --no-deps symlink_data
