[1.052s] DEBUG:colcon:Command line arguments: ['/usr/bin/colcon', 'list', '-p', '--base-paths', '/home/yash/SGP_IV/gesture_ws']
[1.053s] DEBUG:colcon:Parsed command line arguments: Namespace(log_base=None, log_level=None, verb_name='list', build_base='build', ignore_user_meta=False, metas=['./colcon.meta'], base_paths=['/home/yash/SGP_IV/gesture_ws'], packages_ignore=None, packages_ignore_regex=None, paths=None, packages_up_to=None, packages_up_to_regex=None, packages_above=None, packages_above_and_dependencies=None, packages_above_depth=None, packages_select_by_dep=None, packages_skip_by_dep=None, packages_skip_up_to=None, packages_select_build_failed=False, packages_skip_build_finished=False, packages_select_test_failures=False, packages_skip_test_passed=False, packages_select=None, packages_skip=None, packages_select_regex=None, packages_skip_regex=None, packages_start=None, packages_end=None, allow_overriding=[], topological_order=False, names_only=False, paths_only=True, topological_graph=False, topological_graph_dot=False, topological_graph_density=False, topological_graph_legend=False, topological_graph_dot_cluster=False, topological_graph_dot_include_skipped=False, mixin_files=None, mixin=None, verb_parser=<colcon_mixin.mixin.mixin_argument.MixinArgumentDecorator object at 0x791015fb5bd0>, verb_extension=<colcon_package_information.verb.list.ListVerb object at 0x791015fb4b80>, main=<bound method ListVerb.main of <colcon_package_information.verb.list.ListVerb object at 0x791015fb4b80>>, mixin_verb=('list',))
[3.172s] Level 1:colcon.colcon_core.package_discovery:discover_packages(colcon_meta) check parameters
[3.173s] Level 1:colcon.colcon_core.package_discovery:discover_packages(recursive) check parameters
[3.173s] Level 1:colcon.colcon_core.package_discovery:discover_packages(ignore) check parameters
[3.174s] Level 1:colcon.colcon_core.package_discovery:discover_packages(path) check parameters
[3.174s] Level 1:colcon.colcon_core.package_discovery:discover_packages(recursive) discover
[3.174s] INFO:colcon.colcon_core.package_discovery:Crawling recursively for packages in '/home/yash/SGP_IV/gesture_ws'
[3.175s] Level 1:colcon.colcon_core.package_identification:_identify(/home/yash/SGP_IV/gesture_ws) by extensions ['ignore', 'ignore_ament_install']
[3.176s] Level 1:colcon.colcon_core.package_identification:_identify(/home/yash/SGP_IV/gesture_ws) by extension 'ignore'
[3.176s] Level 1:colcon.colcon_core.package_identification:_identify(/home/yash/SGP_IV/gesture_ws) by extension 'ignore_ament_install'
[3.177s] Level 1:colcon.colcon_core.package_identification:_identify(/home/yash/SGP_IV/gesture_ws) by extensions ['colcon_pkg']
[3.177s] Level 1:colcon.colcon_core.package_identification:_identify(/home/yash/SGP_IV/gesture_ws) by extension 'colcon_pkg'
[3.177s] Level 1:colcon.colcon_core.package_identification:_identify(/home/yash/SGP_IV/gesture_ws) by extensions ['colcon_meta']
[3.177s] Level 1:colcon.colcon_core.package_identification:_identify(/home/yash/SGP_IV/gesture_ws) by extension 'colcon_meta'
[3.178s] Level 1:colcon.colcon_core.package_identification:_identify(/home/yash/SGP_IV/gesture_ws) by extensions ['ros']
[3.178s] Level 1:colcon.colcon_core.package_identification:_identify(/home/yash/SGP_IV/gesture_ws) by extension 'ros'
[3.250s] Level 1:colcon.colcon_core.package_identification:_identify(/home/yash/SGP_IV/gesture_ws) by extensions ['cmake', 'python']
[3.251s] Level 1:colcon.colcon_core.package_identification:_identify(/home/yash/SGP_IV/gesture_ws) by extension 'cmake'
[3.251s] Level 1:colcon.colcon_core.package_identification:_identify(/home/yash/SGP_IV/gesture_ws) by extension 'python'
[3.251s] Level 1:colcon.colcon_core.package_identification:_identify(/home/yash/SGP_IV/gesture_ws) by extensions ['python_setup_py']
[3.252s] Level 1:colcon.colcon_core.package_identification:_identify(/home/yash/SGP_IV/gesture_ws) by extension 'python_setup_py'
[3.252s] Level 1:colcon.colcon_core.package_identification:_identify(/home/yash/SGP_IV/gesture_ws/build) by extensions ['ignore', 'ignore_ament_install']
[3.253s] Level 1:colcon.colcon_core.package_identification:_identify(/home/yash/SGP_IV/gesture_ws/build) by extension 'ignore'
[3.253s] Level 1:colcon.colcon_core.package_identification:_identify(/home/yash/SGP_IV/gesture_ws/build) ignored
[3.254s] Level 1:colcon.colcon_core.package_identification:_identify(/home/yash/SGP_IV/gesture_ws/install) by extensions ['ignore', 'ignore_ament_install']
[3.255s] Level 1:colcon.colcon_core.package_identification:_identify(/home/yash/SGP_IV/gesture_ws/install) by extension 'ignore'
[3.255s] Level 1:colcon.colcon_core.package_identification:_identify(/home/yash/SGP_IV/gesture_ws/install) ignored
[3.256s] Level 1:colcon.colcon_core.package_identification:_identify(/home/yash/SGP_IV/gesture_ws/log) by extensions ['ignore', 'ignore_ament_install']
[3.257s] Level 1:colcon.colcon_core.package_identification:_identify(/home/yash/SGP_IV/gesture_ws/log) by extension 'ignore'
[3.257s] Level 1:colcon.colcon_core.package_identification:_identify(/home/yash/SGP_IV/gesture_ws/log) ignored
[3.258s] Level 1:colcon.colcon_core.package_identification:_identify(/home/yash/SGP_IV/gesture_ws/src) by extensions ['ignore', 'ignore_ament_install']
[3.258s] Level 1:colcon.colcon_core.package_identification:_identify(/home/yash/SGP_IV/gesture_ws/src) by extension 'ignore'
[3.259s] Level 1:colcon.colcon_core.package_identification:_identify(/home/yash/SGP_IV/gesture_ws/src) by extension 'ignore_ament_install'
[3.259s] Level 1:colcon.colcon_core.package_identification:_identify(/home/yash/SGP_IV/gesture_ws/src) by extensions ['colcon_pkg']
[3.260s] Level 1:colcon.colcon_core.package_identification:_identify(/home/yash/SGP_IV/gesture_ws/src) by extension 'colcon_pkg'
[3.260s] Level 1:colcon.colcon_core.package_identification:_identify(/home/yash/SGP_IV/gesture_ws/src) by extensions ['colcon_meta']
[3.260s] Level 1:colcon.colcon_core.package_identification:_identify(/home/yash/SGP_IV/gesture_ws/src) by extension 'colcon_meta'
[3.261s] Level 1:colcon.colcon_core.package_identification:_identify(/home/yash/SGP_IV/gesture_ws/src) by extensions ['ros']
[3.261s] Level 1:colcon.colcon_core.package_identification:_identify(/home/yash/SGP_IV/gesture_ws/src) by extension 'ros'
[3.262s] Level 1:colcon.colcon_core.package_identification:_identify(/home/yash/SGP_IV/gesture_ws/src) by extensions ['cmake', 'python']
[3.262s] Level 1:colcon.colcon_core.package_identification:_identify(/home/yash/SGP_IV/gesture_ws/src) by extension 'cmake'
[3.262s] Level 1:colcon.colcon_core.package_identification:_identify(/home/yash/SGP_IV/gesture_ws/src) by extension 'python'
[3.262s] Level 1:colcon.colcon_core.package_identification:_identify(/home/yash/SGP_IV/gesture_ws/src) by extensions ['python_setup_py']
[3.263s] Level 1:colcon.colcon_core.package_identification:_identify(/home/yash/SGP_IV/gesture_ws/src) by extension 'python_setup_py'
[3.264s] Level 1:colcon.colcon_core.package_identification:_identify(/home/yash/SGP_IV/gesture_ws/src/gesture_control) by extensions ['ignore', 'ignore_ament_install']
[3.264s] Level 1:colcon.colcon_core.package_identification:_identify(/home/yash/SGP_IV/gesture_ws/src/gesture_control) by extension 'ignore'
[3.265s] Level 1:colcon.colcon_core.package_identification:_identify(/home/yash/SGP_IV/gesture_ws/src/gesture_control) by extension 'ignore_ament_install'
[3.265s] Level 1:colcon.colcon_core.package_identification:_identify(/home/yash/SGP_IV/gesture_ws/src/gesture_control) by extensions ['colcon_pkg']
[3.265s] Level 1:colcon.colcon_core.package_identification:_identify(/home/yash/SGP_IV/gesture_ws/src/gesture_control) by extension 'colcon_pkg'
[3.266s] Level 1:colcon.colcon_core.package_identification:_identify(/home/yash/SGP_IV/gesture_ws/src/gesture_control) by extensions ['colcon_meta']
[3.266s] Level 1:colcon.colcon_core.package_identification:_identify(/home/yash/SGP_IV/gesture_ws/src/gesture_control) by extension 'colcon_meta'
[3.266s] Level 1:colcon.colcon_core.package_identification:_identify(/home/yash/SGP_IV/gesture_ws/src/gesture_control) by extensions ['ros']
[3.267s] Level 1:colcon.colcon_core.package_identification:_identify(/home/yash/SGP_IV/gesture_ws/src/gesture_control) by extension 'ros'
[3.283s] DEBUG:colcon.colcon_core.package_identification:Package '/home/yash/SGP_IV/gesture_ws/src/gesture_control' with type 'ros.ament_python' and name 'gesture_control'
[3.283s] Level 1:colcon.colcon_core.package_discovery:discover_packages(recursive) using defaults
