[0.044s] Invoking command in '/home/yash/SGP_IV/gesture_ws/build/niyantrak_description': CMAKE_PREFIX_PATH=${CMAKE_PREFIX_PATH}:/home/yash/python_ws/install/turtlesim_catch_all:/home/yash/python_ws/install/my_py_pkg:/home/yash/SGP_IV/gesture_ws/install/gesture_control:/home/yash/tensor_ws/install/warehouse_sim:/home/yash/rl_ws/install/serp_rl:/home/yash/skid_ws/install/ackerman:/home/yash/eyrc24_ws/install/ur5_control:/opt/ros/humble /usr/bin/cmake --build /home/yash/SGP_IV/gesture_ws/build/niyantrak_description -- -j8 -l8
[0.151s] Invoked command in '/home/yash/SGP_IV/gesture_ws/build/niyantrak_description' returned '0': CMAKE_PREFIX_PATH=${CMAKE_PREFIX_PATH}:/home/yash/python_ws/install/turtlesim_catch_all:/home/yash/python_ws/install/my_py_pkg:/home/yash/SGP_IV/gesture_ws/install/gesture_control:/home/yash/tensor_ws/install/warehouse_sim:/home/yash/rl_ws/install/serp_rl:/home/yash/skid_ws/install/ackerman:/home/yash/eyrc24_ws/install/ur5_control:/opt/ros/humble /usr/bin/cmake --build /home/yash/SGP_IV/gesture_ws/build/niyantrak_description -- -j8 -l8
[0.187s] Invoking command in '/home/yash/SGP_IV/gesture_ws/build/niyantrak_description': CMAKE_PREFIX_PATH=${CMAKE_PREFIX_PATH}:/home/yash/python_ws/install/turtlesim_catch_all:/home/yash/python_ws/install/my_py_pkg:/home/yash/SGP_IV/gesture_ws/install/gesture_control:/home/yash/tensor_ws/install/warehouse_sim:/home/yash/rl_ws/install/serp_rl:/home/yash/skid_ws/install/ackerman:/home/yash/eyrc24_ws/install/ur5_control:/opt/ros/humble /usr/bin/cmake --install /home/yash/SGP_IV/gesture_ws/build/niyantrak_description
[0.211s] -- Install configuration: ""
[0.212s] -- Execute custom install script
[0.214s] -- Up-to-date symlink: /home/yash/SGP_IV/gesture_ws/install/niyantrak_description/share/niyantrak_description//urdf/4wheel.urdf.xacro
[0.214s] -- Up-to-date symlink: /home/yash/SGP_IV/gesture_ws/install/niyantrak_description/share/niyantrak_description//urdf/camera.xacro
[0.215s] -- Up-to-date symlink: /home/yash/SGP_IV/gesture_ws/install/niyantrak_description/share/niyantrak_description//urdf/diff_drive.xacro
[0.215s] -- Up-to-date symlink: /home/yash/SGP_IV/gesture_ws/install/niyantrak_description/share/niyantrak_description//urdf/lidar.xacro
[0.215s] -- Symlinking: /home/yash/SGP_IV/gesture_ws/install/niyantrak_description/share/niyantrak_description//urdf/my_robot.urdf.xacro
[0.242s] -- Up-to-date symlink: /home/yash/SGP_IV/gesture_ws/install/niyantrak_description/share/niyantrak_description//launch/display.launch.py
[0.243s] -- Up-to-date symlink: /home/yash/SGP_IV/gesture_ws/install/niyantrak_description/share/niyantrak_description//rviz/urdf.rviz
[0.244s] -- Up-to-date symlink: /home/yash/SGP_IV/gesture_ws/install/niyantrak_description/share/niyantrak_description//world/charusat.world
[0.244s] -- Up-to-date symlink: /home/yash/SGP_IV/gesture_ws/install/niyantrak_description/share/niyantrak_description//world/charusat/boundry/model.config
[0.245s] -- Up-to-date symlink: /home/yash/SGP_IV/gesture_ws/install/niyantrak_description/share/niyantrak_description//world/charusat/boundry/model.sdf
[0.245s] -- Up-to-date symlink: /home/yash/SGP_IV/gesture_ws/install/niyantrak_description/share/niyantrak_description//world/charusat/model.config
[0.245s] -- Up-to-date symlink: /home/yash/SGP_IV/gesture_ws/install/niyantrak_description/share/niyantrak_description//world/charusat/model.sdf
[0.246s] -- Up-to-date symlink: /home/yash/SGP_IV/gesture_ws/install/niyantrak_description/share/niyantrak_description//world/test_world.world
[0.247s] -- Up-to-date symlink: /home/yash/SGP_IV/gesture_ws/install/niyantrak_description/share/niyantrak_description//config/gazebo_params.yaml
[0.247s] -- Up-to-date symlink: /home/yash/SGP_IV/gesture_ws/install/niyantrak_description/share/ament_index/resource_index/package_run_dependencies/niyantrak_description
[0.248s] -- Up-to-date symlink: /home/yash/SGP_IV/gesture_ws/install/niyantrak_description/share/ament_index/resource_index/parent_prefix_path/niyantrak_description
[0.248s] -- Up-to-date symlink: /home/yash/SGP_IV/gesture_ws/install/niyantrak_description/share/niyantrak_description/environment/ament_prefix_path.sh
[0.249s] -- Up-to-date symlink: /home/yash/SGP_IV/gesture_ws/install/niyantrak_description/share/niyantrak_description/environment/ament_prefix_path.dsv
[0.249s] -- Up-to-date symlink: /home/yash/SGP_IV/gesture_ws/install/niyantrak_description/share/niyantrak_description/environment/path.sh
[0.250s] -- Up-to-date symlink: /home/yash/SGP_IV/gesture_ws/install/niyantrak_description/share/niyantrak_description/environment/path.dsv
[0.251s] -- Up-to-date symlink: /home/yash/SGP_IV/gesture_ws/install/niyantrak_description/share/niyantrak_description/local_setup.bash
[0.251s] -- Up-to-date symlink: /home/yash/SGP_IV/gesture_ws/install/niyantrak_description/share/niyantrak_description/local_setup.sh
[0.251s] -- Up-to-date symlink: /home/yash/SGP_IV/gesture_ws/install/niyantrak_description/share/niyantrak_description/local_setup.zsh
[0.252s] -- Up-to-date symlink: /home/yash/SGP_IV/gesture_ws/install/niyantrak_description/share/niyantrak_description/local_setup.dsv
[0.252s] -- Symlinking: /home/yash/SGP_IV/gesture_ws/install/niyantrak_description/share/niyantrak_description/package.dsv
[0.279s] -- Up-to-date symlink: /home/yash/SGP_IV/gesture_ws/install/niyantrak_description/share/ament_index/resource_index/packages/niyantrak_description
[0.280s] -- Up-to-date symlink: /home/yash/SGP_IV/gesture_ws/install/niyantrak_description/share/niyantrak_description/cmake/niyantrak_descriptionConfig.cmake
[0.281s] -- Up-to-date symlink: /home/yash/SGP_IV/gesture_ws/install/niyantrak_description/share/niyantrak_description/cmake/niyantrak_descriptionConfig-version.cmake
[0.281s] -- Up-to-date symlink: /home/yash/SGP_IV/gesture_ws/install/niyantrak_description/share/niyantrak_description/package.xml
[0.286s] Invoked command in '/home/yash/SGP_IV/gesture_ws/build/niyantrak_description' returned '0': CMAKE_PREFIX_PATH=${CMAKE_PREFIX_PATH}:/home/yash/python_ws/install/turtlesim_catch_all:/home/yash/python_ws/install/my_py_pkg:/home/yash/SGP_IV/gesture_ws/install/gesture_control:/home/yash/tensor_ws/install/warehouse_sim:/home/yash/rl_ws/install/serp_rl:/home/yash/skid_ws/install/ackerman:/home/yash/eyrc24_ws/install/ur5_control:/opt/ros/humble /usr/bin/cmake --install /home/yash/SGP_IV/gesture_ws/build/niyantrak_description
