-- Found ament_cmake: 1.3.10 (/opt/ros/humble/share/ament_cmake/cmake)
-- Override CMake install command with custom implementation using symlinks instead of copying resources
-- Configuring done
-- Generating done
-- Build files have been written to: /home/yash/SGP_IV/gesture_ws/build/niyantrak_description
-- Install configuration: ""
-- Execute custom install script
-- Symlinking: /home/yash/SGP_IV/gesture_ws/install/niyantrak_description/share/niyantrak_description//urdf/4wheel.urdf.xacro
-- Symlinking: /home/yash/SGP_IV/gesture_ws/install/niyantrak_description/share/niyantrak_description//urdf/camera.xacro
-- Symlinking: /home/yash/SGP_IV/gesture_ws/install/niyantrak_description/share/niyantrak_description//urdf/diff_drive.xacro
-- Symlinking: /home/yash/SGP_IV/gesture_ws/install/niyantrak_description/share/niyantrak_description//urdf/lidar.xacro
-- Symlinking: /home/yash/SGP_IV/gesture_ws/install/niyantrak_description/share/niyantrak_description//launch/display.launch.py
-- Symlinking: /home/yash/SGP_IV/gesture_ws/install/niyantrak_description/share/niyantrak_description//rviz/urdf.rviz
[31mCMake Error at ament_cmake_symlink_install/ament_cmake_symlink_install.cmake:100 (message):
  ament_cmake_symlink_install_directory() can't find
  '/home/yash/SGP_IV/gesture_ws/src/niyantrak_description/worlds'
Call Stack (most recent call first):
  ament_cmake_symlink_install/ament_cmake_symlink_install.cmake:314 (ament_cmake_symlink_install_directory)
  cmake_install.cmake:46 (include)

[0m
