[1.411s] Invoking command in '/home/yash/SGP_IV/gesture_ws/build/niyantrak_description': CMAKE_PREFIX_PATH=${CMAKE_PREFIX_PATH}:/home/yash/SGP_IV/gesture_ws/install/gesture_control:/home/yash/tensor_ws/install/warehouse_sim:/home/yash/rl_ws/install/serp_rl:/home/yash/eyrc24_ws/install/ur5_control:/home/yash/python_ws/install/turtlesim_catch_all:/home/yash/python_ws/install/my_py_pkg:/home/yash/skid_ws/install/ackerman:/opt/ros/humble /usr/bin/cmake /home/yash/SGP_IV/gesture_ws/src/niyantrak_description -DAMENT_CMAKE_SYMLINK_INSTALL=1 -DCMAKE_INSTALL_PREFIX=/home/yash/SGP_IV/gesture_ws/install/niyantrak_description
[1.468s] -- Found ament_cmake: 1.3.10 (/opt/ros/humble/share/ament_cmake/cmake)
[2.030s] -- Override CMake install command with custom implementation using symlinks instead of copying resources
[2.491s] -- Configuring done
[2.500s] -- Generating done
[2.502s] -- Build files have been written to: /home/yash/SGP_IV/gesture_ws/build/niyantrak_description
[2.510s] Invoked command in '/home/yash/SGP_IV/gesture_ws/build/niyantrak_description' returned '0': CMAKE_PREFIX_PATH=${CMAKE_PREFIX_PATH}:/home/yash/SGP_IV/gesture_ws/install/gesture_control:/home/yash/tensor_ws/install/warehouse_sim:/home/yash/rl_ws/install/serp_rl:/home/yash/eyrc24_ws/install/ur5_control:/home/yash/python_ws/install/turtlesim_catch_all:/home/yash/python_ws/install/my_py_pkg:/home/yash/skid_ws/install/ackerman:/opt/ros/humble /usr/bin/cmake /home/yash/SGP_IV/gesture_ws/src/niyantrak_description -DAMENT_CMAKE_SYMLINK_INSTALL=1 -DCMAKE_INSTALL_PREFIX=/home/yash/SGP_IV/gesture_ws/install/niyantrak_description
[2.518s] Invoking command in '/home/yash/SGP_IV/gesture_ws/build/niyantrak_description': CMAKE_PREFIX_PATH=${CMAKE_PREFIX_PATH}:/home/yash/SGP_IV/gesture_ws/install/gesture_control:/home/yash/tensor_ws/install/warehouse_sim:/home/yash/rl_ws/install/serp_rl:/home/yash/eyrc24_ws/install/ur5_control:/home/yash/python_ws/install/turtlesim_catch_all:/home/yash/python_ws/install/my_py_pkg:/home/yash/skid_ws/install/ackerman:/opt/ros/humble /usr/bin/cmake --build /home/yash/SGP_IV/gesture_ws/build/niyantrak_description -- -j8 -l8
[2.653s] Invoked command in '/home/yash/SGP_IV/gesture_ws/build/niyantrak_description' returned '0': CMAKE_PREFIX_PATH=${CMAKE_PREFIX_PATH}:/home/yash/SGP_IV/gesture_ws/install/gesture_control:/home/yash/tensor_ws/install/warehouse_sim:/home/yash/rl_ws/install/serp_rl:/home/yash/eyrc24_ws/install/ur5_control:/home/yash/python_ws/install/turtlesim_catch_all:/home/yash/python_ws/install/my_py_pkg:/home/yash/skid_ws/install/ackerman:/opt/ros/humble /usr/bin/cmake --build /home/yash/SGP_IV/gesture_ws/build/niyantrak_description -- -j8 -l8
[2.768s] Invoking command in '/home/yash/SGP_IV/gesture_ws/build/niyantrak_description': CMAKE_PREFIX_PATH=${CMAKE_PREFIX_PATH}:/home/yash/SGP_IV/gesture_ws/install/gesture_control:/home/yash/tensor_ws/install/warehouse_sim:/home/yash/rl_ws/install/serp_rl:/home/yash/eyrc24_ws/install/ur5_control:/home/yash/python_ws/install/turtlesim_catch_all:/home/yash/python_ws/install/my_py_pkg:/home/yash/skid_ws/install/ackerman:/opt/ros/humble /usr/bin/cmake --install /home/yash/SGP_IV/gesture_ws/build/niyantrak_description
[2.792s] -- Install configuration: ""
[2.794s] -- Execute custom install script
[2.795s] -- Symlinking: /home/yash/SGP_IV/gesture_ws/install/niyantrak_description/share/niyantrak_description//urdf/4wheel.urdf.xacro
[2.830s] -- Symlinking: /home/yash/SGP_IV/gesture_ws/install/niyantrak_description/share/niyantrak_description//urdf/camera.xacro
[2.865s] -- Symlinking: /home/yash/SGP_IV/gesture_ws/install/niyantrak_description/share/niyantrak_description//urdf/diff_drive.xacro
[2.898s] -- Symlinking: /home/yash/SGP_IV/gesture_ws/install/niyantrak_description/share/niyantrak_description//urdf/lidar.xacro
[2.934s] -- Symlinking: /home/yash/SGP_IV/gesture_ws/install/niyantrak_description/share/niyantrak_description//launch/display.launch.py
[2.969s] -- Symlinking: /home/yash/SGP_IV/gesture_ws/install/niyantrak_description/share/niyantrak_description//rviz/urdf.rviz
[3.002s] [31mCMake Error at ament_cmake_symlink_install/ament_cmake_symlink_install.cmake:100 (message):
[3.003s]   ament_cmake_symlink_install_directory() can't find
[3.003s]   '/home/yash/SGP_IV/gesture_ws/src/niyantrak_description/worlds'
[3.003s] Call Stack (most recent call first):
[3.004s]   ament_cmake_symlink_install/ament_cmake_symlink_install.cmake:314 (ament_cmake_symlink_install_directory)
[3.004s]   cmake_install.cmake:46 (include)
[3.004s] 
[3.005s] [0m
[3.008s] Invoked command in '/home/yash/SGP_IV/gesture_ws/build/niyantrak_description' returned '1': CMAKE_PREFIX_PATH=${CMAKE_PREFIX_PATH}:/home/yash/SGP_IV/gesture_ws/install/gesture_control:/home/yash/tensor_ws/install/warehouse_sim:/home/yash/rl_ws/install/serp_rl:/home/yash/eyrc24_ws/install/ur5_control:/home/yash/python_ws/install/turtlesim_catch_all:/home/yash/python_ws/install/my_py_pkg:/home/yash/skid_ws/install/ackerman:/opt/ros/humble /usr/bin/cmake --install /home/yash/SGP_IV/gesture_ws/build/niyantrak_description
