[0.609s] DEBUG:colcon:Command line arguments: ['/usr/bin/colcon', 'build', '--packages-select', 'gesture_control']
[0.610s] DEBUG:colcon:Parsed command line arguments: Namespace(log_base=None, log_level=None, verb_name='build', build_base='build', install_base='install', merge_install=False, symlink_install=False, test_result_base=None, continue_on_error=False, executor='parallel', parallel_workers=8, event_handlers=None, ignore_user_meta=False, metas=['./colcon.meta'], base_paths=['.'], packages_ignore=None, packages_ignore_regex=None, paths=None, packages_up_to=None, packages_up_to_regex=None, packages_above=None, packages_above_and_dependencies=None, packages_above_depth=None, packages_select_by_dep=None, packages_skip_by_dep=None, packages_skip_up_to=None, packages_select_build_failed=False, packages_skip_build_finished=False, packages_select_test_failures=False, packages_skip_test_passed=False, packages_select=['gesture_control'], packages_skip=None, packages_select_regex=None, packages_skip_regex=None, packages_start=None, packages_end=None, allow_overriding=[], cmake_args=None, cmake_target=None, cmake_target_skip_unavailable=False, cmake_clean_cache=False, cmake_clean_first=False, cmake_force_configure=False, ament_cmake_args=None, catkin_cmake_args=None, catkin_skip_building_tests=False, mixin_files=None, mixin=None, verb_parser=<colcon_mixin.mixin.mixin_argument.MixinArgumentDecorator object at 0x7bea847b8ca0>, verb_extension=<colcon_core.verb.build.BuildVerb object at 0x7bea847b8370>, main=<bound method BuildVerb.main of <colcon_core.verb.build.BuildVerb object at 0x7bea847b8370>>, mixin_verb=('build',))
[1.844s] Level 1:colcon.colcon_core.package_discovery:discover_packages(colcon_meta) check parameters
[1.844s] Level 1:colcon.colcon_core.package_discovery:discover_packages(recursive) check parameters
[1.844s] Level 1:colcon.colcon_core.package_discovery:discover_packages(ignore) check parameters
[1.844s] Level 1:colcon.colcon_core.package_discovery:discover_packages(path) check parameters
[1.844s] Level 1:colcon.colcon_core.package_discovery:discover_packages(colcon_meta) discover
[1.845s] Level 1:colcon.colcon_core.package_discovery:discover_packages(recursive) discover
[1.845s] INFO:colcon.colcon_core.package_discovery:Crawling recursively for packages in '/home/yash/SGP_IV/gesture_ws'
[1.845s] Level 1:colcon.colcon_core.package_identification:_identify(.) by extensions ['ignore', 'ignore_ament_install']
[1.845s] Level 1:colcon.colcon_core.package_identification:_identify(.) by extension 'ignore'
[1.846s] Level 1:colcon.colcon_core.package_identification:_identify(.) by extension 'ignore_ament_install'
[1.846s] Level 1:colcon.colcon_core.package_identification:_identify(.) by extensions ['colcon_pkg']
[1.846s] Level 1:colcon.colcon_core.package_identification:_identify(.) by extension 'colcon_pkg'
[1.846s] Level 1:colcon.colcon_core.package_identification:_identify(.) by extensions ['colcon_meta']
[1.846s] Level 1:colcon.colcon_core.package_identification:_identify(.) by extension 'colcon_meta'
[1.847s] Level 1:colcon.colcon_core.package_identification:_identify(.) by extensions ['ros']
[1.847s] Level 1:colcon.colcon_core.package_identification:_identify(.) by extension 'ros'
[1.891s] Level 1:colcon.colcon_core.package_identification:_identify(.) by extensions ['cmake', 'python']
[1.891s] Level 1:colcon.colcon_core.package_identification:_identify(.) by extension 'cmake'
[1.891s] Level 1:colcon.colcon_core.package_identification:_identify(.) by extension 'python'
[1.891s] Level 1:colcon.colcon_core.package_identification:_identify(.) by extensions ['python_setup_py']
[1.892s] Level 1:colcon.colcon_core.package_identification:_identify(.) by extension 'python_setup_py'
[1.892s] Level 1:colcon.colcon_core.package_identification:_identify(build) by extensions ['ignore', 'ignore_ament_install']
[1.892s] Level 1:colcon.colcon_core.package_identification:_identify(build) by extension 'ignore'
[1.893s] Level 1:colcon.colcon_core.package_identification:_identify(build) ignored
[1.893s] Level 1:colcon.colcon_core.package_identification:_identify(install) by extensions ['ignore', 'ignore_ament_install']
[1.893s] Level 1:colcon.colcon_core.package_identification:_identify(install) by extension 'ignore'
[1.894s] Level 1:colcon.colcon_core.package_identification:_identify(install) ignored
[1.894s] Level 1:colcon.colcon_core.package_identification:_identify(log) by extensions ['ignore', 'ignore_ament_install']
[1.894s] Level 1:colcon.colcon_core.package_identification:_identify(log) by extension 'ignore'
[1.894s] Level 1:colcon.colcon_core.package_identification:_identify(log) ignored
[1.895s] Level 1:colcon.colcon_core.package_identification:_identify(src) by extensions ['ignore', 'ignore_ament_install']
[1.895s] Level 1:colcon.colcon_core.package_identification:_identify(src) by extension 'ignore'
[1.895s] Level 1:colcon.colcon_core.package_identification:_identify(src) by extension 'ignore_ament_install'
[1.896s] Level 1:colcon.colcon_core.package_identification:_identify(src) by extensions ['colcon_pkg']
[1.896s] Level 1:colcon.colcon_core.package_identification:_identify(src) by extension 'colcon_pkg'
[1.896s] Level 1:colcon.colcon_core.package_identification:_identify(src) by extensions ['colcon_meta']
[1.896s] Level 1:colcon.colcon_core.package_identification:_identify(src) by extension 'colcon_meta'
[1.896s] Level 1:colcon.colcon_core.package_identification:_identify(src) by extensions ['ros']
[1.896s] Level 1:colcon.colcon_core.package_identification:_identify(src) by extension 'ros'
[1.897s] Level 1:colcon.colcon_core.package_identification:_identify(src) by extensions ['cmake', 'python']
[1.897s] Level 1:colcon.colcon_core.package_identification:_identify(src) by extension 'cmake'
[1.897s] Level 1:colcon.colcon_core.package_identification:_identify(src) by extension 'python'
[1.897s] Level 1:colcon.colcon_core.package_identification:_identify(src) by extensions ['python_setup_py']
[1.897s] Level 1:colcon.colcon_core.package_identification:_identify(src) by extension 'python_setup_py'
[1.898s] Level 1:colcon.colcon_core.package_identification:_identify(src/gesture_control) by extensions ['ignore', 'ignore_ament_install']
[1.898s] Level 1:colcon.colcon_core.package_identification:_identify(src/gesture_control) by extension 'ignore'
[1.898s] Level 1:colcon.colcon_core.package_identification:_identify(src/gesture_control) by extension 'ignore_ament_install'
[1.898s] Level 1:colcon.colcon_core.package_identification:_identify(src/gesture_control) by extensions ['colcon_pkg']
[1.899s] Level 1:colcon.colcon_core.package_identification:_identify(src/gesture_control) by extension 'colcon_pkg'
[1.899s] Level 1:colcon.colcon_core.package_identification:_identify(src/gesture_control) by extensions ['colcon_meta']
[1.899s] Level 1:colcon.colcon_core.package_identification:_identify(src/gesture_control) by extension 'colcon_meta'
[1.899s] Level 1:colcon.colcon_core.package_identification:_identify(src/gesture_control) by extensions ['ros']
[1.899s] Level 1:colcon.colcon_core.package_identification:_identify(src/gesture_control) by extension 'ros'
[1.910s] DEBUG:colcon.colcon_core.package_identification:Found ROS schema reference in package manifest in 'src/gesture_control'
[1.910s] WARNING:colcon.colcon_core.package_identification:Failed to parse ROS package manifest in 'src/gesture_control': Error(s) in package 'src/gesture_control/package.xml':
Invalid email "ygnasit.gmail.com" for person "yash"
[1.910s] Level 1:colcon.colcon_core.package_identification:_identify(src/gesture_control) by extensions ['cmake', 'python']
[1.911s] Level 1:colcon.colcon_core.package_identification:_identify(src/gesture_control) by extension 'cmake'
[1.911s] Level 1:colcon.colcon_core.package_identification:_identify(src/gesture_control) by extension 'python'
[1.911s] DEBUG:colcon.colcon_core.package_identification:Python package in 'src/gesture_control' passes arguments to the setup() function which requires a different identification extension than 'python'
[1.911s] Level 1:colcon.colcon_core.package_identification:_identify(src/gesture_control) by extensions ['python_setup_py']
[1.911s] Level 1:colcon.colcon_core.package_identification:_identify(src/gesture_control) by extension 'python_setup_py'
[3.299s] DEBUG:colcon.colcon_core.package_identification:Package 'src/gesture_control' with type 'python' and name 'gesture_control'
[3.299s] Level 1:colcon.colcon_core.package_discovery:discover_packages(recursive) using defaults
[3.300s] Level 1:colcon.colcon_core.package_discovery:discover_packages(ignore) discover
[3.300s] Level 1:colcon.colcon_core.package_discovery:discover_packages(ignore) using defaults
[3.300s] Level 1:colcon.colcon_core.package_discovery:discover_packages(path) discover
[3.300s] Level 1:colcon.colcon_core.package_discovery:discover_packages(path) using defaults
[3.379s] Level 1:colcon.colcon_core.package_discovery:discover_packages(prefix_path) check parameters
[3.379s] Level 1:colcon.colcon_core.package_discovery:discover_packages(prefix_path) discover
[3.385s] WARNING:colcon.colcon_ros.prefix_path.catkin:The path '/usr/lib/x86_64-linux-gnu/cmake/box2D' in the environment variable CMAKE_PREFIX_PATH doesn't exist
[3.388s] DEBUG:colcon.colcon_installed_package_information.package_discovery:Found 5 installed packages in /home/yash/Agrobot/agri_ws/install
[3.390s] DEBUG:colcon.colcon_installed_package_information.package_discovery:Found 1 installed packages in /home/yash/tensor_ws/install
[3.391s] DEBUG:colcon.colcon_installed_package_information.package_discovery:Found 4 installed packages in /home/yash/rl_ws/install
[3.393s] DEBUG:colcon.colcon_installed_package_information.package_discovery:Found 1 installed packages in /home/yash/ros2_ws/install
[3.394s] DEBUG:colcon.colcon_installed_package_information.package_discovery:Found 5 installed packages in /home/yash/python_ws/install
[3.396s] DEBUG:colcon.colcon_installed_package_information.package_discovery:Found 2 installed packages in /home/yash/skid_ws/install
[3.398s] DEBUG:colcon.colcon_installed_package_information.package_discovery:Found 10 installed packages in /home/yash/eyrc24_ws/install
[3.400s] DEBUG:colcon.colcon_installed_package_information.package_discovery:Found 0 installed packages in /home/yash/SGP_IV/gesture_ws/install
[3.408s] DEBUG:colcon.colcon_installed_package_information.package_discovery:Found 510 installed packages in /opt/ros/humble
[3.422s] Level 1:colcon.colcon_core.package_discovery:discover_packages(prefix_path) using defaults
[3.666s] Level 5:colcon.colcon_core.verb:set package 'gesture_control' build argument 'cmake_args' from command line to 'None'
[3.666s] Level 5:colcon.colcon_core.verb:set package 'gesture_control' build argument 'cmake_target' from command line to 'None'
[3.666s] Level 5:colcon.colcon_core.verb:set package 'gesture_control' build argument 'cmake_target_skip_unavailable' from command line to 'False'
[3.666s] Level 5:colcon.colcon_core.verb:set package 'gesture_control' build argument 'cmake_clean_cache' from command line to 'False'
[3.666s] Level 5:colcon.colcon_core.verb:set package 'gesture_control' build argument 'cmake_clean_first' from command line to 'False'
[3.666s] Level 5:colcon.colcon_core.verb:set package 'gesture_control' build argument 'cmake_force_configure' from command line to 'False'
[3.666s] Level 5:colcon.colcon_core.verb:set package 'gesture_control' build argument 'ament_cmake_args' from command line to 'None'
[3.667s] Level 5:colcon.colcon_core.verb:set package 'gesture_control' build argument 'catkin_cmake_args' from command line to 'None'
[3.667s] Level 5:colcon.colcon_core.verb:set package 'gesture_control' build argument 'catkin_skip_building_tests' from command line to 'False'
[3.667s] DEBUG:colcon.colcon_core.verb:Building package 'gesture_control' with the following arguments: {'ament_cmake_args': None, 'build_base': '/home/yash/SGP_IV/gesture_ws/build/gesture_control', 'catkin_cmake_args': None, 'catkin_skip_building_tests': False, 'cmake_args': None, 'cmake_clean_cache': False, 'cmake_clean_first': False, 'cmake_force_configure': False, 'cmake_target': None, 'cmake_target_skip_unavailable': False, 'install_base': '/home/yash/SGP_IV/gesture_ws/install/gesture_control', 'merge_install': False, 'path': '/home/yash/SGP_IV/gesture_ws/src/gesture_control', 'symlink_install': False, 'test_result_base': None}
[3.667s] INFO:colcon.colcon_core.executor:Executing jobs using 'parallel' executor
[3.671s] DEBUG:colcon.colcon_parallel_executor.executor.parallel:run_until_complete
[3.671s] INFO:colcon.colcon_core.task.python.build:Building Python package in '/home/yash/SGP_IV/gesture_ws/src/gesture_control'
[3.680s] INFO:colcon.colcon_core.plugin_system:Skipping extension 'colcon_core.shell.bat': Not used on non-Windows systems
[3.681s] INFO:colcon.colcon_core.shell:Skip shell extension 'powershell' for command environment: Not usable outside of PowerShell
[3.681s] DEBUG:colcon.colcon_core.shell:Skip shell extension 'dsv' for command environment
[7.321s] DEBUG:colcon.colcon_core.event_handler.log_command:Invoking command in '/home/yash/SGP_IV/gesture_ws/src/gesture_control': PYTHONPATH=/home/yash/SGP_IV/gesture_ws/build/gesture_control/prefix_override:/usr/lib/python3/dist-packages/colcon_core/task/python/colcon_distutils_commands:/home/yash/SGP_IV/gesture_ws/install/gesture_control/lib/python3.10/site-packages:${PYTHONPATH} /usr/bin/python3 -W ignore:setup.py install is deprecated setup.py egg_info --egg-base ../../build/gesture_control build --build-base /home/yash/SGP_IV/gesture_ws/build/gesture_control/build install --record /home/yash/SGP_IV/gesture_ws/build/gesture_control/install.log --single-version-externally-managed install_data
[9.257s] DEBUG:colcon.colcon_core.event_handler.log_command:Invoked command in '/home/yash/SGP_IV/gesture_ws/src/gesture_control' returned '0': PYTHONPATH=/home/yash/SGP_IV/gesture_ws/build/gesture_control/prefix_override:/usr/lib/python3/dist-packages/colcon_core/task/python/colcon_distutils_commands:/home/yash/SGP_IV/gesture_ws/install/gesture_control/lib/python3.10/site-packages:${PYTHONPATH} /usr/bin/python3 -W ignore:setup.py install is deprecated setup.py egg_info --egg-base ../../build/gesture_control build --build-base /home/yash/SGP_IV/gesture_ws/build/gesture_control/build install --record /home/yash/SGP_IV/gesture_ws/build/gesture_control/install.log --single-version-externally-managed install_data
[9.268s] Level 1:colcon.colcon_core.environment:checking '/home/yash/SGP_IV/gesture_ws/install/gesture_control' for CMake module files
[9.269s] Level 1:colcon.colcon_core.environment:checking '/home/yash/SGP_IV/gesture_ws/install/gesture_control' for CMake config files
[9.272s] Level 1:colcon.colcon_core.environment:checking '/home/yash/SGP_IV/gesture_ws/install/gesture_control/lib'
[9.273s] Level 1:colcon.colcon_core.environment:checking '/home/yash/SGP_IV/gesture_ws/install/gesture_control/bin'
[9.273s] Level 1:colcon.colcon_core.environment:checking '/home/yash/SGP_IV/gesture_ws/install/gesture_control/lib/pkgconfig/gesture_control.pc'
[9.274s] Level 1:colcon.colcon_core.environment:checking '/home/yash/SGP_IV/gesture_ws/install/gesture_control/lib/python3.10/site-packages'
[9.274s] Level 1:colcon.colcon_core.shell:create_environment_hook('gesture_control', 'pythonpath')
[9.275s] INFO:colcon.colcon_core.shell:Creating environment hook '/home/yash/SGP_IV/gesture_ws/install/gesture_control/share/gesture_control/hook/pythonpath.ps1'
[9.278s] INFO:colcon.colcon_core.shell:Creating environment descriptor '/home/yash/SGP_IV/gesture_ws/install/gesture_control/share/gesture_control/hook/pythonpath.dsv'
[9.279s] INFO:colcon.colcon_core.shell:Creating environment hook '/home/yash/SGP_IV/gesture_ws/install/gesture_control/share/gesture_control/hook/pythonpath.sh'
[9.282s] Level 1:colcon.colcon_core.environment:checking '/home/yash/SGP_IV/gesture_ws/install/gesture_control/bin'
[9.283s] Level 1:colcon.colcon_core.environment:create_environment_scripts_only(gesture_control)
[9.284s] INFO:colcon.colcon_core.shell:Creating package script '/home/yash/SGP_IV/gesture_ws/install/gesture_control/share/gesture_control/package.ps1'
[9.287s] INFO:colcon.colcon_core.shell:Creating package descriptor '/home/yash/SGP_IV/gesture_ws/install/gesture_control/share/gesture_control/package.dsv'
[9.289s] INFO:colcon.colcon_core.shell:Creating package script '/home/yash/SGP_IV/gesture_ws/install/gesture_control/share/gesture_control/package.sh'
[9.292s] INFO:colcon.colcon_core.shell:Creating package script '/home/yash/SGP_IV/gesture_ws/install/gesture_control/share/gesture_control/package.bash'
[9.296s] INFO:colcon.colcon_core.shell:Creating package script '/home/yash/SGP_IV/gesture_ws/install/gesture_control/share/gesture_control/package.zsh'
[9.298s] Level 1:colcon.colcon_core.environment:create_file_with_runtime_dependencies(/home/yash/SGP_IV/gesture_ws/install/gesture_control/share/colcon-core/packages/gesture_control)
[9.301s] DEBUG:colcon.colcon_parallel_executor.executor.parallel:closing loop
[9.301s] DEBUG:colcon.colcon_parallel_executor.executor.parallel:loop closed
[9.302s] DEBUG:colcon.colcon_parallel_executor.executor.parallel:run_until_complete finished with '0'
[9.302s] DEBUG:colcon.colcon_core.event_reactor:joining thread
[9.325s] INFO:colcon.colcon_core.plugin_system:Skipping extension 'colcon_notification.desktop_notification.terminal_notifier': Not used on non-Darwin systems
[9.325s] INFO:colcon.colcon_core.plugin_system:Skipping extension 'colcon_notification.desktop_notification.win32': Not used on non-Windows systems
[9.326s] INFO:colcon.colcon_notification.desktop_notification:Sending desktop notification using 'notify2'
[9.373s] DEBUG:colcon.colcon_core.event_reactor:joined thread
[9.375s] INFO:colcon.colcon_core.shell:Creating prefix script '/home/yash/SGP_IV/gesture_ws/install/local_setup.ps1'
[9.379s] INFO:colcon.colcon_core.shell:Creating prefix util module '/home/yash/SGP_IV/gesture_ws/install/_local_setup_util_ps1.py'
[9.385s] INFO:colcon.colcon_core.shell:Creating prefix chain script '/home/yash/SGP_IV/gesture_ws/install/setup.ps1'
[9.394s] INFO:colcon.colcon_core.shell:Creating prefix script '/home/yash/SGP_IV/gesture_ws/install/local_setup.sh'
[9.396s] INFO:colcon.colcon_core.shell:Creating prefix util module '/home/yash/SGP_IV/gesture_ws/install/_local_setup_util_sh.py'
[9.399s] INFO:colcon.colcon_core.shell:Creating prefix chain script '/home/yash/SGP_IV/gesture_ws/install/setup.sh'
[9.407s] INFO:colcon.colcon_core.shell:Creating prefix script '/home/yash/SGP_IV/gesture_ws/install/local_setup.bash'
[9.409s] INFO:colcon.colcon_core.shell:Creating prefix chain script '/home/yash/SGP_IV/gesture_ws/install/setup.bash'
[9.418s] INFO:colcon.colcon_core.shell:Creating prefix script '/home/yash/SGP_IV/gesture_ws/install/local_setup.zsh'
[9.420s] INFO:colcon.colcon_core.shell:Creating prefix chain script '/home/yash/SGP_IV/gesture_ws/install/setup.zsh'
