[0.555s] DEBUG:colcon:Command line arguments: ['/usr/bin/colcon', 'build', '--symlink-install']
[0.556s] DEBUG:colcon:Parsed command line arguments: Namespace(log_base=None, log_level=None, verb_name='build', build_base='build', install_base='install', merge_install=False, symlink_install=True, test_result_base=None, continue_on_error=False, executor='parallel', parallel_workers=8, event_handlers=None, ignore_user_meta=False, metas=['./colcon.meta'], base_paths=['.'], packages_ignore=None, packages_ignore_regex=None, paths=None, packages_up_to=None, packages_up_to_regex=None, packages_above=None, packages_above_and_dependencies=None, packages_above_depth=None, packages_select_by_dep=None, packages_skip_by_dep=None, packages_skip_up_to=None, packages_select_build_failed=False, packages_skip_build_finished=False, packages_select_test_failures=False, packages_skip_test_passed=False, packages_select=None, packages_skip=None, packages_select_regex=None, packages_skip_regex=None, packages_start=None, packages_end=None, allow_overriding=[], cmake_args=None, cmake_target=None, cmake_target_skip_unavailable=False, cmake_clean_cache=False, cmake_clean_first=False, cmake_force_configure=False, ament_cmake_args=None, catkin_cmake_args=None, catkin_skip_building_tests=False, mixin_files=None, mixin=None, verb_parser=<colcon_mixin.mixin.mixin_argument.MixinArgumentDecorator object at 0x76ae323bd810>, verb_extension=<colcon_core.verb.build.BuildVerb object at 0x76ae3233f160>, main=<bound method BuildVerb.main of <colcon_core.verb.build.BuildVerb object at 0x76ae3233f160>>, mixin_verb=('build',))
[1.655s] Level 1:colcon.colcon_core.package_discovery:discover_packages(colcon_meta) check parameters
[1.655s] Level 1:colcon.colcon_core.package_discovery:discover_packages(recursive) check parameters
[1.655s] Level 1:colcon.colcon_core.package_discovery:discover_packages(ignore) check parameters
[1.656s] Level 1:colcon.colcon_core.package_discovery:discover_packages(path) check parameters
[1.656s] Level 1:colcon.colcon_core.package_discovery:discover_packages(colcon_meta) discover
[1.656s] Level 1:colcon.colcon_core.package_discovery:discover_packages(recursive) discover
[1.656s] INFO:colcon.colcon_core.package_discovery:Crawling recursively for packages in '/home/yash/SGP_IV/gesture_ws'
[1.656s] Level 1:colcon.colcon_core.package_identification:_identify(.) by extensions ['ignore', 'ignore_ament_install']
[1.657s] Level 1:colcon.colcon_core.package_identification:_identify(.) by extension 'ignore'
[1.657s] Level 1:colcon.colcon_core.package_identification:_identify(.) by extension 'ignore_ament_install'
[1.658s] Level 1:colcon.colcon_core.package_identification:_identify(.) by extensions ['colcon_pkg']
[1.658s] Level 1:colcon.colcon_core.package_identification:_identify(.) by extension 'colcon_pkg'
[1.658s] Level 1:colcon.colcon_core.package_identification:_identify(.) by extensions ['colcon_meta']
[1.658s] Level 1:colcon.colcon_core.package_identification:_identify(.) by extension 'colcon_meta'
[1.658s] Level 1:colcon.colcon_core.package_identification:_identify(.) by extensions ['ros']
[1.658s] Level 1:colcon.colcon_core.package_identification:_identify(.) by extension 'ros'
[1.699s] Level 1:colcon.colcon_core.package_identification:_identify(.) by extensions ['cmake', 'python']
[1.699s] Level 1:colcon.colcon_core.package_identification:_identify(.) by extension 'cmake'
[1.699s] Level 1:colcon.colcon_core.package_identification:_identify(.) by extension 'python'
[1.699s] Level 1:colcon.colcon_core.package_identification:_identify(.) by extensions ['python_setup_py']
[1.699s] Level 1:colcon.colcon_core.package_identification:_identify(.) by extension 'python_setup_py'
[1.700s] Level 1:colcon.colcon_core.package_identification:_identify(build) by extensions ['ignore', 'ignore_ament_install']
[1.701s] Level 1:colcon.colcon_core.package_identification:_identify(build) by extension 'ignore'
[1.701s] Level 1:colcon.colcon_core.package_identification:_identify(build) ignored
[1.701s] Level 1:colcon.colcon_core.package_identification:_identify(install) by extensions ['ignore', 'ignore_ament_install']
[1.702s] Level 1:colcon.colcon_core.package_identification:_identify(install) by extension 'ignore'
[1.702s] Level 1:colcon.colcon_core.package_identification:_identify(install) ignored
[1.702s] Level 1:colcon.colcon_core.package_identification:_identify(log) by extensions ['ignore', 'ignore_ament_install']
[1.702s] Level 1:colcon.colcon_core.package_identification:_identify(log) by extension 'ignore'
[1.703s] Level 1:colcon.colcon_core.package_identification:_identify(log) ignored
[1.703s] Level 1:colcon.colcon_core.package_identification:_identify(src) by extensions ['ignore', 'ignore_ament_install']
[1.703s] Level 1:colcon.colcon_core.package_identification:_identify(src) by extension 'ignore'
[1.703s] Level 1:colcon.colcon_core.package_identification:_identify(src) by extension 'ignore_ament_install'
[1.704s] Level 1:colcon.colcon_core.package_identification:_identify(src) by extensions ['colcon_pkg']
[1.704s] Level 1:colcon.colcon_core.package_identification:_identify(src) by extension 'colcon_pkg'
[1.704s] Level 1:colcon.colcon_core.package_identification:_identify(src) by extensions ['colcon_meta']
[1.704s] Level 1:colcon.colcon_core.package_identification:_identify(src) by extension 'colcon_meta'
[1.704s] Level 1:colcon.colcon_core.package_identification:_identify(src) by extensions ['ros']
[1.704s] Level 1:colcon.colcon_core.package_identification:_identify(src) by extension 'ros'
[1.705s] Level 1:colcon.colcon_core.package_identification:_identify(src) by extensions ['cmake', 'python']
[1.705s] Level 1:colcon.colcon_core.package_identification:_identify(src) by extension 'cmake'
[1.705s] Level 1:colcon.colcon_core.package_identification:_identify(src) by extension 'python'
[1.705s] Level 1:colcon.colcon_core.package_identification:_identify(src) by extensions ['python_setup_py']
[1.705s] Level 1:colcon.colcon_core.package_identification:_identify(src) by extension 'python_setup_py'
[1.705s] Level 1:colcon.colcon_core.package_identification:_identify(src/gesture_control) by extensions ['ignore', 'ignore_ament_install']
[1.706s] Level 1:colcon.colcon_core.package_identification:_identify(src/gesture_control) by extension 'ignore'
[1.706s] Level 1:colcon.colcon_core.package_identification:_identify(src/gesture_control) by extension 'ignore_ament_install'
[1.706s] Level 1:colcon.colcon_core.package_identification:_identify(src/gesture_control) by extensions ['colcon_pkg']
[1.706s] Level 1:colcon.colcon_core.package_identification:_identify(src/gesture_control) by extension 'colcon_pkg'
[1.706s] Level 1:colcon.colcon_core.package_identification:_identify(src/gesture_control) by extensions ['colcon_meta']
[1.707s] Level 1:colcon.colcon_core.package_identification:_identify(src/gesture_control) by extension 'colcon_meta'
[1.707s] Level 1:colcon.colcon_core.package_identification:_identify(src/gesture_control) by extensions ['ros']
[1.707s] Level 1:colcon.colcon_core.package_identification:_identify(src/gesture_control) by extension 'ros'
[1.715s] DEBUG:colcon.colcon_core.package_identification:Package 'src/gesture_control' with type 'ros.ament_python' and name 'gesture_control'
[1.716s] Level 1:colcon.colcon_core.package_identification:_identify(src/niyantrak_description) by extensions ['ignore', 'ignore_ament_install']
[1.716s] Level 1:colcon.colcon_core.package_identification:_identify(src/niyantrak_description) by extension 'ignore'
[1.716s] Level 1:colcon.colcon_core.package_identification:_identify(src/niyantrak_description) by extension 'ignore_ament_install'
[1.717s] Level 1:colcon.colcon_core.package_identification:_identify(src/niyantrak_description) by extensions ['colcon_pkg']
[1.717s] Level 1:colcon.colcon_core.package_identification:_identify(src/niyantrak_description) by extension 'colcon_pkg'
[1.717s] Level 1:colcon.colcon_core.package_identification:_identify(src/niyantrak_description) by extensions ['colcon_meta']
[1.717s] Level 1:colcon.colcon_core.package_identification:_identify(src/niyantrak_description) by extension 'colcon_meta'
[1.717s] Level 1:colcon.colcon_core.package_identification:_identify(src/niyantrak_description) by extensions ['ros']
[1.717s] Level 1:colcon.colcon_core.package_identification:_identify(src/niyantrak_description) by extension 'ros'
[1.719s] DEBUG:colcon.colcon_core.package_identification:Package 'src/niyantrak_description' with type 'ros.ament_cmake' and name 'niyantrak_description'
[1.720s] Level 1:colcon.colcon_core.package_discovery:discover_packages(recursive) using defaults
[1.720s] Level 1:colcon.colcon_core.package_discovery:discover_packages(ignore) discover
[1.720s] Level 1:colcon.colcon_core.package_discovery:discover_packages(ignore) using defaults
[1.720s] Level 1:colcon.colcon_core.package_discovery:discover_packages(path) discover
[1.720s] Level 1:colcon.colcon_core.package_discovery:discover_packages(path) using defaults
[1.804s] Level 1:colcon.colcon_core.package_discovery:discover_packages(prefix_path) check parameters
[1.804s] Level 1:colcon.colcon_core.package_discovery:discover_packages(prefix_path) discover
[1.813s] DEBUG:colcon.colcon_installed_package_information.package_discovery:Found 4 installed packages in /home/yash/bumperbot_ws/install
[1.815s] DEBUG:colcon.colcon_installed_package_information.package_discovery:Found 2 installed packages in /home/yash/SGP_IV/gesture_ws/install
[1.817s] DEBUG:colcon.colcon_installed_package_information.package_discovery:Found 5 installed packages in /home/yash/Agrobot/agri_ws/install
[1.818s] DEBUG:colcon.colcon_installed_package_information.package_discovery:Found 1 installed packages in /home/yash/tensor_ws/install
[1.820s] DEBUG:colcon.colcon_installed_package_information.package_discovery:Found 4 installed packages in /home/yash/rl_ws/install
[1.822s] DEBUG:colcon.colcon_installed_package_information.package_discovery:Found 1 installed packages in /home/yash/ros2_ws/install
[1.823s] DEBUG:colcon.colcon_installed_package_information.package_discovery:Found 5 installed packages in /home/yash/python_ws/install
[1.825s] DEBUG:colcon.colcon_installed_package_information.package_discovery:Found 2 installed packages in /home/yash/skid_ws/install
[1.827s] DEBUG:colcon.colcon_installed_package_information.package_discovery:Found 10 installed packages in /home/yash/eyrc24_ws/install
[1.834s] DEBUG:colcon.colcon_installed_package_information.package_discovery:Found 519 installed packages in /opt/ros/humble
[1.845s] Level 1:colcon.colcon_core.package_discovery:discover_packages(prefix_path) using defaults
[2.109s] Level 5:colcon.colcon_core.verb:set package 'gesture_control' build argument 'cmake_args' from command line to 'None'
[2.109s] Level 5:colcon.colcon_core.verb:set package 'gesture_control' build argument 'cmake_target' from command line to 'None'
[2.109s] Level 5:colcon.colcon_core.verb:set package 'gesture_control' build argument 'cmake_target_skip_unavailable' from command line to 'False'
[2.109s] Level 5:colcon.colcon_core.verb:set package 'gesture_control' build argument 'cmake_clean_cache' from command line to 'False'
[2.109s] Level 5:colcon.colcon_core.verb:set package 'gesture_control' build argument 'cmake_clean_first' from command line to 'False'
[2.109s] Level 5:colcon.colcon_core.verb:set package 'gesture_control' build argument 'cmake_force_configure' from command line to 'False'
[2.110s] Level 5:colcon.colcon_core.verb:set package 'gesture_control' build argument 'ament_cmake_args' from command line to 'None'
[2.110s] Level 5:colcon.colcon_core.verb:set package 'gesture_control' build argument 'catkin_cmake_args' from command line to 'None'
[2.110s] Level 5:colcon.colcon_core.verb:set package 'gesture_control' build argument 'catkin_skip_building_tests' from command line to 'False'
[2.110s] DEBUG:colcon.colcon_core.verb:Building package 'gesture_control' with the following arguments: {'ament_cmake_args': None, 'build_base': '/home/yash/SGP_IV/gesture_ws/build/gesture_control', 'catkin_cmake_args': None, 'catkin_skip_building_tests': False, 'cmake_args': None, 'cmake_clean_cache': False, 'cmake_clean_first': False, 'cmake_force_configure': False, 'cmake_target': None, 'cmake_target_skip_unavailable': False, 'install_base': '/home/yash/SGP_IV/gesture_ws/install/gesture_control', 'merge_install': False, 'path': '/home/yash/SGP_IV/gesture_ws/src/gesture_control', 'symlink_install': True, 'test_result_base': None}
[2.111s] Level 5:colcon.colcon_core.verb:set package 'niyantrak_description' build argument 'cmake_args' from command line to 'None'
[2.111s] Level 5:colcon.colcon_core.verb:set package 'niyantrak_description' build argument 'cmake_target' from command line to 'None'
[2.112s] Level 5:colcon.colcon_core.verb:set package 'niyantrak_description' build argument 'cmake_target_skip_unavailable' from command line to 'False'
[2.112s] Level 5:colcon.colcon_core.verb:set package 'niyantrak_description' build argument 'cmake_clean_cache' from command line to 'False'
[2.112s] Level 5:colcon.colcon_core.verb:set package 'niyantrak_description' build argument 'cmake_clean_first' from command line to 'False'
[2.112s] Level 5:colcon.colcon_core.verb:set package 'niyantrak_description' build argument 'cmake_force_configure' from command line to 'False'
[2.112s] Level 5:colcon.colcon_core.verb:set package 'niyantrak_description' build argument 'ament_cmake_args' from command line to 'None'
[2.112s] Level 5:colcon.colcon_core.verb:set package 'niyantrak_description' build argument 'catkin_cmake_args' from command line to 'None'
[2.112s] Level 5:colcon.colcon_core.verb:set package 'niyantrak_description' build argument 'catkin_skip_building_tests' from command line to 'False'
[2.112s] DEBUG:colcon.colcon_core.verb:Building package 'niyantrak_description' with the following arguments: {'ament_cmake_args': None, 'build_base': '/home/yash/SGP_IV/gesture_ws/build/niyantrak_description', 'catkin_cmake_args': None, 'catkin_skip_building_tests': False, 'cmake_args': None, 'cmake_clean_cache': False, 'cmake_clean_first': False, 'cmake_force_configure': False, 'cmake_target': None, 'cmake_target_skip_unavailable': False, 'install_base': '/home/yash/SGP_IV/gesture_ws/install/niyantrak_description', 'merge_install': False, 'path': '/home/yash/SGP_IV/gesture_ws/src/niyantrak_description', 'symlink_install': True, 'test_result_base': None}
[2.113s] INFO:colcon.colcon_core.executor:Executing jobs using 'parallel' executor
[2.115s] DEBUG:colcon.colcon_parallel_executor.executor.parallel:run_until_complete
[2.116s] INFO:colcon.colcon_ros.task.ament_python.build:Building ROS package in '/home/yash/SGP_IV/gesture_ws/src/gesture_control' with build type 'ament_python'
[2.116s] Level 1:colcon.colcon_core.shell:create_environment_hook('gesture_control', 'ament_prefix_path')
[2.124s] INFO:colcon.colcon_core.plugin_system:Skipping extension 'colcon_core.shell.bat': Not used on non-Windows systems
[2.125s] INFO:colcon.colcon_core.shell:Creating environment hook '/home/yash/SGP_IV/gesture_ws/install/gesture_control/share/gesture_control/hook/ament_prefix_path.ps1'
[2.127s] INFO:colcon.colcon_core.shell:Creating environment descriptor '/home/yash/SGP_IV/gesture_ws/install/gesture_control/share/gesture_control/hook/ament_prefix_path.dsv'
[2.129s] INFO:colcon.colcon_core.shell:Creating environment hook '/home/yash/SGP_IV/gesture_ws/install/gesture_control/share/gesture_control/hook/ament_prefix_path.sh'
[2.131s] INFO:colcon.colcon_core.shell:Skip shell extension 'powershell' for command environment: Not usable outside of PowerShell
[2.132s] DEBUG:colcon.colcon_core.shell:Skip shell extension 'dsv' for command environment
[3.829s] INFO:colcon.colcon_core.task.python.build:Building Python package in '/home/yash/SGP_IV/gesture_ws/src/gesture_control'
[3.831s] INFO:colcon.colcon_core.shell:Skip shell extension 'powershell' for command environment: Not usable outside of PowerShell
[3.832s] DEBUG:colcon.colcon_core.shell:Skip shell extension 'dsv' for command environment
[6.517s] DEBUG:colcon.colcon_core.event_handler.log_command:Invoking command in '/home/yash/SGP_IV/gesture_ws/build/gesture_control': PYTHONPATH=/home/yash/SGP_IV/gesture_ws/build/gesture_control/prefix_override:/usr/lib/python3/dist-packages/colcon_core/task/python/colcon_distutils_commands:/home/yash/SGP_IV/gesture_ws/install/gesture_control/lib/python3.10/site-packages:${PYTHONPATH} /usr/bin/python3 -W ignore:setup.py install is deprecated -W ignore:easy_install command is deprecated setup.py develop --editable --build-directory /home/yash/SGP_IV/gesture_ws/build/gesture_control/build --no-deps symlink_data
[10.704s] Level 1:colcon.colcon_core.shell:create_environment_hook('gesture_control', 'pythonpath_develop')
[10.706s] INFO:colcon.colcon_core.shell:Creating environment hook '/home/yash/SGP_IV/gesture_ws/build/gesture_control/share/gesture_control/hook/pythonpath_develop.ps1'
[10.709s] DEBUG:colcon.colcon_core.event_handler.log_command:Invoked command in '/home/yash/SGP_IV/gesture_ws/build/gesture_control' returned '0': PYTHONPATH=/home/yash/SGP_IV/gesture_ws/build/gesture_control/prefix_override:/usr/lib/python3/dist-packages/colcon_core/task/python/colcon_distutils_commands:/home/yash/SGP_IV/gesture_ws/install/gesture_control/lib/python3.10/site-packages:${PYTHONPATH} /usr/bin/python3 -W ignore:setup.py install is deprecated -W ignore:easy_install command is deprecated setup.py develop --editable --build-directory /home/yash/SGP_IV/gesture_ws/build/gesture_control/build --no-deps symlink_data
[10.715s] INFO:colcon.colcon_core.shell:Creating environment descriptor '/home/yash/SGP_IV/gesture_ws/build/gesture_control/share/gesture_control/hook/pythonpath_develop.dsv'
[10.719s] INFO:colcon.colcon_core.shell:Creating environment hook '/home/yash/SGP_IV/gesture_ws/build/gesture_control/share/gesture_control/hook/pythonpath_develop.sh'
[10.743s] Level 1:colcon.colcon_core.environment:checking '/home/yash/SGP_IV/gesture_ws/install/gesture_control' for CMake module files
[10.746s] Level 1:colcon.colcon_core.environment:checking '/home/yash/SGP_IV/gesture_ws/install/gesture_control' for CMake config files
[10.751s] Level 1:colcon.colcon_core.environment:checking '/home/yash/SGP_IV/gesture_ws/install/gesture_control/lib'
[10.752s] Level 1:colcon.colcon_core.environment:checking '/home/yash/SGP_IV/gesture_ws/install/gesture_control/bin'
[10.753s] Level 1:colcon.colcon_core.environment:checking '/home/yash/SGP_IV/gesture_ws/install/gesture_control/lib/pkgconfig/gesture_control.pc'
[10.754s] Level 1:colcon.colcon_core.environment:checking '/home/yash/SGP_IV/gesture_ws/install/gesture_control/lib/python3.10/site-packages'
[10.755s] Level 1:colcon.colcon_core.shell:create_environment_hook('gesture_control', 'pythonpath')
[10.757s] INFO:colcon.colcon_core.shell:Creating environment hook '/home/yash/SGP_IV/gesture_ws/install/gesture_control/share/gesture_control/hook/pythonpath.ps1'
[10.759s] INFO:colcon.colcon_core.shell:Creating environment descriptor '/home/yash/SGP_IV/gesture_ws/install/gesture_control/share/gesture_control/hook/pythonpath.dsv'
[10.761s] INFO:colcon.colcon_core.shell:Creating environment hook '/home/yash/SGP_IV/gesture_ws/install/gesture_control/share/gesture_control/hook/pythonpath.sh'
[10.767s] Level 1:colcon.colcon_core.environment:checking '/home/yash/SGP_IV/gesture_ws/install/gesture_control/bin'
[10.768s] Level 1:colcon.colcon_core.environment:create_environment_scripts_only(gesture_control)
[10.771s] INFO:colcon.colcon_core.shell:Creating package script '/home/yash/SGP_IV/gesture_ws/install/gesture_control/share/gesture_control/package.ps1'
[10.781s] INFO:colcon.colcon_core.shell:Creating package descriptor '/home/yash/SGP_IV/gesture_ws/install/gesture_control/share/gesture_control/package.dsv'
[10.786s] INFO:colcon.colcon_core.shell:Creating package script '/home/yash/SGP_IV/gesture_ws/install/gesture_control/share/gesture_control/package.sh'
[10.795s] INFO:colcon.colcon_core.shell:Creating package script '/home/yash/SGP_IV/gesture_ws/install/gesture_control/share/gesture_control/package.bash'
[10.799s] INFO:colcon.colcon_core.shell:Creating package script '/home/yash/SGP_IV/gesture_ws/install/gesture_control/share/gesture_control/package.zsh'
[10.805s] Level 1:colcon.colcon_core.environment:create_file_with_runtime_dependencies(/home/yash/SGP_IV/gesture_ws/install/gesture_control/share/colcon-core/packages/gesture_control)
[10.812s] INFO:colcon.colcon_ros.task.ament_cmake.build:Building ROS package in '/home/yash/SGP_IV/gesture_ws/src/niyantrak_description' with build type 'ament_cmake'
[10.815s] INFO:colcon.colcon_cmake.task.cmake.build:Building CMake package in '/home/yash/SGP_IV/gesture_ws/src/niyantrak_description'
[10.816s] INFO:colcon.colcon_core.shell:Skip shell extension 'powershell' for command environment: Not usable outside of PowerShell
[10.817s] DEBUG:colcon.colcon_core.shell:Skip shell extension 'dsv' for command environment
[10.954s] DEBUG:colcon.colcon_core.event_handler.log_command:Invoking command in '/home/yash/SGP_IV/gesture_ws/build/niyantrak_description': AMENT_PREFIX_PATH=/home/yash/SGP_IV/gesture_ws/install/gesture_control:/home/yash/bumperbot_ws/install/bumperbot_py_examples:/home/yash/bumperbot_ws/install/bumperbot_description:/home/yash/bumperbot_ws/install/bumperbot_cpp_examples:/home/yash/bumperbot_ws/install/bumperbot_controller:/home/yash/Agrobot/agri_ws/install/agribot_gazebo:/home/yash/Agrobot/agri_ws/install/agribot_description:/home/yash/Agrobot/agri_ws/install/agribot_control:/home/yash/tensor_ws/install/warehouse_sim:/home/yash/rl_ws/install/serp_rl:/home/yash/rl_ws/install/flatland:/home/yash/rl_ws/install/flatland_msgs:/home/yash/ros2_ws/install/my_robot_description:/home/yash/python_ws/install/my_robot_bringup:/home/yash/python_ws/install/turtlesim_catch_all:/home/yash/python_ws/install/my_py_pkg:/home/yash/python_ws/install/my_robot_interfaces:/home/yash/python_ws/install/my_cpp_pkg:/home/yash/skid_ws/install/ackerman:/home/yash/eyrc24_ws/install/ur_simulation_gazebo:/home/yash/eyrc24_ws/install/ur_moveit_config:/home/yash/eyrc24_ws/install/ur_description:/home/yash/eyrc24_ws/install/ur5_control:/home/yash/eyrc24_ws/install/realsense_gazebo_plugin:/home/yash/eyrc24_ws/install/pymoveit2:/home/yash/eyrc24_ws/install/linkattacher_msgs:/home/yash/eyrc24_ws/install/eyantra_warehouse:/home/yash/eyrc24_ws/install/ebot_nav2:/home/yash/eyrc24_ws/install/ebot_description:/home/yash/SGP_IV/gesture_ws/install/niyantrak_description:/opt/ros/humble CMAKE_PREFIX_PATH=${CMAKE_PREFIX_PATH}:/home/yash/bumperbot_ws/install/bumperbot_py_examples:/home/yash/tensor_ws/install/warehouse_sim:/home/yash/rl_ws/install/serp_rl:/home/yash/python_ws/install/turtlesim_catch_all:/home/yash/python_ws/install/my_py_pkg:/home/yash/skid_ws/install/ackerman:/home/yash/eyrc24_ws/install/ur5_control:/home/yash/SGP_IV/gesture_ws/install/gesture_control:/opt/ros/humble PYTHONPATH=/home/yash/SGP_IV/gesture_ws/build/gesture_control:/home/yash/SGP_IV/gesture_ws/install/gesture_control/lib/python3.10/site-packages:/home/yash/bumperbot_ws/build/bumperbot_py_examples:/home/yash/bumperbot_ws/install/bumperbot_py_examples/lib/python3.10/site-packages:/home/yash/Agrobot/agri_ws/build/perception_pkg:/home/yash/Agrobot/agri_ws/install/perception_pkg/lib/python3.10/site-packages:/home/yash/Agrobot/agri_ws/build/control_pkg:/home/yash/Agrobot/agri_ws/install/control_pkg/lib/python3.10/site-packages:/home/yash/tensor_ws/install/warehouse_sim/lib/python3.10/site-packages:/home/yash/rl_ws/install/serp_rl/lib/python3.10/site-packages:/home/yash/rl_ws/install/flatland_msgs/local/lib/python3.10/dist-packages:/home/yash/python_ws/install/turtlesim_catch_all/lib/python3.10/site-packages:/home/yash/python_ws/install/my_py_pkg/lib/python3.10/site-packages:/home/yash/python_ws/install/my_robot_interfaces/local/lib/python3.10/dist-packages:/home/yash/skid_ws/build/skid_pkg:/home/yash/skid_ws/install/skid_pkg/lib/python3.10/site-packages:/home/yash/skid_ws/build/ackerman:/home/yash/skid_ws/install/ackerman/lib/python3.10/site-packages:/home/yash/eyrc24_ws/build/ur5_control:/home/yash/eyrc24_ws/install/ur5_control/lib/python3.10/site-packages:/home/yash/eyrc24_ws/install/pymoveit2/local/lib/python3.10/dist-packages:/home/yash/eyrc24_ws/install/linkattacher_msgs/local/lib/python3.10/dist-packages:/opt/ros/humble/lib/python3.10/site-packages:/opt/ros/humble/local/lib/python3.10/dist-packages /usr/bin/cmake --build /home/yash/SGP_IV/gesture_ws/build/niyantrak_description -- -j8 -l8
[11.210s] DEBUG:colcon.colcon_core.event_handler.log_command:Invoked command in '/home/yash/SGP_IV/gesture_ws/build/niyantrak_description' returned '0': AMENT_PREFIX_PATH=/home/yash/SGP_IV/gesture_ws/install/gesture_control:/home/yash/bumperbot_ws/install/bumperbot_py_examples:/home/yash/bumperbot_ws/install/bumperbot_description:/home/yash/bumperbot_ws/install/bumperbot_cpp_examples:/home/yash/bumperbot_ws/install/bumperbot_controller:/home/yash/Agrobot/agri_ws/install/agribot_gazebo:/home/yash/Agrobot/agri_ws/install/agribot_description:/home/yash/Agrobot/agri_ws/install/agribot_control:/home/yash/tensor_ws/install/warehouse_sim:/home/yash/rl_ws/install/serp_rl:/home/yash/rl_ws/install/flatland:/home/yash/rl_ws/install/flatland_msgs:/home/yash/ros2_ws/install/my_robot_description:/home/yash/python_ws/install/my_robot_bringup:/home/yash/python_ws/install/turtlesim_catch_all:/home/yash/python_ws/install/my_py_pkg:/home/yash/python_ws/install/my_robot_interfaces:/home/yash/python_ws/install/my_cpp_pkg:/home/yash/skid_ws/install/ackerman:/home/yash/eyrc24_ws/install/ur_simulation_gazebo:/home/yash/eyrc24_ws/install/ur_moveit_config:/home/yash/eyrc24_ws/install/ur_description:/home/yash/eyrc24_ws/install/ur5_control:/home/yash/eyrc24_ws/install/realsense_gazebo_plugin:/home/yash/eyrc24_ws/install/pymoveit2:/home/yash/eyrc24_ws/install/linkattacher_msgs:/home/yash/eyrc24_ws/install/eyantra_warehouse:/home/yash/eyrc24_ws/install/ebot_nav2:/home/yash/eyrc24_ws/install/ebot_description:/home/yash/SGP_IV/gesture_ws/install/niyantrak_description:/opt/ros/humble CMAKE_PREFIX_PATH=${CMAKE_PREFIX_PATH}:/home/yash/bumperbot_ws/install/bumperbot_py_examples:/home/yash/tensor_ws/install/warehouse_sim:/home/yash/rl_ws/install/serp_rl:/home/yash/python_ws/install/turtlesim_catch_all:/home/yash/python_ws/install/my_py_pkg:/home/yash/skid_ws/install/ackerman:/home/yash/eyrc24_ws/install/ur5_control:/home/yash/SGP_IV/gesture_ws/install/gesture_control:/opt/ros/humble PYTHONPATH=/home/yash/SGP_IV/gesture_ws/build/gesture_control:/home/yash/SGP_IV/gesture_ws/install/gesture_control/lib/python3.10/site-packages:/home/yash/bumperbot_ws/build/bumperbot_py_examples:/home/yash/bumperbot_ws/install/bumperbot_py_examples/lib/python3.10/site-packages:/home/yash/Agrobot/agri_ws/build/perception_pkg:/home/yash/Agrobot/agri_ws/install/perception_pkg/lib/python3.10/site-packages:/home/yash/Agrobot/agri_ws/build/control_pkg:/home/yash/Agrobot/agri_ws/install/control_pkg/lib/python3.10/site-packages:/home/yash/tensor_ws/install/warehouse_sim/lib/python3.10/site-packages:/home/yash/rl_ws/install/serp_rl/lib/python3.10/site-packages:/home/yash/rl_ws/install/flatland_msgs/local/lib/python3.10/dist-packages:/home/yash/python_ws/install/turtlesim_catch_all/lib/python3.10/site-packages:/home/yash/python_ws/install/my_py_pkg/lib/python3.10/site-packages:/home/yash/python_ws/install/my_robot_interfaces/local/lib/python3.10/dist-packages:/home/yash/skid_ws/build/skid_pkg:/home/yash/skid_ws/install/skid_pkg/lib/python3.10/site-packages:/home/yash/skid_ws/build/ackerman:/home/yash/skid_ws/install/ackerman/lib/python3.10/site-packages:/home/yash/eyrc24_ws/build/ur5_control:/home/yash/eyrc24_ws/install/ur5_control/lib/python3.10/site-packages:/home/yash/eyrc24_ws/install/pymoveit2/local/lib/python3.10/dist-packages:/home/yash/eyrc24_ws/install/linkattacher_msgs/local/lib/python3.10/dist-packages:/opt/ros/humble/lib/python3.10/site-packages:/opt/ros/humble/local/lib/python3.10/dist-packages /usr/bin/cmake --build /home/yash/SGP_IV/gesture_ws/build/niyantrak_description -- -j8 -l8
[11.287s] DEBUG:colcon.colcon_core.event_handler.log_command:Invoking command in '/home/yash/SGP_IV/gesture_ws/build/niyantrak_description': AMENT_PREFIX_PATH=/home/yash/SGP_IV/gesture_ws/install/gesture_control:/home/yash/bumperbot_ws/install/bumperbot_py_examples:/home/yash/bumperbot_ws/install/bumperbot_description:/home/yash/bumperbot_ws/install/bumperbot_cpp_examples:/home/yash/bumperbot_ws/install/bumperbot_controller:/home/yash/Agrobot/agri_ws/install/agribot_gazebo:/home/yash/Agrobot/agri_ws/install/agribot_description:/home/yash/Agrobot/agri_ws/install/agribot_control:/home/yash/tensor_ws/install/warehouse_sim:/home/yash/rl_ws/install/serp_rl:/home/yash/rl_ws/install/flatland:/home/yash/rl_ws/install/flatland_msgs:/home/yash/ros2_ws/install/my_robot_description:/home/yash/python_ws/install/my_robot_bringup:/home/yash/python_ws/install/turtlesim_catch_all:/home/yash/python_ws/install/my_py_pkg:/home/yash/python_ws/install/my_robot_interfaces:/home/yash/python_ws/install/my_cpp_pkg:/home/yash/skid_ws/install/ackerman:/home/yash/eyrc24_ws/install/ur_simulation_gazebo:/home/yash/eyrc24_ws/install/ur_moveit_config:/home/yash/eyrc24_ws/install/ur_description:/home/yash/eyrc24_ws/install/ur5_control:/home/yash/eyrc24_ws/install/realsense_gazebo_plugin:/home/yash/eyrc24_ws/install/pymoveit2:/home/yash/eyrc24_ws/install/linkattacher_msgs:/home/yash/eyrc24_ws/install/eyantra_warehouse:/home/yash/eyrc24_ws/install/ebot_nav2:/home/yash/eyrc24_ws/install/ebot_description:/home/yash/SGP_IV/gesture_ws/install/niyantrak_description:/opt/ros/humble CMAKE_PREFIX_PATH=${CMAKE_PREFIX_PATH}:/home/yash/bumperbot_ws/install/bumperbot_py_examples:/home/yash/tensor_ws/install/warehouse_sim:/home/yash/rl_ws/install/serp_rl:/home/yash/python_ws/install/turtlesim_catch_all:/home/yash/python_ws/install/my_py_pkg:/home/yash/skid_ws/install/ackerman:/home/yash/eyrc24_ws/install/ur5_control:/home/yash/SGP_IV/gesture_ws/install/gesture_control:/opt/ros/humble PYTHONPATH=/home/yash/SGP_IV/gesture_ws/build/gesture_control:/home/yash/SGP_IV/gesture_ws/install/gesture_control/lib/python3.10/site-packages:/home/yash/bumperbot_ws/build/bumperbot_py_examples:/home/yash/bumperbot_ws/install/bumperbot_py_examples/lib/python3.10/site-packages:/home/yash/Agrobot/agri_ws/build/perception_pkg:/home/yash/Agrobot/agri_ws/install/perception_pkg/lib/python3.10/site-packages:/home/yash/Agrobot/agri_ws/build/control_pkg:/home/yash/Agrobot/agri_ws/install/control_pkg/lib/python3.10/site-packages:/home/yash/tensor_ws/install/warehouse_sim/lib/python3.10/site-packages:/home/yash/rl_ws/install/serp_rl/lib/python3.10/site-packages:/home/yash/rl_ws/install/flatland_msgs/local/lib/python3.10/dist-packages:/home/yash/python_ws/install/turtlesim_catch_all/lib/python3.10/site-packages:/home/yash/python_ws/install/my_py_pkg/lib/python3.10/site-packages:/home/yash/python_ws/install/my_robot_interfaces/local/lib/python3.10/dist-packages:/home/yash/skid_ws/build/skid_pkg:/home/yash/skid_ws/install/skid_pkg/lib/python3.10/site-packages:/home/yash/skid_ws/build/ackerman:/home/yash/skid_ws/install/ackerman/lib/python3.10/site-packages:/home/yash/eyrc24_ws/build/ur5_control:/home/yash/eyrc24_ws/install/ur5_control/lib/python3.10/site-packages:/home/yash/eyrc24_ws/install/pymoveit2/local/lib/python3.10/dist-packages:/home/yash/eyrc24_ws/install/linkattacher_msgs/local/lib/python3.10/dist-packages:/opt/ros/humble/lib/python3.10/site-packages:/opt/ros/humble/local/lib/python3.10/dist-packages /usr/bin/cmake --install /home/yash/SGP_IV/gesture_ws/build/niyantrak_description
[11.589s] Level 1:colcon.colcon_core.environment:create_environment_scripts_only(niyantrak_description)
[11.594s] Level 1:colcon.colcon_core.environment:checking '/home/yash/SGP_IV/gesture_ws/install/niyantrak_description' for CMake module files
[11.601s] Level 1:colcon.colcon_core.environment:checking '/home/yash/SGP_IV/gesture_ws/install/niyantrak_description' for CMake config files
[11.603s] Level 1:colcon.colcon_core.shell:create_environment_hook('niyantrak_description', 'cmake_prefix_path')
[11.605s] INFO:colcon.colcon_core.shell:Creating environment hook '/home/yash/SGP_IV/gesture_ws/install/niyantrak_description/share/niyantrak_description/hook/cmake_prefix_path.ps1'
[11.609s] DEBUG:colcon.colcon_core.event_handler.log_command:Invoked command in '/home/yash/SGP_IV/gesture_ws/build/niyantrak_description' returned '0': AMENT_PREFIX_PATH=/home/yash/SGP_IV/gesture_ws/install/gesture_control:/home/yash/bumperbot_ws/install/bumperbot_py_examples:/home/yash/bumperbot_ws/install/bumperbot_description:/home/yash/bumperbot_ws/install/bumperbot_cpp_examples:/home/yash/bumperbot_ws/install/bumperbot_controller:/home/yash/Agrobot/agri_ws/install/agribot_gazebo:/home/yash/Agrobot/agri_ws/install/agribot_description:/home/yash/Agrobot/agri_ws/install/agribot_control:/home/yash/tensor_ws/install/warehouse_sim:/home/yash/rl_ws/install/serp_rl:/home/yash/rl_ws/install/flatland:/home/yash/rl_ws/install/flatland_msgs:/home/yash/ros2_ws/install/my_robot_description:/home/yash/python_ws/install/my_robot_bringup:/home/yash/python_ws/install/turtlesim_catch_all:/home/yash/python_ws/install/my_py_pkg:/home/yash/python_ws/install/my_robot_interfaces:/home/yash/python_ws/install/my_cpp_pkg:/home/yash/skid_ws/install/ackerman:/home/yash/eyrc24_ws/install/ur_simulation_gazebo:/home/yash/eyrc24_ws/install/ur_moveit_config:/home/yash/eyrc24_ws/install/ur_description:/home/yash/eyrc24_ws/install/ur5_control:/home/yash/eyrc24_ws/install/realsense_gazebo_plugin:/home/yash/eyrc24_ws/install/pymoveit2:/home/yash/eyrc24_ws/install/linkattacher_msgs:/home/yash/eyrc24_ws/install/eyantra_warehouse:/home/yash/eyrc24_ws/install/ebot_nav2:/home/yash/eyrc24_ws/install/ebot_description:/home/yash/SGP_IV/gesture_ws/install/niyantrak_description:/opt/ros/humble CMAKE_PREFIX_PATH=${CMAKE_PREFIX_PATH}:/home/yash/bumperbot_ws/install/bumperbot_py_examples:/home/yash/tensor_ws/install/warehouse_sim:/home/yash/rl_ws/install/serp_rl:/home/yash/python_ws/install/turtlesim_catch_all:/home/yash/python_ws/install/my_py_pkg:/home/yash/skid_ws/install/ackerman:/home/yash/eyrc24_ws/install/ur5_control:/home/yash/SGP_IV/gesture_ws/install/gesture_control:/opt/ros/humble PYTHONPATH=/home/yash/SGP_IV/gesture_ws/build/gesture_control:/home/yash/SGP_IV/gesture_ws/install/gesture_control/lib/python3.10/site-packages:/home/yash/bumperbot_ws/build/bumperbot_py_examples:/home/yash/bumperbot_ws/install/bumperbot_py_examples/lib/python3.10/site-packages:/home/yash/Agrobot/agri_ws/build/perception_pkg:/home/yash/Agrobot/agri_ws/install/perception_pkg/lib/python3.10/site-packages:/home/yash/Agrobot/agri_ws/build/control_pkg:/home/yash/Agrobot/agri_ws/install/control_pkg/lib/python3.10/site-packages:/home/yash/tensor_ws/install/warehouse_sim/lib/python3.10/site-packages:/home/yash/rl_ws/install/serp_rl/lib/python3.10/site-packages:/home/yash/rl_ws/install/flatland_msgs/local/lib/python3.10/dist-packages:/home/yash/python_ws/install/turtlesim_catch_all/lib/python3.10/site-packages:/home/yash/python_ws/install/my_py_pkg/lib/python3.10/site-packages:/home/yash/python_ws/install/my_robot_interfaces/local/lib/python3.10/dist-packages:/home/yash/skid_ws/build/skid_pkg:/home/yash/skid_ws/install/skid_pkg/lib/python3.10/site-packages:/home/yash/skid_ws/build/ackerman:/home/yash/skid_ws/install/ackerman/lib/python3.10/site-packages:/home/yash/eyrc24_ws/build/ur5_control:/home/yash/eyrc24_ws/install/ur5_control/lib/python3.10/site-packages:/home/yash/eyrc24_ws/install/pymoveit2/local/lib/python3.10/dist-packages:/home/yash/eyrc24_ws/install/linkattacher_msgs/local/lib/python3.10/dist-packages:/opt/ros/humble/lib/python3.10/site-packages:/opt/ros/humble/local/lib/python3.10/dist-packages /usr/bin/cmake --install /home/yash/SGP_IV/gesture_ws/build/niyantrak_description
[11.613s] INFO:colcon.colcon_core.shell:Creating environment descriptor '/home/yash/SGP_IV/gesture_ws/install/niyantrak_description/share/niyantrak_description/hook/cmake_prefix_path.dsv'
[11.615s] INFO:colcon.colcon_core.shell:Creating environment hook '/home/yash/SGP_IV/gesture_ws/install/niyantrak_description/share/niyantrak_description/hook/cmake_prefix_path.sh'
[11.618s] Level 1:colcon.colcon_core.environment:checking '/home/yash/SGP_IV/gesture_ws/install/niyantrak_description/bin'
[11.618s] Level 1:colcon.colcon_core.environment:checking '/home/yash/SGP_IV/gesture_ws/install/niyantrak_description/lib/pkgconfig/niyantrak_description.pc'
[11.620s] Level 1:colcon.colcon_core.environment:checking '/home/yash/SGP_IV/gesture_ws/install/niyantrak_description/lib/python3.10/site-packages'
[11.621s] Level 1:colcon.colcon_core.environment:checking '/home/yash/SGP_IV/gesture_ws/install/niyantrak_description/bin'
[11.624s] INFO:colcon.colcon_core.shell:Creating package script '/home/yash/SGP_IV/gesture_ws/install/niyantrak_description/share/niyantrak_description/package.ps1'
[11.628s] INFO:colcon.colcon_core.shell:Creating package descriptor '/home/yash/SGP_IV/gesture_ws/install/niyantrak_description/share/niyantrak_description/package.dsv'
[11.633s] INFO:colcon.colcon_core.shell:Creating package script '/home/yash/SGP_IV/gesture_ws/install/niyantrak_description/share/niyantrak_description/package.sh'
[11.636s] INFO:colcon.colcon_core.shell:Creating package script '/home/yash/SGP_IV/gesture_ws/install/niyantrak_description/share/niyantrak_description/package.bash'
[11.639s] INFO:colcon.colcon_core.shell:Creating package script '/home/yash/SGP_IV/gesture_ws/install/niyantrak_description/share/niyantrak_description/package.zsh'
[11.643s] Level 1:colcon.colcon_core.environment:create_file_with_runtime_dependencies(/home/yash/SGP_IV/gesture_ws/install/niyantrak_description/share/colcon-core/packages/niyantrak_description)
[11.646s] Level 1:colcon.colcon_core.environment:create_environment_scripts_only(niyantrak_description)
[11.649s] Level 1:colcon.colcon_core.environment:checking '/home/yash/SGP_IV/gesture_ws/install/niyantrak_description' for CMake module files
[11.653s] Level 1:colcon.colcon_core.environment:checking '/home/yash/SGP_IV/gesture_ws/install/niyantrak_description' for CMake config files
[11.654s] Level 1:colcon.colcon_core.shell:create_environment_hook('niyantrak_description', 'cmake_prefix_path')
[11.655s] INFO:colcon.colcon_core.shell:Creating environment hook '/home/yash/SGP_IV/gesture_ws/install/niyantrak_description/share/niyantrak_description/hook/cmake_prefix_path.ps1'
[11.659s] INFO:colcon.colcon_core.shell:Creating environment descriptor '/home/yash/SGP_IV/gesture_ws/install/niyantrak_description/share/niyantrak_description/hook/cmake_prefix_path.dsv'
[11.661s] INFO:colcon.colcon_core.shell:Creating environment hook '/home/yash/SGP_IV/gesture_ws/install/niyantrak_description/share/niyantrak_description/hook/cmake_prefix_path.sh'
[11.664s] Level 1:colcon.colcon_core.environment:checking '/home/yash/SGP_IV/gesture_ws/install/niyantrak_description/bin'
[11.665s] Level 1:colcon.colcon_core.environment:checking '/home/yash/SGP_IV/gesture_ws/install/niyantrak_description/lib/pkgconfig/niyantrak_description.pc'
[11.667s] Level 1:colcon.colcon_core.environment:checking '/home/yash/SGP_IV/gesture_ws/install/niyantrak_description/lib/python3.10/site-packages'
[11.668s] Level 1:colcon.colcon_core.environment:checking '/home/yash/SGP_IV/gesture_ws/install/niyantrak_description/bin'
[11.670s] INFO:colcon.colcon_core.shell:Creating package script '/home/yash/SGP_IV/gesture_ws/install/niyantrak_description/share/niyantrak_description/package.ps1'
[11.673s] INFO:colcon.colcon_core.shell:Creating package descriptor '/home/yash/SGP_IV/gesture_ws/install/niyantrak_description/share/niyantrak_description/package.dsv'
[11.676s] INFO:colcon.colcon_core.shell:Creating package script '/home/yash/SGP_IV/gesture_ws/install/niyantrak_description/share/niyantrak_description/package.sh'
[11.680s] INFO:colcon.colcon_core.shell:Creating package script '/home/yash/SGP_IV/gesture_ws/install/niyantrak_description/share/niyantrak_description/package.bash'
[11.686s] INFO:colcon.colcon_core.shell:Creating package script '/home/yash/SGP_IV/gesture_ws/install/niyantrak_description/share/niyantrak_description/package.zsh'
[11.691s] Level 1:colcon.colcon_core.environment:create_file_with_runtime_dependencies(/home/yash/SGP_IV/gesture_ws/install/niyantrak_description/share/colcon-core/packages/niyantrak_description)
[11.693s] DEBUG:colcon.colcon_parallel_executor.executor.parallel:closing loop
[11.695s] DEBUG:colcon.colcon_parallel_executor.executor.parallel:loop closed
[11.696s] DEBUG:colcon.colcon_parallel_executor.executor.parallel:run_until_complete finished with '0'
[11.697s] DEBUG:colcon.colcon_core.event_reactor:joining thread
[11.736s] INFO:colcon.colcon_core.plugin_system:Skipping extension 'colcon_notification.desktop_notification.terminal_notifier': Not used on non-Darwin systems
[11.737s] INFO:colcon.colcon_core.plugin_system:Skipping extension 'colcon_notification.desktop_notification.win32': Not used on non-Windows systems
[11.737s] INFO:colcon.colcon_notification.desktop_notification:Sending desktop notification using 'notify2'
[11.811s] DEBUG:colcon.colcon_core.event_reactor:joined thread
[11.814s] INFO:colcon.colcon_core.shell:Creating prefix script '/home/yash/SGP_IV/gesture_ws/install/local_setup.ps1'
[11.821s] INFO:colcon.colcon_core.shell:Creating prefix util module '/home/yash/SGP_IV/gesture_ws/install/_local_setup_util_ps1.py'
[11.834s] INFO:colcon.colcon_core.shell:Creating prefix chain script '/home/yash/SGP_IV/gesture_ws/install/setup.ps1'
[11.851s] INFO:colcon.colcon_core.shell:Creating prefix script '/home/yash/SGP_IV/gesture_ws/install/local_setup.sh'
[11.856s] INFO:colcon.colcon_core.shell:Creating prefix util module '/home/yash/SGP_IV/gesture_ws/install/_local_setup_util_sh.py'
[11.863s] INFO:colcon.colcon_core.shell:Creating prefix chain script '/home/yash/SGP_IV/gesture_ws/install/setup.sh'
[11.884s] INFO:colcon.colcon_core.shell:Creating prefix script '/home/yash/SGP_IV/gesture_ws/install/local_setup.bash'
[11.890s] INFO:colcon.colcon_core.shell:Creating prefix chain script '/home/yash/SGP_IV/gesture_ws/install/setup.bash'
[11.904s] INFO:colcon.colcon_core.shell:Creating prefix script '/home/yash/SGP_IV/gesture_ws/install/local_setup.zsh'
[11.908s] INFO:colcon.colcon_core.shell:Creating prefix chain script '/home/yash/SGP_IV/gesture_ws/install/setup.zsh'
