[0.049s] Invoking command in '/home/yash/SGP_IV/gesture_ws/build/niyantrak_description': CMAKE_PREFIX_PATH=${CMAKE_PREFIX_PATH}:/home/yash/python_ws/install/turtlesim_catch_all:/home/yash/python_ws/install/my_py_pkg:/home/yash/SGP_IV/gesture_ws/install/gesture_control:/home/yash/tensor_ws/install/warehouse_sim:/home/yash/rl_ws/install/serp_rl:/home/yash/skid_ws/install/ackerman:/home/yash/eyrc24_ws/install/ur5_control:/opt/ros/humble /usr/bin/cmake /home/yash/SGP_IV/gesture_ws/src/niyantrak_description -DCMAKE_INSTALL_PREFIX=/home/yash/SGP_IV/gesture_ws/install/niyantrak_description
[0.098s] -- Found ament_cmake: 1.3.11 (/opt/ros/humble/share/ament_cmake/cmake)
[0.509s] -- Override CMake install command with custom implementation using symlinks instead of copying resources
[0.775s] -- Configuring done
[0.784s] -- Generating done
[0.789s] -- Build files have been written to: /home/yash/SGP_IV/gesture_ws/build/niyantrak_description
[0.796s] Invoked command in '/home/yash/SGP_IV/gesture_ws/build/niyantrak_description' returned '0': CMAKE_PREFIX_PATH=${CMAKE_PREFIX_PATH}:/home/yash/python_ws/install/turtlesim_catch_all:/home/yash/python_ws/install/my_py_pkg:/home/yash/SGP_IV/gesture_ws/install/gesture_control:/home/yash/tensor_ws/install/warehouse_sim:/home/yash/rl_ws/install/serp_rl:/home/yash/skid_ws/install/ackerman:/home/yash/eyrc24_ws/install/ur5_control:/opt/ros/humble /usr/bin/cmake /home/yash/SGP_IV/gesture_ws/src/niyantrak_description -DCMAKE_INSTALL_PREFIX=/home/yash/SGP_IV/gesture_ws/install/niyantrak_description
[0.802s] Invoking command in '/home/yash/SGP_IV/gesture_ws/build/niyantrak_description': CMAKE_PREFIX_PATH=${CMAKE_PREFIX_PATH}:/home/yash/python_ws/install/turtlesim_catch_all:/home/yash/python_ws/install/my_py_pkg:/home/yash/SGP_IV/gesture_ws/install/gesture_control:/home/yash/tensor_ws/install/warehouse_sim:/home/yash/rl_ws/install/serp_rl:/home/yash/skid_ws/install/ackerman:/home/yash/eyrc24_ws/install/ur5_control:/opt/ros/humble /usr/bin/cmake --build /home/yash/SGP_IV/gesture_ws/build/niyantrak_description -- -j8 -l8
[0.920s] Invoked command in '/home/yash/SGP_IV/gesture_ws/build/niyantrak_description' returned '0': CMAKE_PREFIX_PATH=${CMAKE_PREFIX_PATH}:/home/yash/python_ws/install/turtlesim_catch_all:/home/yash/python_ws/install/my_py_pkg:/home/yash/SGP_IV/gesture_ws/install/gesture_control:/home/yash/tensor_ws/install/warehouse_sim:/home/yash/rl_ws/install/serp_rl:/home/yash/skid_ws/install/ackerman:/home/yash/eyrc24_ws/install/ur5_control:/opt/ros/humble /usr/bin/cmake --build /home/yash/SGP_IV/gesture_ws/build/niyantrak_description -- -j8 -l8
[0.954s] Invoking command in '/home/yash/SGP_IV/gesture_ws/build/niyantrak_description': CMAKE_PREFIX_PATH=${CMAKE_PREFIX_PATH}:/home/yash/python_ws/install/turtlesim_catch_all:/home/yash/python_ws/install/my_py_pkg:/home/yash/SGP_IV/gesture_ws/install/gesture_control:/home/yash/tensor_ws/install/warehouse_sim:/home/yash/rl_ws/install/serp_rl:/home/yash/skid_ws/install/ackerman:/home/yash/eyrc24_ws/install/ur5_control:/opt/ros/humble /usr/bin/cmake --install /home/yash/SGP_IV/gesture_ws/build/niyantrak_description
[0.980s] -- Install configuration: ""
[0.982s] -- Execute custom install script
[0.993s] -- Up-to-date symlink: /home/yash/SGP_IV/gesture_ws/install/niyantrak_description/share/niyantrak_description//urdf/4wheel.urdf.xacro
[0.994s] -- Up-to-date symlink: /home/yash/SGP_IV/gesture_ws/install/niyantrak_description/share/niyantrak_description//urdf/camera.xacro
[0.995s] -- Up-to-date symlink: /home/yash/SGP_IV/gesture_ws/install/niyantrak_description/share/niyantrak_description//urdf/diff_drive.xacro
[0.996s] -- Up-to-date symlink: /home/yash/SGP_IV/gesture_ws/install/niyantrak_description/share/niyantrak_description//urdf/lidar.xacro
[0.997s] -- Up-to-date symlink: /home/yash/SGP_IV/gesture_ws/install/niyantrak_description/share/niyantrak_description//launch/display.launch.py
[0.998s] -- Up-to-date symlink: /home/yash/SGP_IV/gesture_ws/install/niyantrak_description/share/niyantrak_description//rviz/urdf.rviz
[0.999s] -- Up-to-date symlink: /home/yash/SGP_IV/gesture_ws/install/niyantrak_description/share/niyantrak_description//world/charusat.world
[1.000s] -- Symlinking: /home/yash/SGP_IV/gesture_ws/install/niyantrak_description/share/niyantrak_description//world/charusat/boundry/model.config
[1.027s] -- Symlinking: /home/yash/SGP_IV/gesture_ws/install/niyantrak_description/share/niyantrak_description//world/charusat/boundry/model.sdf
[1.056s] -- Symlinking: /home/yash/SGP_IV/gesture_ws/install/niyantrak_description/share/niyantrak_description//world/charusat/model.config
[1.088s] -- Symlinking: /home/yash/SGP_IV/gesture_ws/install/niyantrak_description/share/niyantrak_description//world/charusat/model.sdf
[1.118s] -- Symlinking: /home/yash/SGP_IV/gesture_ws/install/niyantrak_description/share/niyantrak_description//world/test_world.world
[1.158s] -- Up-to-date symlink: /home/yash/SGP_IV/gesture_ws/install/niyantrak_description/share/niyantrak_description//config/gazebo_params.yaml
[1.159s] -- Up-to-date symlink: /home/yash/SGP_IV/gesture_ws/install/niyantrak_description/share/ament_index/resource_index/package_run_dependencies/niyantrak_description
[1.161s] -- Up-to-date symlink: /home/yash/SGP_IV/gesture_ws/install/niyantrak_description/share/ament_index/resource_index/parent_prefix_path/niyantrak_description
[1.162s] -- Up-to-date symlink: /home/yash/SGP_IV/gesture_ws/install/niyantrak_description/share/niyantrak_description/environment/ament_prefix_path.sh
[1.162s] -- Up-to-date symlink: /home/yash/SGP_IV/gesture_ws/install/niyantrak_description/share/niyantrak_description/environment/ament_prefix_path.dsv
[1.163s] -- Up-to-date symlink: /home/yash/SGP_IV/gesture_ws/install/niyantrak_description/share/niyantrak_description/environment/path.sh
[1.164s] -- Up-to-date symlink: /home/yash/SGP_IV/gesture_ws/install/niyantrak_description/share/niyantrak_description/environment/path.dsv
[1.165s] -- Up-to-date symlink: /home/yash/SGP_IV/gesture_ws/install/niyantrak_description/share/niyantrak_description/local_setup.bash
[1.166s] -- Up-to-date symlink: /home/yash/SGP_IV/gesture_ws/install/niyantrak_description/share/niyantrak_description/local_setup.sh
[1.167s] -- Up-to-date symlink: /home/yash/SGP_IV/gesture_ws/install/niyantrak_description/share/niyantrak_description/local_setup.zsh
[1.168s] -- Up-to-date symlink: /home/yash/SGP_IV/gesture_ws/install/niyantrak_description/share/niyantrak_description/local_setup.dsv
[1.169s] -- Symlinking: /home/yash/SGP_IV/gesture_ws/install/niyantrak_description/share/niyantrak_description/package.dsv
[1.199s] -- Up-to-date symlink: /home/yash/SGP_IV/gesture_ws/install/niyantrak_description/share/ament_index/resource_index/packages/niyantrak_description
[1.200s] -- Up-to-date symlink: /home/yash/SGP_IV/gesture_ws/install/niyantrak_description/share/niyantrak_description/cmake/niyantrak_descriptionConfig.cmake
[1.201s] -- Up-to-date symlink: /home/yash/SGP_IV/gesture_ws/install/niyantrak_description/share/niyantrak_description/cmake/niyantrak_descriptionConfig-version.cmake
[1.202s] -- Up-to-date symlink: /home/yash/SGP_IV/gesture_ws/install/niyantrak_description/share/niyantrak_description/package.xml
[1.208s] Invoked command in '/home/yash/SGP_IV/gesture_ws/build/niyantrak_description' returned '0': CMAKE_PREFIX_PATH=${CMAKE_PREFIX_PATH}:/home/yash/python_ws/install/turtlesim_catch_all:/home/yash/python_ws/install/my_py_pkg:/home/yash/SGP_IV/gesture_ws/install/gesture_control:/home/yash/tensor_ws/install/warehouse_sim:/home/yash/rl_ws/install/serp_rl:/home/yash/skid_ws/install/ackerman:/home/yash/eyrc24_ws/install/ur5_control:/opt/ros/humble /usr/bin/cmake --install /home/yash/SGP_IV/gesture_ws/build/niyantrak_description
