[0.662s] DEBUG:colcon:Command line arguments: ['/usr/bin/colcon', 'build']
[0.663s] DEBUG:colcon:Parsed command line arguments: Namespace(log_base=None, log_level=None, verb_name='build', build_base='build', install_base='install', merge_install=False, symlink_install=False, test_result_base=None, continue_on_error=False, executor='parallel', parallel_workers=8, event_handlers=None, ignore_user_meta=False, metas=['./colcon.meta'], base_paths=['.'], packages_ignore=None, packages_ignore_regex=None, paths=None, packages_up_to=None, packages_up_to_regex=None, packages_above=None, packages_above_and_dependencies=None, packages_above_depth=None, packages_select_by_dep=None, packages_skip_by_dep=None, packages_skip_up_to=None, packages_select_build_failed=False, packages_skip_build_finished=False, packages_select_test_failures=False, packages_skip_test_passed=False, packages_select=None, packages_skip=None, packages_select_regex=None, packages_skip_regex=None, packages_start=None, packages_end=None, allow_overriding=[], cmake_args=None, cmake_target=None, cmake_target_skip_unavailable=False, cmake_clean_cache=False, cmake_clean_first=False, cmake_force_configure=False, ament_cmake_args=None, catkin_cmake_args=None, catkin_skip_building_tests=False, mixin_files=None, mixin=None, verb_parser=<colcon_mixin.mixin.mixin_argument.MixinArgumentDecorator object at 0x73ded9ad4d60>, verb_extension=<colcon_core.verb.build.BuildVerb object at 0x73ded9be1ba0>, main=<bound method BuildVerb.main of <colcon_core.verb.build.BuildVerb object at 0x73ded9be1ba0>>, mixin_verb=('build',))
[2.149s] Level 1:colcon.colcon_core.package_discovery:discover_packages(colcon_meta) check parameters
[2.149s] Level 1:colcon.colcon_core.package_discovery:discover_packages(recursive) check parameters
[2.149s] Level 1:colcon.colcon_core.package_discovery:discover_packages(ignore) check parameters
[2.150s] Level 1:colcon.colcon_core.package_discovery:discover_packages(path) check parameters
[2.150s] Level 1:colcon.colcon_core.package_discovery:discover_packages(colcon_meta) discover
[2.150s] Level 1:colcon.colcon_core.package_discovery:discover_packages(recursive) discover
[2.150s] INFO:colcon.colcon_core.package_discovery:Crawling recursively for packages in '/home/yash/SGP_IV/gesture_ws'
[2.151s] Level 1:colcon.colcon_core.package_identification:_identify(.) by extensions ['ignore', 'ignore_ament_install']
[2.151s] Level 1:colcon.colcon_core.package_identification:_identify(.) by extension 'ignore'
[2.151s] Level 1:colcon.colcon_core.package_identification:_identify(.) by extension 'ignore_ament_install'
[2.152s] Level 1:colcon.colcon_core.package_identification:_identify(.) by extensions ['colcon_pkg']
[2.152s] Level 1:colcon.colcon_core.package_identification:_identify(.) by extension 'colcon_pkg'
[2.152s] Level 1:colcon.colcon_core.package_identification:_identify(.) by extensions ['colcon_meta']
[2.153s] Level 1:colcon.colcon_core.package_identification:_identify(.) by extension 'colcon_meta'
[2.153s] Level 1:colcon.colcon_core.package_identification:_identify(.) by extensions ['ros']
[2.153s] Level 1:colcon.colcon_core.package_identification:_identify(.) by extension 'ros'
[2.216s] Level 1:colcon.colcon_core.package_identification:_identify(.) by extensions ['cmake', 'python']
[2.216s] Level 1:colcon.colcon_core.package_identification:_identify(.) by extension 'cmake'
[2.216s] Level 1:colcon.colcon_core.package_identification:_identify(.) by extension 'python'
[2.217s] Level 1:colcon.colcon_core.package_identification:_identify(.) by extensions ['python_setup_py']
[2.217s] Level 1:colcon.colcon_core.package_identification:_identify(.) by extension 'python_setup_py'
[2.217s] Level 1:colcon.colcon_core.package_identification:_identify(build) by extensions ['ignore', 'ignore_ament_install']
[2.218s] Level 1:colcon.colcon_core.package_identification:_identify(build) by extension 'ignore'
[2.218s] Level 1:colcon.colcon_core.package_identification:_identify(build) ignored
[2.219s] Level 1:colcon.colcon_core.package_identification:_identify(install) by extensions ['ignore', 'ignore_ament_install']
[2.220s] Level 1:colcon.colcon_core.package_identification:_identify(install) by extension 'ignore'
[2.220s] Level 1:colcon.colcon_core.package_identification:_identify(install) ignored
[2.221s] Level 1:colcon.colcon_core.package_identification:_identify(log) by extensions ['ignore', 'ignore_ament_install']
[2.221s] Level 1:colcon.colcon_core.package_identification:_identify(log) by extension 'ignore'
[2.221s] Level 1:colcon.colcon_core.package_identification:_identify(log) ignored
[2.222s] Level 1:colcon.colcon_core.package_identification:_identify(src) by extensions ['ignore', 'ignore_ament_install']
[2.222s] Level 1:colcon.colcon_core.package_identification:_identify(src) by extension 'ignore'
[2.222s] Level 1:colcon.colcon_core.package_identification:_identify(src) by extension 'ignore_ament_install'
[2.223s] Level 1:colcon.colcon_core.package_identification:_identify(src) by extensions ['colcon_pkg']
[2.223s] Level 1:colcon.colcon_core.package_identification:_identify(src) by extension 'colcon_pkg'
[2.223s] Level 1:colcon.colcon_core.package_identification:_identify(src) by extensions ['colcon_meta']
[2.223s] Level 1:colcon.colcon_core.package_identification:_identify(src) by extension 'colcon_meta'
[2.223s] Level 1:colcon.colcon_core.package_identification:_identify(src) by extensions ['ros']
[2.223s] Level 1:colcon.colcon_core.package_identification:_identify(src) by extension 'ros'
[2.224s] Level 1:colcon.colcon_core.package_identification:_identify(src) by extensions ['cmake', 'python']
[2.224s] Level 1:colcon.colcon_core.package_identification:_identify(src) by extension 'cmake'
[2.224s] Level 1:colcon.colcon_core.package_identification:_identify(src) by extension 'python'
[2.224s] Level 1:colcon.colcon_core.package_identification:_identify(src) by extensions ['python_setup_py']
[2.225s] Level 1:colcon.colcon_core.package_identification:_identify(src) by extension 'python_setup_py'
[2.225s] Level 1:colcon.colcon_core.package_identification:_identify(src/gesture_control) by extensions ['ignore', 'ignore_ament_install']
[2.226s] Level 1:colcon.colcon_core.package_identification:_identify(src/gesture_control) by extension 'ignore'
[2.226s] Level 1:colcon.colcon_core.package_identification:_identify(src/gesture_control) by extension 'ignore_ament_install'
[2.226s] Level 1:colcon.colcon_core.package_identification:_identify(src/gesture_control) by extensions ['colcon_pkg']
[2.226s] Level 1:colcon.colcon_core.package_identification:_identify(src/gesture_control) by extension 'colcon_pkg'
[2.226s] Level 1:colcon.colcon_core.package_identification:_identify(src/gesture_control) by extensions ['colcon_meta']
[2.227s] Level 1:colcon.colcon_core.package_identification:_identify(src/gesture_control) by extension 'colcon_meta'
[2.227s] Level 1:colcon.colcon_core.package_identification:_identify(src/gesture_control) by extensions ['ros']
[2.227s] Level 1:colcon.colcon_core.package_identification:_identify(src/gesture_control) by extension 'ros'
[2.242s] DEBUG:colcon.colcon_core.package_identification:Package 'src/gesture_control' with type 'ros.ament_python' and name 'gesture_control'
[2.243s] Level 1:colcon.colcon_core.package_identification:_identify(src/niyantrak_description) by extensions ['ignore', 'ignore_ament_install']
[2.243s] Level 1:colcon.colcon_core.package_identification:_identify(src/niyantrak_description) by extension 'ignore'
[2.244s] Level 1:colcon.colcon_core.package_identification:_identify(src/niyantrak_description) by extension 'ignore_ament_install'
[2.244s] Level 1:colcon.colcon_core.package_identification:_identify(src/niyantrak_description) by extensions ['colcon_pkg']
[2.244s] Level 1:colcon.colcon_core.package_identification:_identify(src/niyantrak_description) by extension 'colcon_pkg'
[2.244s] Level 1:colcon.colcon_core.package_identification:_identify(src/niyantrak_description) by extensions ['colcon_meta']
[2.245s] Level 1:colcon.colcon_core.package_identification:_identify(src/niyantrak_description) by extension 'colcon_meta'
[2.245s] Level 1:colcon.colcon_core.package_identification:_identify(src/niyantrak_description) by extensions ['ros']
[2.245s] Level 1:colcon.colcon_core.package_identification:_identify(src/niyantrak_description) by extension 'ros'
[2.248s] DEBUG:colcon.colcon_core.package_identification:Package 'src/niyantrak_description' with type 'ros.ament_cmake' and name 'niyantrak_description'
[2.248s] Level 1:colcon.colcon_core.package_discovery:discover_packages(recursive) using defaults
[2.248s] Level 1:colcon.colcon_core.package_discovery:discover_packages(ignore) discover
[2.248s] Level 1:colcon.colcon_core.package_discovery:discover_packages(ignore) using defaults
[2.248s] Level 1:colcon.colcon_core.package_discovery:discover_packages(path) discover
[2.249s] Level 1:colcon.colcon_core.package_discovery:discover_packages(path) using defaults
[2.361s] Level 1:colcon.colcon_core.package_discovery:discover_packages(prefix_path) check parameters
[2.361s] Level 1:colcon.colcon_core.package_discovery:discover_packages(prefix_path) discover
[2.378s] DEBUG:colcon.colcon_installed_package_information.package_discovery:Found 4 installed packages in /home/yash/bumperbot_ws/install
[2.380s] DEBUG:colcon.colcon_installed_package_information.package_discovery:Found 2 installed packages in /home/yash/SGP_IV/gesture_ws/install
[2.383s] DEBUG:colcon.colcon_installed_package_information.package_discovery:Found 5 installed packages in /home/yash/Agrobot/agri_ws/install
[2.385s] DEBUG:colcon.colcon_installed_package_information.package_discovery:Found 1 installed packages in /home/yash/tensor_ws/install
[2.388s] DEBUG:colcon.colcon_installed_package_information.package_discovery:Found 4 installed packages in /home/yash/rl_ws/install
[2.390s] DEBUG:colcon.colcon_installed_package_information.package_discovery:Found 1 installed packages in /home/yash/ros2_ws/install
[2.392s] DEBUG:colcon.colcon_installed_package_information.package_discovery:Found 5 installed packages in /home/yash/python_ws/install
[2.394s] DEBUG:colcon.colcon_installed_package_information.package_discovery:Found 2 installed packages in /home/yash/skid_ws/install
[2.398s] DEBUG:colcon.colcon_installed_package_information.package_discovery:Found 10 installed packages in /home/yash/eyrc24_ws/install
[2.410s] DEBUG:colcon.colcon_installed_package_information.package_discovery:Found 519 installed packages in /opt/ros/humble
[2.425s] Level 1:colcon.colcon_core.package_discovery:discover_packages(prefix_path) using defaults
[2.786s] Level 5:colcon.colcon_core.verb:set package 'gesture_control' build argument 'cmake_args' from command line to 'None'
[2.786s] Level 5:colcon.colcon_core.verb:set package 'gesture_control' build argument 'cmake_target' from command line to 'None'
[2.786s] Level 5:colcon.colcon_core.verb:set package 'gesture_control' build argument 'cmake_target_skip_unavailable' from command line to 'False'
[2.786s] Level 5:colcon.colcon_core.verb:set package 'gesture_control' build argument 'cmake_clean_cache' from command line to 'False'
[2.787s] Level 5:colcon.colcon_core.verb:set package 'gesture_control' build argument 'cmake_clean_first' from command line to 'False'
[2.787s] Level 5:colcon.colcon_core.verb:set package 'gesture_control' build argument 'cmake_force_configure' from command line to 'False'
[2.787s] Level 5:colcon.colcon_core.verb:set package 'gesture_control' build argument 'ament_cmake_args' from command line to 'None'
[2.787s] Level 5:colcon.colcon_core.verb:set package 'gesture_control' build argument 'catkin_cmake_args' from command line to 'None'
[2.787s] Level 5:colcon.colcon_core.verb:set package 'gesture_control' build argument 'catkin_skip_building_tests' from command line to 'False'
[2.787s] DEBUG:colcon.colcon_core.verb:Building package 'gesture_control' with the following arguments: {'ament_cmake_args': None, 'build_base': '/home/yash/SGP_IV/gesture_ws/build/gesture_control', 'catkin_cmake_args': None, 'catkin_skip_building_tests': False, 'cmake_args': None, 'cmake_clean_cache': False, 'cmake_clean_first': False, 'cmake_force_configure': False, 'cmake_target': None, 'cmake_target_skip_unavailable': False, 'install_base': '/home/yash/SGP_IV/gesture_ws/install/gesture_control', 'merge_install': False, 'path': '/home/yash/SGP_IV/gesture_ws/src/gesture_control', 'symlink_install': False, 'test_result_base': None}
[2.789s] Level 5:colcon.colcon_core.verb:set package 'niyantrak_description' build argument 'cmake_args' from command line to 'None'
[2.789s] Level 5:colcon.colcon_core.verb:set package 'niyantrak_description' build argument 'cmake_target' from command line to 'None'
[2.790s] Level 5:colcon.colcon_core.verb:set package 'niyantrak_description' build argument 'cmake_target_skip_unavailable' from command line to 'False'
[2.790s] Level 5:colcon.colcon_core.verb:set package 'niyantrak_description' build argument 'cmake_clean_cache' from command line to 'False'
[2.790s] Level 5:colcon.colcon_core.verb:set package 'niyantrak_description' build argument 'cmake_clean_first' from command line to 'False'
[2.790s] Level 5:colcon.colcon_core.verb:set package 'niyantrak_description' build argument 'cmake_force_configure' from command line to 'False'
[2.790s] Level 5:colcon.colcon_core.verb:set package 'niyantrak_description' build argument 'ament_cmake_args' from command line to 'None'
[2.790s] Level 5:colcon.colcon_core.verb:set package 'niyantrak_description' build argument 'catkin_cmake_args' from command line to 'None'
[2.790s] Level 5:colcon.colcon_core.verb:set package 'niyantrak_description' build argument 'catkin_skip_building_tests' from command line to 'False'
[2.791s] DEBUG:colcon.colcon_core.verb:Building package 'niyantrak_description' with the following arguments: {'ament_cmake_args': None, 'build_base': '/home/yash/SGP_IV/gesture_ws/build/niyantrak_description', 'catkin_cmake_args': None, 'catkin_skip_building_tests': False, 'cmake_args': None, 'cmake_clean_cache': False, 'cmake_clean_first': False, 'cmake_force_configure': False, 'cmake_target': None, 'cmake_target_skip_unavailable': False, 'install_base': '/home/yash/SGP_IV/gesture_ws/install/niyantrak_description', 'merge_install': False, 'path': '/home/yash/SGP_IV/gesture_ws/src/niyantrak_description', 'symlink_install': False, 'test_result_base': None}
[2.791s] INFO:colcon.colcon_core.executor:Executing jobs using 'parallel' executor
[2.794s] DEBUG:colcon.colcon_parallel_executor.executor.parallel:run_until_complete
[2.795s] INFO:colcon.colcon_ros.task.ament_python.build:Building ROS package in '/home/yash/SGP_IV/gesture_ws/src/gesture_control' with build type 'ament_python'
[2.796s] Level 1:colcon.colcon_core.shell:create_environment_hook('gesture_control', 'ament_prefix_path')
[2.811s] INFO:colcon.colcon_core.plugin_system:Skipping extension 'colcon_core.shell.bat': Not used on non-Windows systems
[2.812s] INFO:colcon.colcon_core.shell:Creating environment hook '/home/yash/SGP_IV/gesture_ws/install/gesture_control/share/gesture_control/hook/ament_prefix_path.ps1'
[2.815s] INFO:colcon.colcon_core.shell:Creating environment descriptor '/home/yash/SGP_IV/gesture_ws/install/gesture_control/share/gesture_control/hook/ament_prefix_path.dsv'
[2.818s] INFO:colcon.colcon_core.shell:Creating environment hook '/home/yash/SGP_IV/gesture_ws/install/gesture_control/share/gesture_control/hook/ament_prefix_path.sh'
[2.823s] INFO:colcon.colcon_core.shell:Skip shell extension 'powershell' for command environment: Not usable outside of PowerShell
[2.823s] DEBUG:colcon.colcon_core.shell:Skip shell extension 'dsv' for command environment
[4.696s] INFO:colcon.colcon_core.task.python.build:Building Python package in '/home/yash/SGP_IV/gesture_ws/src/gesture_control'
[4.697s] INFO:colcon.colcon_core.shell:Skip shell extension 'powershell' for command environment: Not usable outside of PowerShell
[4.697s] DEBUG:colcon.colcon_core.shell:Skip shell extension 'dsv' for command environment
[7.601s] DEBUG:colcon.colcon_core.event_handler.log_command:Invoking command in '/home/yash/SGP_IV/gesture_ws/build/gesture_control': PYTHONPATH=/home/yash/SGP_IV/gesture_ws/build/gesture_control/prefix_override:/usr/lib/python3/dist-packages/colcon_core/task/python/colcon_distutils_commands:/home/yash/SGP_IV/gesture_ws/install/gesture_control/lib/python3.10/site-packages:${PYTHONPATH} /usr/bin/python3 -W ignore:setup.py install is deprecated -W ignore:easy_install command is deprecated setup.py develop --uninstall --editable --build-directory /home/yash/SGP_IV/gesture_ws/build/gesture_control/build
[11.893s] DEBUG:colcon.colcon_core.event_handler.log_command:Invoked command in '/home/yash/SGP_IV/gesture_ws/build/gesture_control' returned '0': PYTHONPATH=/home/yash/SGP_IV/gesture_ws/build/gesture_control/prefix_override:/usr/lib/python3/dist-packages/colcon_core/task/python/colcon_distutils_commands:/home/yash/SGP_IV/gesture_ws/install/gesture_control/lib/python3.10/site-packages:${PYTHONPATH} /usr/bin/python3 -W ignore:setup.py install is deprecated -W ignore:easy_install command is deprecated setup.py develop --uninstall --editable --build-directory /home/yash/SGP_IV/gesture_ws/build/gesture_control/build
[11.902s] DEBUG:colcon.colcon_core.event_handler.log_command:Invoking command in '/home/yash/SGP_IV/gesture_ws/src/gesture_control': PYTHONPATH=/home/yash/SGP_IV/gesture_ws/build/gesture_control/prefix_override:/usr/lib/python3/dist-packages/colcon_core/task/python/colcon_distutils_commands:/home/yash/SGP_IV/gesture_ws/install/gesture_control/lib/python3.10/site-packages:${PYTHONPATH} /usr/bin/python3 -W ignore:setup.py install is deprecated -W ignore:easy_install command is deprecated setup.py egg_info --egg-base ../../build/gesture_control build --build-base /home/yash/SGP_IV/gesture_ws/build/gesture_control/build install --record /home/yash/SGP_IV/gesture_ws/build/gesture_control/install.log --single-version-externally-managed install_data --force
[14.810s] DEBUG:colcon.colcon_core.event_handler.log_command:Invoked command in '/home/yash/SGP_IV/gesture_ws/src/gesture_control' returned '0': PYTHONPATH=/home/yash/SGP_IV/gesture_ws/build/gesture_control/prefix_override:/usr/lib/python3/dist-packages/colcon_core/task/python/colcon_distutils_commands:/home/yash/SGP_IV/gesture_ws/install/gesture_control/lib/python3.10/site-packages:${PYTHONPATH} /usr/bin/python3 -W ignore:setup.py install is deprecated -W ignore:easy_install command is deprecated setup.py egg_info --egg-base ../../build/gesture_control build --build-base /home/yash/SGP_IV/gesture_ws/build/gesture_control/build install --record /home/yash/SGP_IV/gesture_ws/build/gesture_control/install.log --single-version-externally-managed install_data --force
[14.822s] Level 1:colcon.colcon_core.environment:checking '/home/yash/SGP_IV/gesture_ws/install/gesture_control' for CMake module files
[14.824s] Level 1:colcon.colcon_core.environment:checking '/home/yash/SGP_IV/gesture_ws/install/gesture_control' for CMake config files
[14.827s] Level 1:colcon.colcon_core.environment:checking '/home/yash/SGP_IV/gesture_ws/install/gesture_control/lib'
[14.828s] Level 1:colcon.colcon_core.environment:checking '/home/yash/SGP_IV/gesture_ws/install/gesture_control/bin'
[14.829s] Level 1:colcon.colcon_core.environment:checking '/home/yash/SGP_IV/gesture_ws/install/gesture_control/lib/pkgconfig/gesture_control.pc'
[14.830s] Level 1:colcon.colcon_core.environment:checking '/home/yash/SGP_IV/gesture_ws/install/gesture_control/lib/python3.10/site-packages'
[14.831s] Level 1:colcon.colcon_core.shell:create_environment_hook('gesture_control', 'pythonpath')
[14.832s] INFO:colcon.colcon_core.shell:Creating environment hook '/home/yash/SGP_IV/gesture_ws/install/gesture_control/share/gesture_control/hook/pythonpath.ps1'
[14.834s] INFO:colcon.colcon_core.shell:Creating environment descriptor '/home/yash/SGP_IV/gesture_ws/install/gesture_control/share/gesture_control/hook/pythonpath.dsv'
[14.836s] INFO:colcon.colcon_core.shell:Creating environment hook '/home/yash/SGP_IV/gesture_ws/install/gesture_control/share/gesture_control/hook/pythonpath.sh'
[14.840s] Level 1:colcon.colcon_core.environment:checking '/home/yash/SGP_IV/gesture_ws/install/gesture_control/bin'
[14.840s] Level 1:colcon.colcon_core.environment:create_environment_scripts_only(gesture_control)
[14.843s] INFO:colcon.colcon_core.shell:Creating package script '/home/yash/SGP_IV/gesture_ws/install/gesture_control/share/gesture_control/package.ps1'
[14.847s] INFO:colcon.colcon_core.shell:Creating package descriptor '/home/yash/SGP_IV/gesture_ws/install/gesture_control/share/gesture_control/package.dsv'
[14.849s] INFO:colcon.colcon_core.shell:Creating package script '/home/yash/SGP_IV/gesture_ws/install/gesture_control/share/gesture_control/package.sh'
[14.852s] INFO:colcon.colcon_core.shell:Creating package script '/home/yash/SGP_IV/gesture_ws/install/gesture_control/share/gesture_control/package.bash'
[14.855s] INFO:colcon.colcon_core.shell:Creating package script '/home/yash/SGP_IV/gesture_ws/install/gesture_control/share/gesture_control/package.zsh'
[14.859s] Level 1:colcon.colcon_core.environment:create_file_with_runtime_dependencies(/home/yash/SGP_IV/gesture_ws/install/gesture_control/share/colcon-core/packages/gesture_control)
[14.861s] INFO:colcon.colcon_ros.task.ament_cmake.build:Building ROS package in '/home/yash/SGP_IV/gesture_ws/src/niyantrak_description' with build type 'ament_cmake'
[14.862s] INFO:colcon.colcon_cmake.task.cmake.build:Building CMake package in '/home/yash/SGP_IV/gesture_ws/src/niyantrak_description'
[14.864s] INFO:colcon.colcon_core.shell:Skip shell extension 'powershell' for command environment: Not usable outside of PowerShell
[14.865s] DEBUG:colcon.colcon_core.shell:Skip shell extension 'dsv' for command environment
[14.930s] DEBUG:colcon.colcon_core.event_handler.log_command:Invoking command in '/home/yash/SGP_IV/gesture_ws/build/niyantrak_description': AMENT_PREFIX_PATH=/home/yash/SGP_IV/gesture_ws/install/gesture_control:/home/yash/bumperbot_ws/install/bumperbot_py_examples:/home/yash/bumperbot_ws/install/bumperbot_description:/home/yash/bumperbot_ws/install/bumperbot_cpp_examples:/home/yash/bumperbot_ws/install/bumperbot_controller:/home/yash/python_ws/install/my_robot_bringup:/home/yash/python_ws/install/turtlesim_catch_all:/home/yash/python_ws/install/my_py_pkg:/home/yash/python_ws/install/my_robot_interfaces:/home/yash/python_ws/install/my_cpp_pkg:/home/yash/SGP_IV/gesture_ws/install/niyantrak_description:/home/yash/Agrobot/agri_ws/install/agribot_gazebo:/home/yash/Agrobot/agri_ws/install/agribot_description:/home/yash/Agrobot/agri_ws/install/agribot_control:/home/yash/tensor_ws/install/warehouse_sim:/home/yash/rl_ws/install/serp_rl:/home/yash/rl_ws/install/flatland:/home/yash/rl_ws/install/flatland_msgs:/home/yash/ros2_ws/install/my_robot_description:/home/yash/skid_ws/install/ackerman:/home/yash/eyrc24_ws/install/ur_simulation_gazebo:/home/yash/eyrc24_ws/install/ur_moveit_config:/home/yash/eyrc24_ws/install/ur_description:/home/yash/eyrc24_ws/install/ur5_control:/home/yash/eyrc24_ws/install/realsense_gazebo_plugin:/home/yash/eyrc24_ws/install/pymoveit2:/home/yash/eyrc24_ws/install/linkattacher_msgs:/home/yash/eyrc24_ws/install/eyantra_warehouse:/home/yash/eyrc24_ws/install/ebot_nav2:/home/yash/eyrc24_ws/install/ebot_description:/opt/ros/humble CMAKE_PREFIX_PATH=${CMAKE_PREFIX_PATH}:/home/yash/bumperbot_ws/install/bumperbot_py_examples:/home/yash/python_ws/install/turtlesim_catch_all:/home/yash/python_ws/install/my_py_pkg:/home/yash/SGP_IV/gesture_ws/install/gesture_control:/home/yash/tensor_ws/install/warehouse_sim:/home/yash/rl_ws/install/serp_rl:/home/yash/skid_ws/install/ackerman:/home/yash/eyrc24_ws/install/ur5_control:/opt/ros/humble PYTHONPATH=/home/yash/SGP_IV/gesture_ws/install/gesture_control/lib/python3.10/site-packages:/home/yash/bumperbot_ws/build/bumperbot_py_examples:/home/yash/bumperbot_ws/install/bumperbot_py_examples/lib/python3.10/site-packages:/home/yash/python_ws/install/turtlesim_catch_all/lib/python3.10/site-packages:/home/yash/python_ws/install/my_py_pkg/lib/python3.10/site-packages:/home/yash/python_ws/install/my_robot_interfaces/local/lib/python3.10/dist-packages:/home/yash/SGP_IV/gesture_ws/build/gesture_control:/home/yash/Agrobot/agri_ws/build/perception_pkg:/home/yash/Agrobot/agri_ws/install/perception_pkg/lib/python3.10/site-packages:/home/yash/Agrobot/agri_ws/build/control_pkg:/home/yash/Agrobot/agri_ws/install/control_pkg/lib/python3.10/site-packages:/home/yash/tensor_ws/install/warehouse_sim/lib/python3.10/site-packages:/home/yash/rl_ws/install/serp_rl/lib/python3.10/site-packages:/home/yash/rl_ws/install/flatland_msgs/local/lib/python3.10/dist-packages:/home/yash/skid_ws/build/skid_pkg:/home/yash/skid_ws/install/skid_pkg/lib/python3.10/site-packages:/home/yash/skid_ws/build/ackerman:/home/yash/skid_ws/install/ackerman/lib/python3.10/site-packages:/home/yash/eyrc24_ws/build/ur5_control:/home/yash/eyrc24_ws/install/ur5_control/lib/python3.10/site-packages:/home/yash/eyrc24_ws/install/pymoveit2/local/lib/python3.10/dist-packages:/home/yash/eyrc24_ws/install/linkattacher_msgs/local/lib/python3.10/dist-packages:/opt/ros/humble/lib/python3.10/site-packages:/opt/ros/humble/local/lib/python3.10/dist-packages /usr/bin/cmake /home/yash/SGP_IV/gesture_ws/src/niyantrak_description -DCMAKE_INSTALL_PREFIX=/home/yash/SGP_IV/gesture_ws/install/niyantrak_description
[16.325s] DEBUG:colcon.colcon_core.event_handler.log_command:Invoked command in '/home/yash/SGP_IV/gesture_ws/build/niyantrak_description' returned '0': AMENT_PREFIX_PATH=/home/yash/SGP_IV/gesture_ws/install/gesture_control:/home/yash/bumperbot_ws/install/bumperbot_py_examples:/home/yash/bumperbot_ws/install/bumperbot_description:/home/yash/bumperbot_ws/install/bumperbot_cpp_examples:/home/yash/bumperbot_ws/install/bumperbot_controller:/home/yash/python_ws/install/my_robot_bringup:/home/yash/python_ws/install/turtlesim_catch_all:/home/yash/python_ws/install/my_py_pkg:/home/yash/python_ws/install/my_robot_interfaces:/home/yash/python_ws/install/my_cpp_pkg:/home/yash/SGP_IV/gesture_ws/install/niyantrak_description:/home/yash/Agrobot/agri_ws/install/agribot_gazebo:/home/yash/Agrobot/agri_ws/install/agribot_description:/home/yash/Agrobot/agri_ws/install/agribot_control:/home/yash/tensor_ws/install/warehouse_sim:/home/yash/rl_ws/install/serp_rl:/home/yash/rl_ws/install/flatland:/home/yash/rl_ws/install/flatland_msgs:/home/yash/ros2_ws/install/my_robot_description:/home/yash/skid_ws/install/ackerman:/home/yash/eyrc24_ws/install/ur_simulation_gazebo:/home/yash/eyrc24_ws/install/ur_moveit_config:/home/yash/eyrc24_ws/install/ur_description:/home/yash/eyrc24_ws/install/ur5_control:/home/yash/eyrc24_ws/install/realsense_gazebo_plugin:/home/yash/eyrc24_ws/install/pymoveit2:/home/yash/eyrc24_ws/install/linkattacher_msgs:/home/yash/eyrc24_ws/install/eyantra_warehouse:/home/yash/eyrc24_ws/install/ebot_nav2:/home/yash/eyrc24_ws/install/ebot_description:/opt/ros/humble CMAKE_PREFIX_PATH=${CMAKE_PREFIX_PATH}:/home/yash/bumperbot_ws/install/bumperbot_py_examples:/home/yash/python_ws/install/turtlesim_catch_all:/home/yash/python_ws/install/my_py_pkg:/home/yash/SGP_IV/gesture_ws/install/gesture_control:/home/yash/tensor_ws/install/warehouse_sim:/home/yash/rl_ws/install/serp_rl:/home/yash/skid_ws/install/ackerman:/home/yash/eyrc24_ws/install/ur5_control:/opt/ros/humble PYTHONPATH=/home/yash/SGP_IV/gesture_ws/install/gesture_control/lib/python3.10/site-packages:/home/yash/bumperbot_ws/build/bumperbot_py_examples:/home/yash/bumperbot_ws/install/bumperbot_py_examples/lib/python3.10/site-packages:/home/yash/python_ws/install/turtlesim_catch_all/lib/python3.10/site-packages:/home/yash/python_ws/install/my_py_pkg/lib/python3.10/site-packages:/home/yash/python_ws/install/my_robot_interfaces/local/lib/python3.10/dist-packages:/home/yash/SGP_IV/gesture_ws/build/gesture_control:/home/yash/Agrobot/agri_ws/build/perception_pkg:/home/yash/Agrobot/agri_ws/install/perception_pkg/lib/python3.10/site-packages:/home/yash/Agrobot/agri_ws/build/control_pkg:/home/yash/Agrobot/agri_ws/install/control_pkg/lib/python3.10/site-packages:/home/yash/tensor_ws/install/warehouse_sim/lib/python3.10/site-packages:/home/yash/rl_ws/install/serp_rl/lib/python3.10/site-packages:/home/yash/rl_ws/install/flatland_msgs/local/lib/python3.10/dist-packages:/home/yash/skid_ws/build/skid_pkg:/home/yash/skid_ws/install/skid_pkg/lib/python3.10/site-packages:/home/yash/skid_ws/build/ackerman:/home/yash/skid_ws/install/ackerman/lib/python3.10/site-packages:/home/yash/eyrc24_ws/build/ur5_control:/home/yash/eyrc24_ws/install/ur5_control/lib/python3.10/site-packages:/home/yash/eyrc24_ws/install/pymoveit2/local/lib/python3.10/dist-packages:/home/yash/eyrc24_ws/install/linkattacher_msgs/local/lib/python3.10/dist-packages:/opt/ros/humble/lib/python3.10/site-packages:/opt/ros/humble/local/lib/python3.10/dist-packages /usr/bin/cmake /home/yash/SGP_IV/gesture_ws/src/niyantrak_description -DCMAKE_INSTALL_PREFIX=/home/yash/SGP_IV/gesture_ws/install/niyantrak_description
[16.330s] DEBUG:colcon.colcon_core.event_handler.log_command:Invoking command in '/home/yash/SGP_IV/gesture_ws/build/niyantrak_description': AMENT_PREFIX_PATH=/home/yash/SGP_IV/gesture_ws/install/gesture_control:/home/yash/bumperbot_ws/install/bumperbot_py_examples:/home/yash/bumperbot_ws/install/bumperbot_description:/home/yash/bumperbot_ws/install/bumperbot_cpp_examples:/home/yash/bumperbot_ws/install/bumperbot_controller:/home/yash/python_ws/install/my_robot_bringup:/home/yash/python_ws/install/turtlesim_catch_all:/home/yash/python_ws/install/my_py_pkg:/home/yash/python_ws/install/my_robot_interfaces:/home/yash/python_ws/install/my_cpp_pkg:/home/yash/SGP_IV/gesture_ws/install/niyantrak_description:/home/yash/Agrobot/agri_ws/install/agribot_gazebo:/home/yash/Agrobot/agri_ws/install/agribot_description:/home/yash/Agrobot/agri_ws/install/agribot_control:/home/yash/tensor_ws/install/warehouse_sim:/home/yash/rl_ws/install/serp_rl:/home/yash/rl_ws/install/flatland:/home/yash/rl_ws/install/flatland_msgs:/home/yash/ros2_ws/install/my_robot_description:/home/yash/skid_ws/install/ackerman:/home/yash/eyrc24_ws/install/ur_simulation_gazebo:/home/yash/eyrc24_ws/install/ur_moveit_config:/home/yash/eyrc24_ws/install/ur_description:/home/yash/eyrc24_ws/install/ur5_control:/home/yash/eyrc24_ws/install/realsense_gazebo_plugin:/home/yash/eyrc24_ws/install/pymoveit2:/home/yash/eyrc24_ws/install/linkattacher_msgs:/home/yash/eyrc24_ws/install/eyantra_warehouse:/home/yash/eyrc24_ws/install/ebot_nav2:/home/yash/eyrc24_ws/install/ebot_description:/opt/ros/humble CMAKE_PREFIX_PATH=${CMAKE_PREFIX_PATH}:/home/yash/bumperbot_ws/install/bumperbot_py_examples:/home/yash/python_ws/install/turtlesim_catch_all:/home/yash/python_ws/install/my_py_pkg:/home/yash/SGP_IV/gesture_ws/install/gesture_control:/home/yash/tensor_ws/install/warehouse_sim:/home/yash/rl_ws/install/serp_rl:/home/yash/skid_ws/install/ackerman:/home/yash/eyrc24_ws/install/ur5_control:/opt/ros/humble PYTHONPATH=/home/yash/SGP_IV/gesture_ws/install/gesture_control/lib/python3.10/site-packages:/home/yash/bumperbot_ws/build/bumperbot_py_examples:/home/yash/bumperbot_ws/install/bumperbot_py_examples/lib/python3.10/site-packages:/home/yash/python_ws/install/turtlesim_catch_all/lib/python3.10/site-packages:/home/yash/python_ws/install/my_py_pkg/lib/python3.10/site-packages:/home/yash/python_ws/install/my_robot_interfaces/local/lib/python3.10/dist-packages:/home/yash/SGP_IV/gesture_ws/build/gesture_control:/home/yash/Agrobot/agri_ws/build/perception_pkg:/home/yash/Agrobot/agri_ws/install/perception_pkg/lib/python3.10/site-packages:/home/yash/Agrobot/agri_ws/build/control_pkg:/home/yash/Agrobot/agri_ws/install/control_pkg/lib/python3.10/site-packages:/home/yash/tensor_ws/install/warehouse_sim/lib/python3.10/site-packages:/home/yash/rl_ws/install/serp_rl/lib/python3.10/site-packages:/home/yash/rl_ws/install/flatland_msgs/local/lib/python3.10/dist-packages:/home/yash/skid_ws/build/skid_pkg:/home/yash/skid_ws/install/skid_pkg/lib/python3.10/site-packages:/home/yash/skid_ws/build/ackerman:/home/yash/skid_ws/install/ackerman/lib/python3.10/site-packages:/home/yash/eyrc24_ws/build/ur5_control:/home/yash/eyrc24_ws/install/ur5_control/lib/python3.10/site-packages:/home/yash/eyrc24_ws/install/pymoveit2/local/lib/python3.10/dist-packages:/home/yash/eyrc24_ws/install/linkattacher_msgs/local/lib/python3.10/dist-packages:/opt/ros/humble/lib/python3.10/site-packages:/opt/ros/humble/local/lib/python3.10/dist-packages /usr/bin/cmake --build /home/yash/SGP_IV/gesture_ws/build/niyantrak_description -- -j8 -l8
[16.551s] DEBUG:colcon.colcon_core.event_handler.log_command:Invoked command in '/home/yash/SGP_IV/gesture_ws/build/niyantrak_description' returned '0': AMENT_PREFIX_PATH=/home/yash/SGP_IV/gesture_ws/install/gesture_control:/home/yash/bumperbot_ws/install/bumperbot_py_examples:/home/yash/bumperbot_ws/install/bumperbot_description:/home/yash/bumperbot_ws/install/bumperbot_cpp_examples:/home/yash/bumperbot_ws/install/bumperbot_controller:/home/yash/python_ws/install/my_robot_bringup:/home/yash/python_ws/install/turtlesim_catch_all:/home/yash/python_ws/install/my_py_pkg:/home/yash/python_ws/install/my_robot_interfaces:/home/yash/python_ws/install/my_cpp_pkg:/home/yash/SGP_IV/gesture_ws/install/niyantrak_description:/home/yash/Agrobot/agri_ws/install/agribot_gazebo:/home/yash/Agrobot/agri_ws/install/agribot_description:/home/yash/Agrobot/agri_ws/install/agribot_control:/home/yash/tensor_ws/install/warehouse_sim:/home/yash/rl_ws/install/serp_rl:/home/yash/rl_ws/install/flatland:/home/yash/rl_ws/install/flatland_msgs:/home/yash/ros2_ws/install/my_robot_description:/home/yash/skid_ws/install/ackerman:/home/yash/eyrc24_ws/install/ur_simulation_gazebo:/home/yash/eyrc24_ws/install/ur_moveit_config:/home/yash/eyrc24_ws/install/ur_description:/home/yash/eyrc24_ws/install/ur5_control:/home/yash/eyrc24_ws/install/realsense_gazebo_plugin:/home/yash/eyrc24_ws/install/pymoveit2:/home/yash/eyrc24_ws/install/linkattacher_msgs:/home/yash/eyrc24_ws/install/eyantra_warehouse:/home/yash/eyrc24_ws/install/ebot_nav2:/home/yash/eyrc24_ws/install/ebot_description:/opt/ros/humble CMAKE_PREFIX_PATH=${CMAKE_PREFIX_PATH}:/home/yash/bumperbot_ws/install/bumperbot_py_examples:/home/yash/python_ws/install/turtlesim_catch_all:/home/yash/python_ws/install/my_py_pkg:/home/yash/SGP_IV/gesture_ws/install/gesture_control:/home/yash/tensor_ws/install/warehouse_sim:/home/yash/rl_ws/install/serp_rl:/home/yash/skid_ws/install/ackerman:/home/yash/eyrc24_ws/install/ur5_control:/opt/ros/humble PYTHONPATH=/home/yash/SGP_IV/gesture_ws/install/gesture_control/lib/python3.10/site-packages:/home/yash/bumperbot_ws/build/bumperbot_py_examples:/home/yash/bumperbot_ws/install/bumperbot_py_examples/lib/python3.10/site-packages:/home/yash/python_ws/install/turtlesim_catch_all/lib/python3.10/site-packages:/home/yash/python_ws/install/my_py_pkg/lib/python3.10/site-packages:/home/yash/python_ws/install/my_robot_interfaces/local/lib/python3.10/dist-packages:/home/yash/SGP_IV/gesture_ws/build/gesture_control:/home/yash/Agrobot/agri_ws/build/perception_pkg:/home/yash/Agrobot/agri_ws/install/perception_pkg/lib/python3.10/site-packages:/home/yash/Agrobot/agri_ws/build/control_pkg:/home/yash/Agrobot/agri_ws/install/control_pkg/lib/python3.10/site-packages:/home/yash/tensor_ws/install/warehouse_sim/lib/python3.10/site-packages:/home/yash/rl_ws/install/serp_rl/lib/python3.10/site-packages:/home/yash/rl_ws/install/flatland_msgs/local/lib/python3.10/dist-packages:/home/yash/skid_ws/build/skid_pkg:/home/yash/skid_ws/install/skid_pkg/lib/python3.10/site-packages:/home/yash/skid_ws/build/ackerman:/home/yash/skid_ws/install/ackerman/lib/python3.10/site-packages:/home/yash/eyrc24_ws/build/ur5_control:/home/yash/eyrc24_ws/install/ur5_control/lib/python3.10/site-packages:/home/yash/eyrc24_ws/install/pymoveit2/local/lib/python3.10/dist-packages:/home/yash/eyrc24_ws/install/linkattacher_msgs/local/lib/python3.10/dist-packages:/opt/ros/humble/lib/python3.10/site-packages:/opt/ros/humble/local/lib/python3.10/dist-packages /usr/bin/cmake --build /home/yash/SGP_IV/gesture_ws/build/niyantrak_description -- -j8 -l8
[16.600s] DEBUG:colcon.colcon_core.event_handler.log_command:Invoking command in '/home/yash/SGP_IV/gesture_ws/build/niyantrak_description': AMENT_PREFIX_PATH=/home/yash/SGP_IV/gesture_ws/install/gesture_control:/home/yash/bumperbot_ws/install/bumperbot_py_examples:/home/yash/bumperbot_ws/install/bumperbot_description:/home/yash/bumperbot_ws/install/bumperbot_cpp_examples:/home/yash/bumperbot_ws/install/bumperbot_controller:/home/yash/python_ws/install/my_robot_bringup:/home/yash/python_ws/install/turtlesim_catch_all:/home/yash/python_ws/install/my_py_pkg:/home/yash/python_ws/install/my_robot_interfaces:/home/yash/python_ws/install/my_cpp_pkg:/home/yash/SGP_IV/gesture_ws/install/niyantrak_description:/home/yash/Agrobot/agri_ws/install/agribot_gazebo:/home/yash/Agrobot/agri_ws/install/agribot_description:/home/yash/Agrobot/agri_ws/install/agribot_control:/home/yash/tensor_ws/install/warehouse_sim:/home/yash/rl_ws/install/serp_rl:/home/yash/rl_ws/install/flatland:/home/yash/rl_ws/install/flatland_msgs:/home/yash/ros2_ws/install/my_robot_description:/home/yash/skid_ws/install/ackerman:/home/yash/eyrc24_ws/install/ur_simulation_gazebo:/home/yash/eyrc24_ws/install/ur_moveit_config:/home/yash/eyrc24_ws/install/ur_description:/home/yash/eyrc24_ws/install/ur5_control:/home/yash/eyrc24_ws/install/realsense_gazebo_plugin:/home/yash/eyrc24_ws/install/pymoveit2:/home/yash/eyrc24_ws/install/linkattacher_msgs:/home/yash/eyrc24_ws/install/eyantra_warehouse:/home/yash/eyrc24_ws/install/ebot_nav2:/home/yash/eyrc24_ws/install/ebot_description:/opt/ros/humble CMAKE_PREFIX_PATH=${CMAKE_PREFIX_PATH}:/home/yash/bumperbot_ws/install/bumperbot_py_examples:/home/yash/python_ws/install/turtlesim_catch_all:/home/yash/python_ws/install/my_py_pkg:/home/yash/SGP_IV/gesture_ws/install/gesture_control:/home/yash/tensor_ws/install/warehouse_sim:/home/yash/rl_ws/install/serp_rl:/home/yash/skid_ws/install/ackerman:/home/yash/eyrc24_ws/install/ur5_control:/opt/ros/humble PYTHONPATH=/home/yash/SGP_IV/gesture_ws/install/gesture_control/lib/python3.10/site-packages:/home/yash/bumperbot_ws/build/bumperbot_py_examples:/home/yash/bumperbot_ws/install/bumperbot_py_examples/lib/python3.10/site-packages:/home/yash/python_ws/install/turtlesim_catch_all/lib/python3.10/site-packages:/home/yash/python_ws/install/my_py_pkg/lib/python3.10/site-packages:/home/yash/python_ws/install/my_robot_interfaces/local/lib/python3.10/dist-packages:/home/yash/SGP_IV/gesture_ws/build/gesture_control:/home/yash/Agrobot/agri_ws/build/perception_pkg:/home/yash/Agrobot/agri_ws/install/perception_pkg/lib/python3.10/site-packages:/home/yash/Agrobot/agri_ws/build/control_pkg:/home/yash/Agrobot/agri_ws/install/control_pkg/lib/python3.10/site-packages:/home/yash/tensor_ws/install/warehouse_sim/lib/python3.10/site-packages:/home/yash/rl_ws/install/serp_rl/lib/python3.10/site-packages:/home/yash/rl_ws/install/flatland_msgs/local/lib/python3.10/dist-packages:/home/yash/skid_ws/build/skid_pkg:/home/yash/skid_ws/install/skid_pkg/lib/python3.10/site-packages:/home/yash/skid_ws/build/ackerman:/home/yash/skid_ws/install/ackerman/lib/python3.10/site-packages:/home/yash/eyrc24_ws/build/ur5_control:/home/yash/eyrc24_ws/install/ur5_control/lib/python3.10/site-packages:/home/yash/eyrc24_ws/install/pymoveit2/local/lib/python3.10/dist-packages:/home/yash/eyrc24_ws/install/linkattacher_msgs/local/lib/python3.10/dist-packages:/opt/ros/humble/lib/python3.10/site-packages:/opt/ros/humble/local/lib/python3.10/dist-packages /usr/bin/cmake --install /home/yash/SGP_IV/gesture_ws/build/niyantrak_description
[16.727s] Level 1:colcon.colcon_core.environment:create_environment_scripts_only(niyantrak_description)
[16.729s] Level 1:colcon.colcon_core.environment:checking '/home/yash/SGP_IV/gesture_ws/install/niyantrak_description' for CMake module files
[16.731s] DEBUG:colcon.colcon_core.event_handler.log_command:Invoked command in '/home/yash/SGP_IV/gesture_ws/build/niyantrak_description' returned '0': AMENT_PREFIX_PATH=/home/yash/SGP_IV/gesture_ws/install/gesture_control:/home/yash/bumperbot_ws/install/bumperbot_py_examples:/home/yash/bumperbot_ws/install/bumperbot_description:/home/yash/bumperbot_ws/install/bumperbot_cpp_examples:/home/yash/bumperbot_ws/install/bumperbot_controller:/home/yash/python_ws/install/my_robot_bringup:/home/yash/python_ws/install/turtlesim_catch_all:/home/yash/python_ws/install/my_py_pkg:/home/yash/python_ws/install/my_robot_interfaces:/home/yash/python_ws/install/my_cpp_pkg:/home/yash/SGP_IV/gesture_ws/install/niyantrak_description:/home/yash/Agrobot/agri_ws/install/agribot_gazebo:/home/yash/Agrobot/agri_ws/install/agribot_description:/home/yash/Agrobot/agri_ws/install/agribot_control:/home/yash/tensor_ws/install/warehouse_sim:/home/yash/rl_ws/install/serp_rl:/home/yash/rl_ws/install/flatland:/home/yash/rl_ws/install/flatland_msgs:/home/yash/ros2_ws/install/my_robot_description:/home/yash/skid_ws/install/ackerman:/home/yash/eyrc24_ws/install/ur_simulation_gazebo:/home/yash/eyrc24_ws/install/ur_moveit_config:/home/yash/eyrc24_ws/install/ur_description:/home/yash/eyrc24_ws/install/ur5_control:/home/yash/eyrc24_ws/install/realsense_gazebo_plugin:/home/yash/eyrc24_ws/install/pymoveit2:/home/yash/eyrc24_ws/install/linkattacher_msgs:/home/yash/eyrc24_ws/install/eyantra_warehouse:/home/yash/eyrc24_ws/install/ebot_nav2:/home/yash/eyrc24_ws/install/ebot_description:/opt/ros/humble CMAKE_PREFIX_PATH=${CMAKE_PREFIX_PATH}:/home/yash/bumperbot_ws/install/bumperbot_py_examples:/home/yash/python_ws/install/turtlesim_catch_all:/home/yash/python_ws/install/my_py_pkg:/home/yash/SGP_IV/gesture_ws/install/gesture_control:/home/yash/tensor_ws/install/warehouse_sim:/home/yash/rl_ws/install/serp_rl:/home/yash/skid_ws/install/ackerman:/home/yash/eyrc24_ws/install/ur5_control:/opt/ros/humble PYTHONPATH=/home/yash/SGP_IV/gesture_ws/install/gesture_control/lib/python3.10/site-packages:/home/yash/bumperbot_ws/build/bumperbot_py_examples:/home/yash/bumperbot_ws/install/bumperbot_py_examples/lib/python3.10/site-packages:/home/yash/python_ws/install/turtlesim_catch_all/lib/python3.10/site-packages:/home/yash/python_ws/install/my_py_pkg/lib/python3.10/site-packages:/home/yash/python_ws/install/my_robot_interfaces/local/lib/python3.10/dist-packages:/home/yash/SGP_IV/gesture_ws/build/gesture_control:/home/yash/Agrobot/agri_ws/build/perception_pkg:/home/yash/Agrobot/agri_ws/install/perception_pkg/lib/python3.10/site-packages:/home/yash/Agrobot/agri_ws/build/control_pkg:/home/yash/Agrobot/agri_ws/install/control_pkg/lib/python3.10/site-packages:/home/yash/tensor_ws/install/warehouse_sim/lib/python3.10/site-packages:/home/yash/rl_ws/install/serp_rl/lib/python3.10/site-packages:/home/yash/rl_ws/install/flatland_msgs/local/lib/python3.10/dist-packages:/home/yash/skid_ws/build/skid_pkg:/home/yash/skid_ws/install/skid_pkg/lib/python3.10/site-packages:/home/yash/skid_ws/build/ackerman:/home/yash/skid_ws/install/ackerman/lib/python3.10/site-packages:/home/yash/eyrc24_ws/build/ur5_control:/home/yash/eyrc24_ws/install/ur5_control/lib/python3.10/site-packages:/home/yash/eyrc24_ws/install/pymoveit2/local/lib/python3.10/dist-packages:/home/yash/eyrc24_ws/install/linkattacher_msgs/local/lib/python3.10/dist-packages:/opt/ros/humble/lib/python3.10/site-packages:/opt/ros/humble/local/lib/python3.10/dist-packages /usr/bin/cmake --install /home/yash/SGP_IV/gesture_ws/build/niyantrak_description
[16.733s] Level 1:colcon.colcon_core.environment:checking '/home/yash/SGP_IV/gesture_ws/install/niyantrak_description' for CMake config files
[16.735s] Level 1:colcon.colcon_core.shell:create_environment_hook('niyantrak_description', 'cmake_prefix_path')
[16.736s] INFO:colcon.colcon_core.shell:Creating environment hook '/home/yash/SGP_IV/gesture_ws/install/niyantrak_description/share/niyantrak_description/hook/cmake_prefix_path.ps1'
[16.739s] INFO:colcon.colcon_core.shell:Creating environment descriptor '/home/yash/SGP_IV/gesture_ws/install/niyantrak_description/share/niyantrak_description/hook/cmake_prefix_path.dsv'
[16.741s] INFO:colcon.colcon_core.shell:Creating environment hook '/home/yash/SGP_IV/gesture_ws/install/niyantrak_description/share/niyantrak_description/hook/cmake_prefix_path.sh'
[16.745s] Level 1:colcon.colcon_core.environment:checking '/home/yash/SGP_IV/gesture_ws/install/niyantrak_description/bin'
[16.746s] Level 1:colcon.colcon_core.environment:checking '/home/yash/SGP_IV/gesture_ws/install/niyantrak_description/lib/pkgconfig/niyantrak_description.pc'
[16.747s] Level 1:colcon.colcon_core.environment:checking '/home/yash/SGP_IV/gesture_ws/install/niyantrak_description/lib/python3.10/site-packages'
[16.748s] Level 1:colcon.colcon_core.environment:checking '/home/yash/SGP_IV/gesture_ws/install/niyantrak_description/bin'
[16.750s] INFO:colcon.colcon_core.shell:Creating package script '/home/yash/SGP_IV/gesture_ws/install/niyantrak_description/share/niyantrak_description/package.ps1'
[16.753s] INFO:colcon.colcon_core.shell:Creating package descriptor '/home/yash/SGP_IV/gesture_ws/install/niyantrak_description/share/niyantrak_description/package.dsv'
[16.756s] INFO:colcon.colcon_core.shell:Creating package script '/home/yash/SGP_IV/gesture_ws/install/niyantrak_description/share/niyantrak_description/package.sh'
[16.758s] INFO:colcon.colcon_core.shell:Creating package script '/home/yash/SGP_IV/gesture_ws/install/niyantrak_description/share/niyantrak_description/package.bash'
[16.761s] INFO:colcon.colcon_core.shell:Creating package script '/home/yash/SGP_IV/gesture_ws/install/niyantrak_description/share/niyantrak_description/package.zsh'
[16.764s] Level 1:colcon.colcon_core.environment:create_file_with_runtime_dependencies(/home/yash/SGP_IV/gesture_ws/install/niyantrak_description/share/colcon-core/packages/niyantrak_description)
[16.768s] Level 1:colcon.colcon_core.environment:create_environment_scripts_only(niyantrak_description)
[16.770s] Level 1:colcon.colcon_core.environment:checking '/home/yash/SGP_IV/gesture_ws/install/niyantrak_description' for CMake module files
[16.773s] Level 1:colcon.colcon_core.environment:checking '/home/yash/SGP_IV/gesture_ws/install/niyantrak_description' for CMake config files
[16.775s] Level 1:colcon.colcon_core.shell:create_environment_hook('niyantrak_description', 'cmake_prefix_path')
[16.777s] INFO:colcon.colcon_core.shell:Creating environment hook '/home/yash/SGP_IV/gesture_ws/install/niyantrak_description/share/niyantrak_description/hook/cmake_prefix_path.ps1'
[16.781s] INFO:colcon.colcon_core.shell:Creating environment descriptor '/home/yash/SGP_IV/gesture_ws/install/niyantrak_description/share/niyantrak_description/hook/cmake_prefix_path.dsv'
[16.783s] INFO:colcon.colcon_core.shell:Creating environment hook '/home/yash/SGP_IV/gesture_ws/install/niyantrak_description/share/niyantrak_description/hook/cmake_prefix_path.sh'
[16.786s] Level 1:colcon.colcon_core.environment:checking '/home/yash/SGP_IV/gesture_ws/install/niyantrak_description/bin'
[16.787s] Level 1:colcon.colcon_core.environment:checking '/home/yash/SGP_IV/gesture_ws/install/niyantrak_description/lib/pkgconfig/niyantrak_description.pc'
[16.788s] Level 1:colcon.colcon_core.environment:checking '/home/yash/SGP_IV/gesture_ws/install/niyantrak_description/lib/python3.10/site-packages'
[16.790s] Level 1:colcon.colcon_core.environment:checking '/home/yash/SGP_IV/gesture_ws/install/niyantrak_description/bin'
[16.792s] INFO:colcon.colcon_core.shell:Creating package script '/home/yash/SGP_IV/gesture_ws/install/niyantrak_description/share/niyantrak_description/package.ps1'
[16.796s] INFO:colcon.colcon_core.shell:Creating package descriptor '/home/yash/SGP_IV/gesture_ws/install/niyantrak_description/share/niyantrak_description/package.dsv'
[16.799s] INFO:colcon.colcon_core.shell:Creating package script '/home/yash/SGP_IV/gesture_ws/install/niyantrak_description/share/niyantrak_description/package.sh'
[16.802s] INFO:colcon.colcon_core.shell:Creating package script '/home/yash/SGP_IV/gesture_ws/install/niyantrak_description/share/niyantrak_description/package.bash'
[16.805s] INFO:colcon.colcon_core.shell:Creating package script '/home/yash/SGP_IV/gesture_ws/install/niyantrak_description/share/niyantrak_description/package.zsh'
[16.808s] Level 1:colcon.colcon_core.environment:create_file_with_runtime_dependencies(/home/yash/SGP_IV/gesture_ws/install/niyantrak_description/share/colcon-core/packages/niyantrak_description)
[16.810s] DEBUG:colcon.colcon_parallel_executor.executor.parallel:closing loop
[16.811s] DEBUG:colcon.colcon_parallel_executor.executor.parallel:loop closed
[16.812s] DEBUG:colcon.colcon_parallel_executor.executor.parallel:run_until_complete finished with '0'
[16.812s] DEBUG:colcon.colcon_core.event_reactor:joining thread
[16.846s] INFO:colcon.colcon_core.plugin_system:Skipping extension 'colcon_notification.desktop_notification.terminal_notifier': Not used on non-Darwin systems
[16.848s] INFO:colcon.colcon_core.plugin_system:Skipping extension 'colcon_notification.desktop_notification.win32': Not used on non-Windows systems
[16.848s] INFO:colcon.colcon_notification.desktop_notification:Sending desktop notification using 'notify2'
[16.901s] DEBUG:colcon.colcon_core.event_reactor:joined thread
[16.903s] INFO:colcon.colcon_core.shell:Creating prefix script '/home/yash/SGP_IV/gesture_ws/install/local_setup.ps1'
[16.911s] INFO:colcon.colcon_core.shell:Creating prefix util module '/home/yash/SGP_IV/gesture_ws/install/_local_setup_util_ps1.py'
[16.925s] INFO:colcon.colcon_core.shell:Creating prefix chain script '/home/yash/SGP_IV/gesture_ws/install/setup.ps1'
[16.941s] INFO:colcon.colcon_core.shell:Creating prefix script '/home/yash/SGP_IV/gesture_ws/install/local_setup.sh'
[16.944s] INFO:colcon.colcon_core.shell:Creating prefix util module '/home/yash/SGP_IV/gesture_ws/install/_local_setup_util_sh.py'
[16.948s] INFO:colcon.colcon_core.shell:Creating prefix chain script '/home/yash/SGP_IV/gesture_ws/install/setup.sh'
[16.958s] INFO:colcon.colcon_core.shell:Creating prefix script '/home/yash/SGP_IV/gesture_ws/install/local_setup.bash'
[16.961s] INFO:colcon.colcon_core.shell:Creating prefix chain script '/home/yash/SGP_IV/gesture_ws/install/setup.bash'
[16.974s] INFO:colcon.colcon_core.shell:Creating prefix script '/home/yash/SGP_IV/gesture_ws/install/local_setup.zsh'
[16.979s] INFO:colcon.colcon_core.shell:Creating prefix chain script '/home/yash/SGP_IV/gesture_ws/install/setup.zsh'
