[3.834s] Invoking command in '/home/yash/SGP_IV/gesture_ws/build/gesture_control': PYTHONPATH=/home/yash/SGP_IV/gesture_ws/build/gesture_control/prefix_override:/usr/lib/python3/dist-packages/colcon_core/task/python/colcon_distutils_commands:/home/yash/SGP_IV/gesture_ws/install/gesture_control/lib/python3.10/site-packages:${PYTHONPATH} /usr/bin/python3 -W ignore:setup.py install is deprecated -W ignore:easy_install command is deprecated setup.py develop --uninstall --editable --build-directory /home/yash/SGP_IV/gesture_ws/build/gesture_control/build
[5.716s] running develop
[7.217s] Removing /home/yash/SGP_IV/gesture_ws/install/gesture_control/lib/python3.10/site-packages/gesture-control.egg-link (link to .)
[7.360s] Invoked command in '/home/yash/SGP_IV/gesture_ws/build/gesture_control' returned '0': PYTHONPATH=/home/yash/SGP_IV/gesture_ws/build/gesture_control/prefix_override:/usr/lib/python3/dist-packages/colcon_core/task/python/colcon_distutils_commands:/home/yash/SGP_IV/gesture_ws/install/gesture_control/lib/python3.10/site-packages:${PYTHONPATH} /usr/bin/python3 -W ignore:setup.py install is deprecated -W ignore:easy_install command is deprecated setup.py develop --uninstall --editable --build-directory /home/yash/SGP_IV/gesture_ws/build/gesture_control/build
[7.369s] Invoking command in '/home/yash/SGP_IV/gesture_ws/src/gesture_control': PYTHONPATH=/home/yash/SGP_IV/gesture_ws/build/gesture_control/prefix_override:/usr/lib/python3/dist-packages/colcon_core/task/python/colcon_distutils_commands:/home/yash/SGP_IV/gesture_ws/install/gesture_control/lib/python3.10/site-packages:${PYTHONPATH} /usr/bin/python3 -W ignore:setup.py install is deprecated -W ignore:easy_install command is deprecated setup.py egg_info --egg-base ../../build/gesture_control build --build-base /home/yash/SGP_IV/gesture_ws/build/gesture_control/build install --record /home/yash/SGP_IV/gesture_ws/build/gesture_control/install.log --single-version-externally-managed install_data --force
[9.632s] running egg_info
[9.636s] writing ../../build/gesture_control/gesture_control.egg-info/PKG-INFO
[9.639s] writing dependency_links to ../../build/gesture_control/gesture_control.egg-info/dependency_links.txt
[9.640s] writing entry points to ../../build/gesture_control/gesture_control.egg-info/entry_points.txt
[9.640s] writing requirements to ../../build/gesture_control/gesture_control.egg-info/requires.txt
[9.641s] writing top-level names to ../../build/gesture_control/gesture_control.egg-info/top_level.txt
[9.667s] reading manifest file '../../build/gesture_control/gesture_control.egg-info/SOURCES.txt'
[9.674s] writing manifest file '../../build/gesture_control/gesture_control.egg-info/SOURCES.txt'
[9.675s] running build
[9.675s] running build_py
[9.676s] copying gesture_control/gesture_detect.py -> /home/yash/SGP_IV/gesture_ws/build/gesture_control/build/lib/gesture_control
[9.677s] copying gesture_control/gesture_control.py -> /home/yash/SGP_IV/gesture_ws/build/gesture_control/build/lib/gesture_control
[9.678s] copying gesture_control/object_detector.py -> /home/yash/SGP_IV/gesture_ws/build/gesture_control/build/lib/gesture_control
[9.679s] running install
[9.682s] running install_lib
[9.686s] creating /home/yash/SGP_IV/gesture_ws/install/gesture_control/lib/python3.10/site-packages/gesture_control
[9.687s] copying /home/yash/SGP_IV/gesture_ws/build/gesture_control/build/lib/gesture_control/gesture_detect.py -> /home/yash/SGP_IV/gesture_ws/install/gesture_control/lib/python3.10/site-packages/gesture_control
[9.688s] copying /home/yash/SGP_IV/gesture_ws/build/gesture_control/build/lib/gesture_control/gesture_control.py -> /home/yash/SGP_IV/gesture_ws/install/gesture_control/lib/python3.10/site-packages/gesture_control
[9.688s] copying /home/yash/SGP_IV/gesture_ws/build/gesture_control/build/lib/gesture_control/object_detector.py -> /home/yash/SGP_IV/gesture_ws/install/gesture_control/lib/python3.10/site-packages/gesture_control
[9.689s] copying /home/yash/SGP_IV/gesture_ws/build/gesture_control/build/lib/gesture_control/__init__.py -> /home/yash/SGP_IV/gesture_ws/install/gesture_control/lib/python3.10/site-packages/gesture_control
[9.693s] byte-compiling /home/yash/SGP_IV/gesture_ws/install/gesture_control/lib/python3.10/site-packages/gesture_control/gesture_detect.py to gesture_detect.cpython-310.pyc
[9.701s] byte-compiling /home/yash/SGP_IV/gesture_ws/install/gesture_control/lib/python3.10/site-packages/gesture_control/gesture_control.py to gesture_control.cpython-310.pyc
[9.705s] byte-compiling /home/yash/SGP_IV/gesture_ws/install/gesture_control/lib/python3.10/site-packages/gesture_control/object_detector.py to object_detector.cpython-310.pyc
[9.708s] byte-compiling /home/yash/SGP_IV/gesture_ws/install/gesture_control/lib/python3.10/site-packages/gesture_control/__init__.py to __init__.cpython-310.pyc
[9.709s] running install_data
[9.710s] copying resource/gesture_control -> /home/yash/SGP_IV/gesture_ws/install/gesture_control/share/ament_index/resource_index/packages
[9.712s] copying package.xml -> /home/yash/SGP_IV/gesture_ws/install/gesture_control/share/gesture_control
[9.713s] copying launch/control.launch.py -> /home/yash/SGP_IV/gesture_ws/install/gesture_control/share/gesture_control/launch
[9.714s] running install_egg_info
[9.729s] Copying ../../build/gesture_control/gesture_control.egg-info to /home/yash/SGP_IV/gesture_ws/install/gesture_control/lib/python3.10/site-packages/gesture_control-0.0.0-py3.10.egg-info
[9.736s] running install_scripts
[9.843s] Installing gesture_control script to /home/yash/SGP_IV/gesture_ws/install/gesture_control/lib/gesture_control
[9.844s] Installing gesture_detect script to /home/yash/SGP_IV/gesture_ws/install/gesture_control/lib/gesture_control
[9.845s] Installing object_detector script to /home/yash/SGP_IV/gesture_ws/install/gesture_control/lib/gesture_control
[9.847s] writing list of installed files to '/home/yash/SGP_IV/gesture_ws/build/gesture_control/install.log'
[9.963s] Invoked command in '/home/yash/SGP_IV/gesture_ws/src/gesture_control' returned '0': PYTHONPATH=/home/yash/SGP_IV/gesture_ws/build/gesture_control/prefix_override:/usr/lib/python3/dist-packages/colcon_core/task/python/colcon_distutils_commands:/home/yash/SGP_IV/gesture_ws/install/gesture_control/lib/python3.10/site-packages:${PYTHONPATH} /usr/bin/python3 -W ignore:setup.py install is deprecated -W ignore:easy_install command is deprecated setup.py egg_info --egg-base ../../build/gesture_control build --build-base /home/yash/SGP_IV/gesture_ws/build/gesture_control/build install --record /home/yash/SGP_IV/gesture_ws/build/gesture_control/install.log --single-version-externally-managed install_data --force
