-- Found ament_cmake: 1.3.10 (/opt/ros/humble/share/ament_cmake/cmake)
-- Override CMake install command with custom implementation using symlinks instead of copying resources
-- Configuring done
-- Generating done
-- Build files have been written to: /home/yash/SGP_IV/gesture_ws/build/niyantrak_description
-- Install configuration: ""
-- Execute custom install script
-- Up-to-date symlink: /home/yash/SGP_IV/gesture_ws/install/niyantrak_description/share/niyantrak_description//urdf/4wheel.urdf.xacro
-- Up-to-date symlink: /home/yash/SGP_IV/gesture_ws/install/niyantrak_description/share/niyantrak_description//urdf/camera.xacro
-- Up-to-date symlink: /home/yash/SGP_IV/gesture_ws/install/niyantrak_description/share/niyantrak_description//urdf/diff_drive.xacro
-- Up-to-date symlink: /home/yash/SGP_IV/gesture_ws/install/niyantrak_description/share/niyantrak_description//urdf/lidar.xacro
-- Up-to-date symlink: /home/yash/SGP_IV/gesture_ws/install/niyantrak_description/share/niyantrak_description//launch/display.launch.py
-- Up-to-date symlink: /home/yash/SGP_IV/gesture_ws/install/niyantrak_description/share/niyantrak_description//rviz/urdf.rviz
-- Symlinking: /home/yash/SGP_IV/gesture_ws/install/niyantrak_description/share/niyantrak_description//world/charusat.world
-- Symlinking: /home/yash/SGP_IV/gesture_ws/install/niyantrak_description/share/niyantrak_description//config/gazebo_params.yaml
-- Symlinking: /home/yash/SGP_IV/gesture_ws/install/niyantrak_description/share/ament_index/resource_index/package_run_dependencies/niyantrak_description
-- Symlinking: /home/yash/SGP_IV/gesture_ws/install/niyantrak_description/share/ament_index/resource_index/parent_prefix_path/niyantrak_description
-- Symlinking: /home/yash/SGP_IV/gesture_ws/install/niyantrak_description/share/niyantrak_description/environment/ament_prefix_path.sh
-- Symlinking: /home/yash/SGP_IV/gesture_ws/install/niyantrak_description/share/niyantrak_description/environment/ament_prefix_path.dsv
-- Symlinking: /home/yash/SGP_IV/gesture_ws/install/niyantrak_description/share/niyantrak_description/environment/path.sh
-- Symlinking: /home/yash/SGP_IV/gesture_ws/install/niyantrak_description/share/niyantrak_description/environment/path.dsv
-- Symlinking: /home/yash/SGP_IV/gesture_ws/install/niyantrak_description/share/niyantrak_description/local_setup.bash
-- Symlinking: /home/yash/SGP_IV/gesture_ws/install/niyantrak_description/share/niyantrak_description/local_setup.sh
-- Symlinking: /home/yash/SGP_IV/gesture_ws/install/niyantrak_description/share/niyantrak_description/local_setup.zsh
-- Symlinking: /home/yash/SGP_IV/gesture_ws/install/niyantrak_description/share/niyantrak_description/local_setup.dsv
-- Symlinking: /home/yash/SGP_IV/gesture_ws/install/niyantrak_description/share/niyantrak_description/package.dsv
-- Symlinking: /home/yash/SGP_IV/gesture_ws/install/niyantrak_description/share/ament_index/resource_index/packages/niyantrak_description
-- Symlinking: /home/yash/SGP_IV/gesture_ws/install/niyantrak_description/share/niyantrak_description/cmake/niyantrak_descriptionConfig.cmake
-- Symlinking: /home/yash/SGP_IV/gesture_ws/install/niyantrak_description/share/niyantrak_description/cmake/niyantrak_descriptionConfig-version.cmake
-- Symlinking: /home/yash/SGP_IV/gesture_ws/install/niyantrak_description/share/niyantrak_description/package.xml
