[0.438s] DEBUG:colcon:Command line arguments: ['/usr/bin/colcon', 'build', '--symlink-install']
[0.438s] DEBUG:colcon:Parsed command line arguments: Namespace(log_base=None, log_level=None, verb_name='build', build_base='build', install_base='install', merge_install=False, symlink_install=True, test_result_base=None, continue_on_error=False, executor='parallel', parallel_workers=8, event_handlers=None, ignore_user_meta=False, metas=['./colcon.meta'], base_paths=['.'], packages_ignore=None, packages_ignore_regex=None, paths=None, packages_up_to=None, packages_up_to_regex=None, packages_above=None, packages_above_and_dependencies=None, packages_above_depth=None, packages_select_by_dep=None, packages_skip_by_dep=None, packages_skip_up_to=None, packages_select_build_failed=False, packages_skip_build_finished=False, packages_select_test_failures=False, packages_skip_test_passed=False, packages_select=None, packages_skip=None, packages_select_regex=None, packages_skip_regex=None, packages_start=None, packages_end=None, allow_overriding=[], cmake_args=None, cmake_target=None, cmake_target_skip_unavailable=False, cmake_clean_cache=False, cmake_clean_first=False, cmake_force_configure=False, ament_cmake_args=None, catkin_cmake_args=None, catkin_skip_building_tests=False, mixin_files=None, mixin=None, verb_parser=<colcon_mixin.mixin.mixin_argument.MixinArgumentDecorator object at 0x70c5c8dc5870>, verb_extension=<colcon_core.verb.build.BuildVerb object at 0x70c5c8d431c0>, main=<bound method BuildVerb.main of <colcon_core.verb.build.BuildVerb object at 0x70c5c8d431c0>>, mixin_verb=('build',))
[1.209s] Level 1:colcon.colcon_core.package_discovery:discover_packages(colcon_meta) check parameters
[1.210s] Level 1:colcon.colcon_core.package_discovery:discover_packages(recursive) check parameters
[1.210s] Level 1:colcon.colcon_core.package_discovery:discover_packages(ignore) check parameters
[1.210s] Level 1:colcon.colcon_core.package_discovery:discover_packages(path) check parameters
[1.210s] Level 1:colcon.colcon_core.package_discovery:discover_packages(colcon_meta) discover
[1.210s] Level 1:colcon.colcon_core.package_discovery:discover_packages(recursive) discover
[1.210s] INFO:colcon.colcon_core.package_discovery:Crawling recursively for packages in '/home/yash/SGP_IV/gesture_ws'
[1.210s] Level 1:colcon.colcon_core.package_identification:_identify(.) by extensions ['ignore', 'ignore_ament_install']
[1.211s] Level 1:colcon.colcon_core.package_identification:_identify(.) by extension 'ignore'
[1.211s] Level 1:colcon.colcon_core.package_identification:_identify(.) by extension 'ignore_ament_install'
[1.211s] Level 1:colcon.colcon_core.package_identification:_identify(.) by extensions ['colcon_pkg']
[1.211s] Level 1:colcon.colcon_core.package_identification:_identify(.) by extension 'colcon_pkg'
[1.212s] Level 1:colcon.colcon_core.package_identification:_identify(.) by extensions ['colcon_meta']
[1.212s] Level 1:colcon.colcon_core.package_identification:_identify(.) by extension 'colcon_meta'
[1.212s] Level 1:colcon.colcon_core.package_identification:_identify(.) by extensions ['ros']
[1.212s] Level 1:colcon.colcon_core.package_identification:_identify(.) by extension 'ros'
[1.241s] Level 1:colcon.colcon_core.package_identification:_identify(.) by extensions ['cmake', 'python']
[1.241s] Level 1:colcon.colcon_core.package_identification:_identify(.) by extension 'cmake'
[1.242s] Level 1:colcon.colcon_core.package_identification:_identify(.) by extension 'python'
[1.242s] Level 1:colcon.colcon_core.package_identification:_identify(.) by extensions ['python_setup_py']
[1.242s] Level 1:colcon.colcon_core.package_identification:_identify(.) by extension 'python_setup_py'
[1.242s] Level 1:colcon.colcon_core.package_identification:_identify(build) by extensions ['ignore', 'ignore_ament_install']
[1.243s] Level 1:colcon.colcon_core.package_identification:_identify(build) by extension 'ignore'
[1.243s] Level 1:colcon.colcon_core.package_identification:_identify(build) ignored
[1.243s] Level 1:colcon.colcon_core.package_identification:_identify(install) by extensions ['ignore', 'ignore_ament_install']
[1.243s] Level 1:colcon.colcon_core.package_identification:_identify(install) by extension 'ignore'
[1.244s] Level 1:colcon.colcon_core.package_identification:_identify(install) ignored
[1.244s] Level 1:colcon.colcon_core.package_identification:_identify(log) by extensions ['ignore', 'ignore_ament_install']
[1.244s] Level 1:colcon.colcon_core.package_identification:_identify(log) by extension 'ignore'
[1.244s] Level 1:colcon.colcon_core.package_identification:_identify(log) ignored
[1.244s] Level 1:colcon.colcon_core.package_identification:_identify(src) by extensions ['ignore', 'ignore_ament_install']
[1.245s] Level 1:colcon.colcon_core.package_identification:_identify(src) by extension 'ignore'
[1.245s] Level 1:colcon.colcon_core.package_identification:_identify(src) by extension 'ignore_ament_install'
[1.245s] Level 1:colcon.colcon_core.package_identification:_identify(src) by extensions ['colcon_pkg']
[1.245s] Level 1:colcon.colcon_core.package_identification:_identify(src) by extension 'colcon_pkg'
[1.245s] Level 1:colcon.colcon_core.package_identification:_identify(src) by extensions ['colcon_meta']
[1.245s] Level 1:colcon.colcon_core.package_identification:_identify(src) by extension 'colcon_meta'
[1.245s] Level 1:colcon.colcon_core.package_identification:_identify(src) by extensions ['ros']
[1.245s] Level 1:colcon.colcon_core.package_identification:_identify(src) by extension 'ros'
[1.246s] Level 1:colcon.colcon_core.package_identification:_identify(src) by extensions ['cmake', 'python']
[1.246s] Level 1:colcon.colcon_core.package_identification:_identify(src) by extension 'cmake'
[1.246s] Level 1:colcon.colcon_core.package_identification:_identify(src) by extension 'python'
[1.246s] Level 1:colcon.colcon_core.package_identification:_identify(src) by extensions ['python_setup_py']
[1.246s] Level 1:colcon.colcon_core.package_identification:_identify(src) by extension 'python_setup_py'
[1.246s] Level 1:colcon.colcon_core.package_identification:_identify(src/gesture_control) by extensions ['ignore', 'ignore_ament_install']
[1.247s] Level 1:colcon.colcon_core.package_identification:_identify(src/gesture_control) by extension 'ignore'
[1.247s] Level 1:colcon.colcon_core.package_identification:_identify(src/gesture_control) by extension 'ignore_ament_install'
[1.247s] Level 1:colcon.colcon_core.package_identification:_identify(src/gesture_control) by extensions ['colcon_pkg']
[1.247s] Level 1:colcon.colcon_core.package_identification:_identify(src/gesture_control) by extension 'colcon_pkg'
[1.247s] Level 1:colcon.colcon_core.package_identification:_identify(src/gesture_control) by extensions ['colcon_meta']
[1.247s] Level 1:colcon.colcon_core.package_identification:_identify(src/gesture_control) by extension 'colcon_meta'
[1.247s] Level 1:colcon.colcon_core.package_identification:_identify(src/gesture_control) by extensions ['ros']
[1.247s] Level 1:colcon.colcon_core.package_identification:_identify(src/gesture_control) by extension 'ros'
[1.253s] DEBUG:colcon.colcon_core.package_identification:Package 'src/gesture_control' with type 'ros.ament_python' and name 'gesture_control'
[1.254s] Level 1:colcon.colcon_core.package_identification:_identify(src/niyantrak_description) by extensions ['ignore', 'ignore_ament_install']
[1.254s] Level 1:colcon.colcon_core.package_identification:_identify(src/niyantrak_description) by extension 'ignore'
[1.254s] Level 1:colcon.colcon_core.package_identification:_identify(src/niyantrak_description) by extension 'ignore_ament_install'
[1.254s] Level 1:colcon.colcon_core.package_identification:_identify(src/niyantrak_description) by extensions ['colcon_pkg']
[1.254s] Level 1:colcon.colcon_core.package_identification:_identify(src/niyantrak_description) by extension 'colcon_pkg'
[1.254s] Level 1:colcon.colcon_core.package_identification:_identify(src/niyantrak_description) by extensions ['colcon_meta']
[1.255s] Level 1:colcon.colcon_core.package_identification:_identify(src/niyantrak_description) by extension 'colcon_meta'
[1.255s] Level 1:colcon.colcon_core.package_identification:_identify(src/niyantrak_description) by extensions ['ros']
[1.255s] Level 1:colcon.colcon_core.package_identification:_identify(src/niyantrak_description) by extension 'ros'
[1.256s] DEBUG:colcon.colcon_core.package_identification:Package 'src/niyantrak_description' with type 'ros.ament_cmake' and name 'niyantrak_description'
[1.256s] Level 1:colcon.colcon_core.package_discovery:discover_packages(recursive) using defaults
[1.257s] Level 1:colcon.colcon_core.package_discovery:discover_packages(ignore) discover
[1.257s] Level 1:colcon.colcon_core.package_discovery:discover_packages(ignore) using defaults
[1.257s] Level 1:colcon.colcon_core.package_discovery:discover_packages(path) discover
[1.257s] Level 1:colcon.colcon_core.package_discovery:discover_packages(path) using defaults
[1.315s] Level 1:colcon.colcon_core.package_discovery:discover_packages(prefix_path) check parameters
[1.316s] Level 1:colcon.colcon_core.package_discovery:discover_packages(prefix_path) discover
[1.323s] DEBUG:colcon.colcon_installed_package_information.package_discovery:Found 2 installed packages in /home/yash/SGP_IV/gesture_ws/install
[1.324s] DEBUG:colcon.colcon_installed_package_information.package_discovery:Found 4 installed packages in /home/yash/bumperbot_ws/install
[1.326s] DEBUG:colcon.colcon_installed_package_information.package_discovery:Found 5 installed packages in /home/yash/Agrobot/agri_ws/install
[1.327s] DEBUG:colcon.colcon_installed_package_information.package_discovery:Found 1 installed packages in /home/yash/tensor_ws/install
[1.328s] DEBUG:colcon.colcon_installed_package_information.package_discovery:Found 4 installed packages in /home/yash/rl_ws/install
[1.329s] DEBUG:colcon.colcon_installed_package_information.package_discovery:Found 1 installed packages in /home/yash/ros2_ws/install
[1.331s] DEBUG:colcon.colcon_installed_package_information.package_discovery:Found 5 installed packages in /home/yash/python_ws/install
[1.332s] DEBUG:colcon.colcon_installed_package_information.package_discovery:Found 2 installed packages in /home/yash/skid_ws/install
[1.334s] DEBUG:colcon.colcon_installed_package_information.package_discovery:Found 10 installed packages in /home/yash/eyrc24_ws/install
[1.339s] DEBUG:colcon.colcon_installed_package_information.package_discovery:Found 519 installed packages in /opt/ros/humble
[1.348s] Level 1:colcon.colcon_core.package_discovery:discover_packages(prefix_path) using defaults
[1.520s] Level 5:colcon.colcon_core.verb:set package 'gesture_control' build argument 'cmake_args' from command line to 'None'
[1.521s] Level 5:colcon.colcon_core.verb:set package 'gesture_control' build argument 'cmake_target' from command line to 'None'
[1.521s] Level 5:colcon.colcon_core.verb:set package 'gesture_control' build argument 'cmake_target_skip_unavailable' from command line to 'False'
[1.521s] Level 5:colcon.colcon_core.verb:set package 'gesture_control' build argument 'cmake_clean_cache' from command line to 'False'
[1.521s] Level 5:colcon.colcon_core.verb:set package 'gesture_control' build argument 'cmake_clean_first' from command line to 'False'
[1.521s] Level 5:colcon.colcon_core.verb:set package 'gesture_control' build argument 'cmake_force_configure' from command line to 'False'
[1.521s] Level 5:colcon.colcon_core.verb:set package 'gesture_control' build argument 'ament_cmake_args' from command line to 'None'
[1.521s] Level 5:colcon.colcon_core.verb:set package 'gesture_control' build argument 'catkin_cmake_args' from command line to 'None'
[1.521s] Level 5:colcon.colcon_core.verb:set package 'gesture_control' build argument 'catkin_skip_building_tests' from command line to 'False'
[1.521s] DEBUG:colcon.colcon_core.verb:Building package 'gesture_control' with the following arguments: {'ament_cmake_args': None, 'build_base': '/home/yash/SGP_IV/gesture_ws/build/gesture_control', 'catkin_cmake_args': None, 'catkin_skip_building_tests': False, 'cmake_args': None, 'cmake_clean_cache': False, 'cmake_clean_first': False, 'cmake_force_configure': False, 'cmake_target': None, 'cmake_target_skip_unavailable': False, 'install_base': '/home/yash/SGP_IV/gesture_ws/install/gesture_control', 'merge_install': False, 'path': '/home/yash/SGP_IV/gesture_ws/src/gesture_control', 'symlink_install': True, 'test_result_base': None}
[1.522s] Level 5:colcon.colcon_core.verb:set package 'niyantrak_description' build argument 'cmake_args' from command line to 'None'
[1.522s] Level 5:colcon.colcon_core.verb:set package 'niyantrak_description' build argument 'cmake_target' from command line to 'None'
[1.523s] Level 5:colcon.colcon_core.verb:set package 'niyantrak_description' build argument 'cmake_target_skip_unavailable' from command line to 'False'
[1.523s] Level 5:colcon.colcon_core.verb:set package 'niyantrak_description' build argument 'cmake_clean_cache' from command line to 'False'
[1.523s] Level 5:colcon.colcon_core.verb:set package 'niyantrak_description' build argument 'cmake_clean_first' from command line to 'False'
[1.523s] Level 5:colcon.colcon_core.verb:set package 'niyantrak_description' build argument 'cmake_force_configure' from command line to 'False'
[1.523s] Level 5:colcon.colcon_core.verb:set package 'niyantrak_description' build argument 'ament_cmake_args' from command line to 'None'
[1.523s] Level 5:colcon.colcon_core.verb:set package 'niyantrak_description' build argument 'catkin_cmake_args' from command line to 'None'
[1.523s] Level 5:colcon.colcon_core.verb:set package 'niyantrak_description' build argument 'catkin_skip_building_tests' from command line to 'False'
[1.523s] DEBUG:colcon.colcon_core.verb:Building package 'niyantrak_description' with the following arguments: {'ament_cmake_args': None, 'build_base': '/home/yash/SGP_IV/gesture_ws/build/niyantrak_description', 'catkin_cmake_args': None, 'catkin_skip_building_tests': False, 'cmake_args': None, 'cmake_clean_cache': False, 'cmake_clean_first': False, 'cmake_force_configure': False, 'cmake_target': None, 'cmake_target_skip_unavailable': False, 'install_base': '/home/yash/SGP_IV/gesture_ws/install/niyantrak_description', 'merge_install': False, 'path': '/home/yash/SGP_IV/gesture_ws/src/niyantrak_description', 'symlink_install': True, 'test_result_base': None}
[1.523s] INFO:colcon.colcon_core.executor:Executing jobs using 'parallel' executor
[1.525s] DEBUG:colcon.colcon_parallel_executor.executor.parallel:run_until_complete
[1.526s] INFO:colcon.colcon_ros.task.ament_python.build:Building ROS package in '/home/yash/SGP_IV/gesture_ws/src/gesture_control' with build type 'ament_python'
[1.526s] Level 1:colcon.colcon_core.shell:create_environment_hook('gesture_control', 'ament_prefix_path')
[1.533s] INFO:colcon.colcon_core.plugin_system:Skipping extension 'colcon_core.shell.bat': Not used on non-Windows systems
[1.533s] INFO:colcon.colcon_core.shell:Creating environment hook '/home/yash/SGP_IV/gesture_ws/install/gesture_control/share/gesture_control/hook/ament_prefix_path.ps1'
[1.535s] INFO:colcon.colcon_core.shell:Creating environment descriptor '/home/yash/SGP_IV/gesture_ws/install/gesture_control/share/gesture_control/hook/ament_prefix_path.dsv'
[1.536s] INFO:colcon.colcon_core.shell:Creating environment hook '/home/yash/SGP_IV/gesture_ws/install/gesture_control/share/gesture_control/hook/ament_prefix_path.sh'
[1.538s] INFO:colcon.colcon_core.shell:Skip shell extension 'powershell' for command environment: Not usable outside of PowerShell
[1.539s] DEBUG:colcon.colcon_core.shell:Skip shell extension 'dsv' for command environment
[2.930s] INFO:colcon.colcon_core.task.python.build:Building Python package in '/home/yash/SGP_IV/gesture_ws/src/gesture_control'
[2.931s] INFO:colcon.colcon_core.shell:Skip shell extension 'powershell' for command environment: Not usable outside of PowerShell
[2.931s] DEBUG:colcon.colcon_core.shell:Skip shell extension 'dsv' for command environment
[5.026s] DEBUG:colcon.colcon_core.event_handler.log_command:Invoking command in '/home/yash/SGP_IV/gesture_ws/build/gesture_control': PYTHONPATH=/home/yash/SGP_IV/gesture_ws/build/gesture_control/prefix_override:/usr/lib/python3/dist-packages/colcon_core/task/python/colcon_distutils_commands:/home/yash/SGP_IV/gesture_ws/install/gesture_control/lib/python3.10/site-packages:${PYTHONPATH} /usr/bin/python3 -W ignore:setup.py install is deprecated -W ignore:easy_install command is deprecated setup.py develop --editable --build-directory /home/yash/SGP_IV/gesture_ws/build/gesture_control/build --no-deps symlink_data
[8.310s] Level 1:colcon.colcon_core.shell:create_environment_hook('gesture_control', 'pythonpath_develop')
[8.311s] INFO:colcon.colcon_core.shell:Creating environment hook '/home/yash/SGP_IV/gesture_ws/build/gesture_control/share/gesture_control/hook/pythonpath_develop.ps1'
[8.314s] DEBUG:colcon.colcon_core.event_handler.log_command:Invoked command in '/home/yash/SGP_IV/gesture_ws/build/gesture_control' returned '0': PYTHONPATH=/home/yash/SGP_IV/gesture_ws/build/gesture_control/prefix_override:/usr/lib/python3/dist-packages/colcon_core/task/python/colcon_distutils_commands:/home/yash/SGP_IV/gesture_ws/install/gesture_control/lib/python3.10/site-packages:${PYTHONPATH} /usr/bin/python3 -W ignore:setup.py install is deprecated -W ignore:easy_install command is deprecated setup.py develop --editable --build-directory /home/yash/SGP_IV/gesture_ws/build/gesture_control/build --no-deps symlink_data
[8.315s] INFO:colcon.colcon_core.shell:Creating environment descriptor '/home/yash/SGP_IV/gesture_ws/build/gesture_control/share/gesture_control/hook/pythonpath_develop.dsv'
[8.316s] INFO:colcon.colcon_core.shell:Creating environment hook '/home/yash/SGP_IV/gesture_ws/build/gesture_control/share/gesture_control/hook/pythonpath_develop.sh'
[8.329s] Level 1:colcon.colcon_core.environment:checking '/home/yash/SGP_IV/gesture_ws/install/gesture_control' for CMake module files
[8.331s] Level 1:colcon.colcon_core.environment:checking '/home/yash/SGP_IV/gesture_ws/install/gesture_control' for CMake config files
[8.333s] Level 1:colcon.colcon_core.environment:checking '/home/yash/SGP_IV/gesture_ws/install/gesture_control/lib'
[8.334s] Level 1:colcon.colcon_core.environment:checking '/home/yash/SGP_IV/gesture_ws/install/gesture_control/bin'
[8.334s] Level 1:colcon.colcon_core.environment:checking '/home/yash/SGP_IV/gesture_ws/install/gesture_control/lib/pkgconfig/gesture_control.pc'
[8.335s] Level 1:colcon.colcon_core.environment:checking '/home/yash/SGP_IV/gesture_ws/install/gesture_control/lib/python3.10/site-packages'
[8.336s] Level 1:colcon.colcon_core.shell:create_environment_hook('gesture_control', 'pythonpath')
[8.337s] INFO:colcon.colcon_core.shell:Creating environment hook '/home/yash/SGP_IV/gesture_ws/install/gesture_control/share/gesture_control/hook/pythonpath.ps1'
[8.339s] INFO:colcon.colcon_core.shell:Creating environment descriptor '/home/yash/SGP_IV/gesture_ws/install/gesture_control/share/gesture_control/hook/pythonpath.dsv'
[8.340s] INFO:colcon.colcon_core.shell:Creating environment hook '/home/yash/SGP_IV/gesture_ws/install/gesture_control/share/gesture_control/hook/pythonpath.sh'
[8.342s] Level 1:colcon.colcon_core.environment:checking '/home/yash/SGP_IV/gesture_ws/install/gesture_control/bin'
[8.343s] Level 1:colcon.colcon_core.environment:create_environment_scripts_only(gesture_control)
[8.344s] INFO:colcon.colcon_core.shell:Creating package script '/home/yash/SGP_IV/gesture_ws/install/gesture_control/share/gesture_control/package.ps1'
[8.348s] INFO:colcon.colcon_core.shell:Creating package descriptor '/home/yash/SGP_IV/gesture_ws/install/gesture_control/share/gesture_control/package.dsv'
[8.351s] INFO:colcon.colcon_core.shell:Creating package script '/home/yash/SGP_IV/gesture_ws/install/gesture_control/share/gesture_control/package.sh'
[8.354s] INFO:colcon.colcon_core.shell:Creating package script '/home/yash/SGP_IV/gesture_ws/install/gesture_control/share/gesture_control/package.bash'
[8.357s] INFO:colcon.colcon_core.shell:Creating package script '/home/yash/SGP_IV/gesture_ws/install/gesture_control/share/gesture_control/package.zsh'
[8.360s] Level 1:colcon.colcon_core.environment:create_file_with_runtime_dependencies(/home/yash/SGP_IV/gesture_ws/install/gesture_control/share/colcon-core/packages/gesture_control)
[8.362s] INFO:colcon.colcon_ros.task.ament_cmake.build:Building ROS package in '/home/yash/SGP_IV/gesture_ws/src/niyantrak_description' with build type 'ament_cmake'
[8.362s] INFO:colcon.colcon_cmake.task.cmake.build:Building CMake package in '/home/yash/SGP_IV/gesture_ws/src/niyantrak_description'
[8.363s] INFO:colcon.colcon_core.shell:Skip shell extension 'powershell' for command environment: Not usable outside of PowerShell
[8.364s] DEBUG:colcon.colcon_core.shell:Skip shell extension 'dsv' for command environment
[8.427s] DEBUG:colcon.colcon_core.event_handler.log_command:Invoking command in '/home/yash/SGP_IV/gesture_ws/build/niyantrak_description': AMENT_PREFIX_PATH=/home/yash/SGP_IV/gesture_ws/install/gesture_control:/home/yash/bumperbot_ws/install/bumperbot_py_examples:/home/yash/bumperbot_ws/install/bumperbot_description:/home/yash/bumperbot_ws/install/bumperbot_cpp_examples:/home/yash/bumperbot_ws/install/bumperbot_controller:/home/yash/Agrobot/agri_ws/install/agribot_gazebo:/home/yash/Agrobot/agri_ws/install/agribot_description:/home/yash/Agrobot/agri_ws/install/agribot_control:/home/yash/tensor_ws/install/warehouse_sim:/home/yash/rl_ws/install/serp_rl:/home/yash/rl_ws/install/flatland:/home/yash/rl_ws/install/flatland_msgs:/home/yash/ros2_ws/install/my_robot_description:/home/yash/python_ws/install/my_robot_bringup:/home/yash/python_ws/install/turtlesim_catch_all:/home/yash/python_ws/install/my_py_pkg:/home/yash/python_ws/install/my_robot_interfaces:/home/yash/python_ws/install/my_cpp_pkg:/home/yash/skid_ws/install/ackerman:/home/yash/eyrc24_ws/install/ur_simulation_gazebo:/home/yash/eyrc24_ws/install/ur_moveit_config:/home/yash/eyrc24_ws/install/ur_description:/home/yash/eyrc24_ws/install/ur5_control:/home/yash/eyrc24_ws/install/realsense_gazebo_plugin:/home/yash/eyrc24_ws/install/pymoveit2:/home/yash/eyrc24_ws/install/linkattacher_msgs:/home/yash/eyrc24_ws/install/eyantra_warehouse:/home/yash/eyrc24_ws/install/ebot_nav2:/home/yash/eyrc24_ws/install/ebot_description:/home/yash/SGP_IV/gesture_ws/install/niyantrak_description:/opt/ros/humble CMAKE_PREFIX_PATH=${CMAKE_PREFIX_PATH}:/home/yash/bumperbot_ws/install/bumperbot_py_examples:/home/yash/tensor_ws/install/warehouse_sim:/home/yash/rl_ws/install/serp_rl:/home/yash/python_ws/install/turtlesim_catch_all:/home/yash/python_ws/install/my_py_pkg:/home/yash/skid_ws/install/ackerman:/home/yash/eyrc24_ws/install/ur5_control:/home/yash/SGP_IV/gesture_ws/install/gesture_control:/opt/ros/humble PYTHONPATH=/home/yash/SGP_IV/gesture_ws/build/gesture_control:/home/yash/SGP_IV/gesture_ws/install/gesture_control/lib/python3.10/site-packages:/home/yash/bumperbot_ws/build/bumperbot_py_examples:/home/yash/bumperbot_ws/install/bumperbot_py_examples/lib/python3.10/site-packages:/home/yash/Agrobot/agri_ws/build/perception_pkg:/home/yash/Agrobot/agri_ws/install/perception_pkg/lib/python3.10/site-packages:/home/yash/Agrobot/agri_ws/build/control_pkg:/home/yash/Agrobot/agri_ws/install/control_pkg/lib/python3.10/site-packages:/home/yash/tensor_ws/install/warehouse_sim/lib/python3.10/site-packages:/home/yash/rl_ws/install/serp_rl/lib/python3.10/site-packages:/home/yash/rl_ws/install/flatland_msgs/local/lib/python3.10/dist-packages:/home/yash/python_ws/install/turtlesim_catch_all/lib/python3.10/site-packages:/home/yash/python_ws/install/my_py_pkg/lib/python3.10/site-packages:/home/yash/python_ws/install/my_robot_interfaces/local/lib/python3.10/dist-packages:/home/yash/skid_ws/build/skid_pkg:/home/yash/skid_ws/install/skid_pkg/lib/python3.10/site-packages:/home/yash/skid_ws/build/ackerman:/home/yash/skid_ws/install/ackerman/lib/python3.10/site-packages:/home/yash/eyrc24_ws/build/ur5_control:/home/yash/eyrc24_ws/install/ur5_control/lib/python3.10/site-packages:/home/yash/eyrc24_ws/install/pymoveit2/local/lib/python3.10/dist-packages:/home/yash/eyrc24_ws/install/linkattacher_msgs/local/lib/python3.10/dist-packages:/opt/ros/humble/lib/python3.10/site-packages:/opt/ros/humble/local/lib/python3.10/dist-packages /usr/bin/cmake --build /home/yash/SGP_IV/gesture_ws/build/niyantrak_description -- -j8 -l8
[8.581s] DEBUG:colcon.colcon_core.event_handler.log_command:Invoked command in '/home/yash/SGP_IV/gesture_ws/build/niyantrak_description' returned '0': AMENT_PREFIX_PATH=/home/yash/SGP_IV/gesture_ws/install/gesture_control:/home/yash/bumperbot_ws/install/bumperbot_py_examples:/home/yash/bumperbot_ws/install/bumperbot_description:/home/yash/bumperbot_ws/install/bumperbot_cpp_examples:/home/yash/bumperbot_ws/install/bumperbot_controller:/home/yash/Agrobot/agri_ws/install/agribot_gazebo:/home/yash/Agrobot/agri_ws/install/agribot_description:/home/yash/Agrobot/agri_ws/install/agribot_control:/home/yash/tensor_ws/install/warehouse_sim:/home/yash/rl_ws/install/serp_rl:/home/yash/rl_ws/install/flatland:/home/yash/rl_ws/install/flatland_msgs:/home/yash/ros2_ws/install/my_robot_description:/home/yash/python_ws/install/my_robot_bringup:/home/yash/python_ws/install/turtlesim_catch_all:/home/yash/python_ws/install/my_py_pkg:/home/yash/python_ws/install/my_robot_interfaces:/home/yash/python_ws/install/my_cpp_pkg:/home/yash/skid_ws/install/ackerman:/home/yash/eyrc24_ws/install/ur_simulation_gazebo:/home/yash/eyrc24_ws/install/ur_moveit_config:/home/yash/eyrc24_ws/install/ur_description:/home/yash/eyrc24_ws/install/ur5_control:/home/yash/eyrc24_ws/install/realsense_gazebo_plugin:/home/yash/eyrc24_ws/install/pymoveit2:/home/yash/eyrc24_ws/install/linkattacher_msgs:/home/yash/eyrc24_ws/install/eyantra_warehouse:/home/yash/eyrc24_ws/install/ebot_nav2:/home/yash/eyrc24_ws/install/ebot_description:/home/yash/SGP_IV/gesture_ws/install/niyantrak_description:/opt/ros/humble CMAKE_PREFIX_PATH=${CMAKE_PREFIX_PATH}:/home/yash/bumperbot_ws/install/bumperbot_py_examples:/home/yash/tensor_ws/install/warehouse_sim:/home/yash/rl_ws/install/serp_rl:/home/yash/python_ws/install/turtlesim_catch_all:/home/yash/python_ws/install/my_py_pkg:/home/yash/skid_ws/install/ackerman:/home/yash/eyrc24_ws/install/ur5_control:/home/yash/SGP_IV/gesture_ws/install/gesture_control:/opt/ros/humble PYTHONPATH=/home/yash/SGP_IV/gesture_ws/build/gesture_control:/home/yash/SGP_IV/gesture_ws/install/gesture_control/lib/python3.10/site-packages:/home/yash/bumperbot_ws/build/bumperbot_py_examples:/home/yash/bumperbot_ws/install/bumperbot_py_examples/lib/python3.10/site-packages:/home/yash/Agrobot/agri_ws/build/perception_pkg:/home/yash/Agrobot/agri_ws/install/perception_pkg/lib/python3.10/site-packages:/home/yash/Agrobot/agri_ws/build/control_pkg:/home/yash/Agrobot/agri_ws/install/control_pkg/lib/python3.10/site-packages:/home/yash/tensor_ws/install/warehouse_sim/lib/python3.10/site-packages:/home/yash/rl_ws/install/serp_rl/lib/python3.10/site-packages:/home/yash/rl_ws/install/flatland_msgs/local/lib/python3.10/dist-packages:/home/yash/python_ws/install/turtlesim_catch_all/lib/python3.10/site-packages:/home/yash/python_ws/install/my_py_pkg/lib/python3.10/site-packages:/home/yash/python_ws/install/my_robot_interfaces/local/lib/python3.10/dist-packages:/home/yash/skid_ws/build/skid_pkg:/home/yash/skid_ws/install/skid_pkg/lib/python3.10/site-packages:/home/yash/skid_ws/build/ackerman:/home/yash/skid_ws/install/ackerman/lib/python3.10/site-packages:/home/yash/eyrc24_ws/build/ur5_control:/home/yash/eyrc24_ws/install/ur5_control/lib/python3.10/site-packages:/home/yash/eyrc24_ws/install/pymoveit2/local/lib/python3.10/dist-packages:/home/yash/eyrc24_ws/install/linkattacher_msgs/local/lib/python3.10/dist-packages:/opt/ros/humble/lib/python3.10/site-packages:/opt/ros/humble/local/lib/python3.10/dist-packages /usr/bin/cmake --build /home/yash/SGP_IV/gesture_ws/build/niyantrak_description -- -j8 -l8
[8.625s] DEBUG:colcon.colcon_core.event_handler.log_command:Invoking command in '/home/yash/SGP_IV/gesture_ws/build/niyantrak_description': AMENT_PREFIX_PATH=/home/yash/SGP_IV/gesture_ws/install/gesture_control:/home/yash/bumperbot_ws/install/bumperbot_py_examples:/home/yash/bumperbot_ws/install/bumperbot_description:/home/yash/bumperbot_ws/install/bumperbot_cpp_examples:/home/yash/bumperbot_ws/install/bumperbot_controller:/home/yash/Agrobot/agri_ws/install/agribot_gazebo:/home/yash/Agrobot/agri_ws/install/agribot_description:/home/yash/Agrobot/agri_ws/install/agribot_control:/home/yash/tensor_ws/install/warehouse_sim:/home/yash/rl_ws/install/serp_rl:/home/yash/rl_ws/install/flatland:/home/yash/rl_ws/install/flatland_msgs:/home/yash/ros2_ws/install/my_robot_description:/home/yash/python_ws/install/my_robot_bringup:/home/yash/python_ws/install/turtlesim_catch_all:/home/yash/python_ws/install/my_py_pkg:/home/yash/python_ws/install/my_robot_interfaces:/home/yash/python_ws/install/my_cpp_pkg:/home/yash/skid_ws/install/ackerman:/home/yash/eyrc24_ws/install/ur_simulation_gazebo:/home/yash/eyrc24_ws/install/ur_moveit_config:/home/yash/eyrc24_ws/install/ur_description:/home/yash/eyrc24_ws/install/ur5_control:/home/yash/eyrc24_ws/install/realsense_gazebo_plugin:/home/yash/eyrc24_ws/install/pymoveit2:/home/yash/eyrc24_ws/install/linkattacher_msgs:/home/yash/eyrc24_ws/install/eyantra_warehouse:/home/yash/eyrc24_ws/install/ebot_nav2:/home/yash/eyrc24_ws/install/ebot_description:/home/yash/SGP_IV/gesture_ws/install/niyantrak_description:/opt/ros/humble CMAKE_PREFIX_PATH=${CMAKE_PREFIX_PATH}:/home/yash/bumperbot_ws/install/bumperbot_py_examples:/home/yash/tensor_ws/install/warehouse_sim:/home/yash/rl_ws/install/serp_rl:/home/yash/python_ws/install/turtlesim_catch_all:/home/yash/python_ws/install/my_py_pkg:/home/yash/skid_ws/install/ackerman:/home/yash/eyrc24_ws/install/ur5_control:/home/yash/SGP_IV/gesture_ws/install/gesture_control:/opt/ros/humble PYTHONPATH=/home/yash/SGP_IV/gesture_ws/build/gesture_control:/home/yash/SGP_IV/gesture_ws/install/gesture_control/lib/python3.10/site-packages:/home/yash/bumperbot_ws/build/bumperbot_py_examples:/home/yash/bumperbot_ws/install/bumperbot_py_examples/lib/python3.10/site-packages:/home/yash/Agrobot/agri_ws/build/perception_pkg:/home/yash/Agrobot/agri_ws/install/perception_pkg/lib/python3.10/site-packages:/home/yash/Agrobot/agri_ws/build/control_pkg:/home/yash/Agrobot/agri_ws/install/control_pkg/lib/python3.10/site-packages:/home/yash/tensor_ws/install/warehouse_sim/lib/python3.10/site-packages:/home/yash/rl_ws/install/serp_rl/lib/python3.10/site-packages:/home/yash/rl_ws/install/flatland_msgs/local/lib/python3.10/dist-packages:/home/yash/python_ws/install/turtlesim_catch_all/lib/python3.10/site-packages:/home/yash/python_ws/install/my_py_pkg/lib/python3.10/site-packages:/home/yash/python_ws/install/my_robot_interfaces/local/lib/python3.10/dist-packages:/home/yash/skid_ws/build/skid_pkg:/home/yash/skid_ws/install/skid_pkg/lib/python3.10/site-packages:/home/yash/skid_ws/build/ackerman:/home/yash/skid_ws/install/ackerman/lib/python3.10/site-packages:/home/yash/eyrc24_ws/build/ur5_control:/home/yash/eyrc24_ws/install/ur5_control/lib/python3.10/site-packages:/home/yash/eyrc24_ws/install/pymoveit2/local/lib/python3.10/dist-packages:/home/yash/eyrc24_ws/install/linkattacher_msgs/local/lib/python3.10/dist-packages:/opt/ros/humble/lib/python3.10/site-packages:/opt/ros/humble/local/lib/python3.10/dist-packages /usr/bin/cmake --install /home/yash/SGP_IV/gesture_ws/build/niyantrak_description
[8.728s] Level 1:colcon.colcon_core.environment:create_environment_scripts_only(niyantrak_description)
[8.730s] Level 1:colcon.colcon_core.environment:checking '/home/yash/SGP_IV/gesture_ws/install/niyantrak_description' for CMake module files
[8.733s] DEBUG:colcon.colcon_core.event_handler.log_command:Invoked command in '/home/yash/SGP_IV/gesture_ws/build/niyantrak_description' returned '0': AMENT_PREFIX_PATH=/home/yash/SGP_IV/gesture_ws/install/gesture_control:/home/yash/bumperbot_ws/install/bumperbot_py_examples:/home/yash/bumperbot_ws/install/bumperbot_description:/home/yash/bumperbot_ws/install/bumperbot_cpp_examples:/home/yash/bumperbot_ws/install/bumperbot_controller:/home/yash/Agrobot/agri_ws/install/agribot_gazebo:/home/yash/Agrobot/agri_ws/install/agribot_description:/home/yash/Agrobot/agri_ws/install/agribot_control:/home/yash/tensor_ws/install/warehouse_sim:/home/yash/rl_ws/install/serp_rl:/home/yash/rl_ws/install/flatland:/home/yash/rl_ws/install/flatland_msgs:/home/yash/ros2_ws/install/my_robot_description:/home/yash/python_ws/install/my_robot_bringup:/home/yash/python_ws/install/turtlesim_catch_all:/home/yash/python_ws/install/my_py_pkg:/home/yash/python_ws/install/my_robot_interfaces:/home/yash/python_ws/install/my_cpp_pkg:/home/yash/skid_ws/install/ackerman:/home/yash/eyrc24_ws/install/ur_simulation_gazebo:/home/yash/eyrc24_ws/install/ur_moveit_config:/home/yash/eyrc24_ws/install/ur_description:/home/yash/eyrc24_ws/install/ur5_control:/home/yash/eyrc24_ws/install/realsense_gazebo_plugin:/home/yash/eyrc24_ws/install/pymoveit2:/home/yash/eyrc24_ws/install/linkattacher_msgs:/home/yash/eyrc24_ws/install/eyantra_warehouse:/home/yash/eyrc24_ws/install/ebot_nav2:/home/yash/eyrc24_ws/install/ebot_description:/home/yash/SGP_IV/gesture_ws/install/niyantrak_description:/opt/ros/humble CMAKE_PREFIX_PATH=${CMAKE_PREFIX_PATH}:/home/yash/bumperbot_ws/install/bumperbot_py_examples:/home/yash/tensor_ws/install/warehouse_sim:/home/yash/rl_ws/install/serp_rl:/home/yash/python_ws/install/turtlesim_catch_all:/home/yash/python_ws/install/my_py_pkg:/home/yash/skid_ws/install/ackerman:/home/yash/eyrc24_ws/install/ur5_control:/home/yash/SGP_IV/gesture_ws/install/gesture_control:/opt/ros/humble PYTHONPATH=/home/yash/SGP_IV/gesture_ws/build/gesture_control:/home/yash/SGP_IV/gesture_ws/install/gesture_control/lib/python3.10/site-packages:/home/yash/bumperbot_ws/build/bumperbot_py_examples:/home/yash/bumperbot_ws/install/bumperbot_py_examples/lib/python3.10/site-packages:/home/yash/Agrobot/agri_ws/build/perception_pkg:/home/yash/Agrobot/agri_ws/install/perception_pkg/lib/python3.10/site-packages:/home/yash/Agrobot/agri_ws/build/control_pkg:/home/yash/Agrobot/agri_ws/install/control_pkg/lib/python3.10/site-packages:/home/yash/tensor_ws/install/warehouse_sim/lib/python3.10/site-packages:/home/yash/rl_ws/install/serp_rl/lib/python3.10/site-packages:/home/yash/rl_ws/install/flatland_msgs/local/lib/python3.10/dist-packages:/home/yash/python_ws/install/turtlesim_catch_all/lib/python3.10/site-packages:/home/yash/python_ws/install/my_py_pkg/lib/python3.10/site-packages:/home/yash/python_ws/install/my_robot_interfaces/local/lib/python3.10/dist-packages:/home/yash/skid_ws/build/skid_pkg:/home/yash/skid_ws/install/skid_pkg/lib/python3.10/site-packages:/home/yash/skid_ws/build/ackerman:/home/yash/skid_ws/install/ackerman/lib/python3.10/site-packages:/home/yash/eyrc24_ws/build/ur5_control:/home/yash/eyrc24_ws/install/ur5_control/lib/python3.10/site-packages:/home/yash/eyrc24_ws/install/pymoveit2/local/lib/python3.10/dist-packages:/home/yash/eyrc24_ws/install/linkattacher_msgs/local/lib/python3.10/dist-packages:/opt/ros/humble/lib/python3.10/site-packages:/opt/ros/humble/local/lib/python3.10/dist-packages /usr/bin/cmake --install /home/yash/SGP_IV/gesture_ws/build/niyantrak_description
[8.736s] Level 1:colcon.colcon_core.environment:checking '/home/yash/SGP_IV/gesture_ws/install/niyantrak_description' for CMake config files
[8.737s] Level 1:colcon.colcon_core.shell:create_environment_hook('niyantrak_description', 'cmake_prefix_path')
[8.739s] INFO:colcon.colcon_core.shell:Creating environment hook '/home/yash/SGP_IV/gesture_ws/install/niyantrak_description/share/niyantrak_description/hook/cmake_prefix_path.ps1'
[8.742s] INFO:colcon.colcon_core.shell:Creating environment descriptor '/home/yash/SGP_IV/gesture_ws/install/niyantrak_description/share/niyantrak_description/hook/cmake_prefix_path.dsv'
[8.744s] INFO:colcon.colcon_core.shell:Creating environment hook '/home/yash/SGP_IV/gesture_ws/install/niyantrak_description/share/niyantrak_description/hook/cmake_prefix_path.sh'
[8.747s] Level 1:colcon.colcon_core.environment:checking '/home/yash/SGP_IV/gesture_ws/install/niyantrak_description/bin'
[8.748s] Level 1:colcon.colcon_core.environment:checking '/home/yash/SGP_IV/gesture_ws/install/niyantrak_description/lib/pkgconfig/niyantrak_description.pc'
[8.750s] Level 1:colcon.colcon_core.environment:checking '/home/yash/SGP_IV/gesture_ws/install/niyantrak_description/lib/python3.10/site-packages'
[8.751s] Level 1:colcon.colcon_core.environment:checking '/home/yash/SGP_IV/gesture_ws/install/niyantrak_description/bin'
[8.754s] INFO:colcon.colcon_core.shell:Creating package script '/home/yash/SGP_IV/gesture_ws/install/niyantrak_description/share/niyantrak_description/package.ps1'
[8.757s] INFO:colcon.colcon_core.shell:Creating package descriptor '/home/yash/SGP_IV/gesture_ws/install/niyantrak_description/share/niyantrak_description/package.dsv'
[8.760s] INFO:colcon.colcon_core.shell:Creating package script '/home/yash/SGP_IV/gesture_ws/install/niyantrak_description/share/niyantrak_description/package.sh'
[8.762s] INFO:colcon.colcon_core.shell:Creating package script '/home/yash/SGP_IV/gesture_ws/install/niyantrak_description/share/niyantrak_description/package.bash'
[8.765s] INFO:colcon.colcon_core.shell:Creating package script '/home/yash/SGP_IV/gesture_ws/install/niyantrak_description/share/niyantrak_description/package.zsh'
[8.767s] Level 1:colcon.colcon_core.environment:create_file_with_runtime_dependencies(/home/yash/SGP_IV/gesture_ws/install/niyantrak_description/share/colcon-core/packages/niyantrak_description)
[8.771s] Level 1:colcon.colcon_core.environment:create_environment_scripts_only(niyantrak_description)
[8.773s] Level 1:colcon.colcon_core.environment:checking '/home/yash/SGP_IV/gesture_ws/install/niyantrak_description' for CMake module files
[8.777s] Level 1:colcon.colcon_core.environment:checking '/home/yash/SGP_IV/gesture_ws/install/niyantrak_description' for CMake config files
[8.778s] Level 1:colcon.colcon_core.shell:create_environment_hook('niyantrak_description', 'cmake_prefix_path')
[8.780s] INFO:colcon.colcon_core.shell:Creating environment hook '/home/yash/SGP_IV/gesture_ws/install/niyantrak_description/share/niyantrak_description/hook/cmake_prefix_path.ps1'
[8.783s] INFO:colcon.colcon_core.shell:Creating environment descriptor '/home/yash/SGP_IV/gesture_ws/install/niyantrak_description/share/niyantrak_description/hook/cmake_prefix_path.dsv'
[8.785s] INFO:colcon.colcon_core.shell:Creating environment hook '/home/yash/SGP_IV/gesture_ws/install/niyantrak_description/share/niyantrak_description/hook/cmake_prefix_path.sh'
[8.789s] Level 1:colcon.colcon_core.environment:checking '/home/yash/SGP_IV/gesture_ws/install/niyantrak_description/bin'
[8.789s] Level 1:colcon.colcon_core.environment:checking '/home/yash/SGP_IV/gesture_ws/install/niyantrak_description/lib/pkgconfig/niyantrak_description.pc'
[8.791s] Level 1:colcon.colcon_core.environment:checking '/home/yash/SGP_IV/gesture_ws/install/niyantrak_description/lib/python3.10/site-packages'
[8.792s] Level 1:colcon.colcon_core.environment:checking '/home/yash/SGP_IV/gesture_ws/install/niyantrak_description/bin'
[8.795s] INFO:colcon.colcon_core.shell:Creating package script '/home/yash/SGP_IV/gesture_ws/install/niyantrak_description/share/niyantrak_description/package.ps1'
[8.798s] INFO:colcon.colcon_core.shell:Creating package descriptor '/home/yash/SGP_IV/gesture_ws/install/niyantrak_description/share/niyantrak_description/package.dsv'
[8.801s] INFO:colcon.colcon_core.shell:Creating package script '/home/yash/SGP_IV/gesture_ws/install/niyantrak_description/share/niyantrak_description/package.sh'
[8.804s] INFO:colcon.colcon_core.shell:Creating package script '/home/yash/SGP_IV/gesture_ws/install/niyantrak_description/share/niyantrak_description/package.bash'
[8.807s] INFO:colcon.colcon_core.shell:Creating package script '/home/yash/SGP_IV/gesture_ws/install/niyantrak_description/share/niyantrak_description/package.zsh'
[8.810s] Level 1:colcon.colcon_core.environment:create_file_with_runtime_dependencies(/home/yash/SGP_IV/gesture_ws/install/niyantrak_description/share/colcon-core/packages/niyantrak_description)
[8.811s] DEBUG:colcon.colcon_parallel_executor.executor.parallel:closing loop
[8.812s] DEBUG:colcon.colcon_parallel_executor.executor.parallel:loop closed
[8.812s] DEBUG:colcon.colcon_parallel_executor.executor.parallel:run_until_complete finished with '0'
[8.813s] DEBUG:colcon.colcon_core.event_reactor:joining thread
[8.852s] INFO:colcon.colcon_core.plugin_system:Skipping extension 'colcon_notification.desktop_notification.terminal_notifier': Not used on non-Darwin systems
[8.853s] INFO:colcon.colcon_core.plugin_system:Skipping extension 'colcon_notification.desktop_notification.win32': Not used on non-Windows systems
[8.853s] INFO:colcon.colcon_notification.desktop_notification:Sending desktop notification using 'notify2'
[8.929s] DEBUG:colcon.colcon_core.event_reactor:joined thread
[8.931s] INFO:colcon.colcon_core.shell:Creating prefix script '/home/yash/SGP_IV/gesture_ws/install/local_setup.ps1'
[8.939s] INFO:colcon.colcon_core.shell:Creating prefix util module '/home/yash/SGP_IV/gesture_ws/install/_local_setup_util_ps1.py'
[8.954s] INFO:colcon.colcon_core.shell:Creating prefix chain script '/home/yash/SGP_IV/gesture_ws/install/setup.ps1'
[8.971s] INFO:colcon.colcon_core.shell:Creating prefix script '/home/yash/SGP_IV/gesture_ws/install/local_setup.sh'
[8.975s] INFO:colcon.colcon_core.shell:Creating prefix util module '/home/yash/SGP_IV/gesture_ws/install/_local_setup_util_sh.py'
[8.979s] INFO:colcon.colcon_core.shell:Creating prefix chain script '/home/yash/SGP_IV/gesture_ws/install/setup.sh'
[8.996s] INFO:colcon.colcon_core.shell:Creating prefix script '/home/yash/SGP_IV/gesture_ws/install/local_setup.bash'
[8.999s] INFO:colcon.colcon_core.shell:Creating prefix chain script '/home/yash/SGP_IV/gesture_ws/install/setup.bash'
[9.015s] INFO:colcon.colcon_core.shell:Creating prefix script '/home/yash/SGP_IV/gesture_ws/install/local_setup.zsh'
[9.019s] INFO:colcon.colcon_core.shell:Creating prefix chain script '/home/yash/SGP_IV/gesture_ws/install/setup.zsh'
