[1.048s] DEBUG:colcon:Command line arguments: ['/usr/bin/colcon', 'build', '--symlink-install']
[1.049s] DEBUG:colcon:Parsed command line arguments: Namespace(log_base=None, log_level=None, verb_name='build', build_base='build', install_base='install', merge_install=False, symlink_install=True, test_result_base=None, continue_on_error=False, executor='parallel', parallel_workers=8, event_handlers=None, ignore_user_meta=False, metas=['./colcon.meta'], base_paths=['.'], packages_ignore=None, packages_ignore_regex=None, paths=None, packages_up_to=None, packages_up_to_regex=None, packages_above=None, packages_above_and_dependencies=None, packages_above_depth=None, packages_select_by_dep=None, packages_skip_by_dep=None, packages_skip_up_to=None, packages_select_build_failed=False, packages_skip_build_finished=False, packages_select_test_failures=False, packages_skip_test_passed=False, packages_select=None, packages_skip=None, packages_select_regex=None, packages_skip_regex=None, packages_start=None, packages_end=None, allow_overriding=[], cmake_args=None, cmake_target=None, cmake_target_skip_unavailable=False, cmake_clean_cache=False, cmake_clean_first=False, cmake_force_configure=False, ament_cmake_args=None, catkin_cmake_args=None, catkin_skip_building_tests=False, mixin_files=None, mixin=None, verb_parser=<colcon_mixin.mixin.mixin_argument.MixinArgumentDecorator object at 0x76a2a59d1810>, verb_extension=<colcon_core.verb.build.BuildVerb object at 0x76a2a594f160>, main=<bound method BuildVerb.main of <colcon_core.verb.build.BuildVerb object at 0x76a2a594f160>>, mixin_verb=('build',))
[3.469s] Level 1:colcon.colcon_core.package_discovery:discover_packages(colcon_meta) check parameters
[3.469s] Level 1:colcon.colcon_core.package_discovery:discover_packages(recursive) check parameters
[3.470s] Level 1:colcon.colcon_core.package_discovery:discover_packages(ignore) check parameters
[3.470s] Level 1:colcon.colcon_core.package_discovery:discover_packages(path) check parameters
[3.470s] Level 1:colcon.colcon_core.package_discovery:discover_packages(colcon_meta) discover
[3.471s] Level 1:colcon.colcon_core.package_discovery:discover_packages(recursive) discover
[3.471s] INFO:colcon.colcon_core.package_discovery:Crawling recursively for packages in '/home/yash/SGP_IV/gesture_ws'
[3.472s] Level 1:colcon.colcon_core.package_identification:_identify(.) by extensions ['ignore', 'ignore_ament_install']
[3.473s] Level 1:colcon.colcon_core.package_identification:_identify(.) by extension 'ignore'
[3.474s] Level 1:colcon.colcon_core.package_identification:_identify(.) by extension 'ignore_ament_install'
[3.474s] Level 1:colcon.colcon_core.package_identification:_identify(.) by extensions ['colcon_pkg']
[3.475s] Level 1:colcon.colcon_core.package_identification:_identify(.) by extension 'colcon_pkg'
[3.476s] Level 1:colcon.colcon_core.package_identification:_identify(.) by extensions ['colcon_meta']
[3.477s] Level 1:colcon.colcon_core.package_identification:_identify(.) by extension 'colcon_meta'
[3.477s] Level 1:colcon.colcon_core.package_identification:_identify(.) by extensions ['ros']
[3.478s] Level 1:colcon.colcon_core.package_identification:_identify(.) by extension 'ros'
[3.571s] Level 1:colcon.colcon_core.package_identification:_identify(.) by extensions ['cmake', 'python']
[3.572s] Level 1:colcon.colcon_core.package_identification:_identify(.) by extension 'cmake'
[3.572s] Level 1:colcon.colcon_core.package_identification:_identify(.) by extension 'python'
[3.573s] Level 1:colcon.colcon_core.package_identification:_identify(.) by extensions ['python_setup_py']
[3.573s] Level 1:colcon.colcon_core.package_identification:_identify(.) by extension 'python_setup_py'
[3.574s] Level 1:colcon.colcon_core.package_identification:_identify(build) by extensions ['ignore', 'ignore_ament_install']
[3.576s] Level 1:colcon.colcon_core.package_identification:_identify(build) by extension 'ignore'
[3.577s] Level 1:colcon.colcon_core.package_identification:_identify(build) ignored
[3.578s] Level 1:colcon.colcon_core.package_identification:_identify(install) by extensions ['ignore', 'ignore_ament_install']
[3.580s] Level 1:colcon.colcon_core.package_identification:_identify(install) by extension 'ignore'
[3.580s] Level 1:colcon.colcon_core.package_identification:_identify(install) ignored
[3.582s] Level 1:colcon.colcon_core.package_identification:_identify(log) by extensions ['ignore', 'ignore_ament_install']
[3.582s] Level 1:colcon.colcon_core.package_identification:_identify(log) by extension 'ignore'
[3.583s] Level 1:colcon.colcon_core.package_identification:_identify(log) ignored
[3.583s] Level 1:colcon.colcon_core.package_identification:_identify(src) by extensions ['ignore', 'ignore_ament_install']
[3.584s] Level 1:colcon.colcon_core.package_identification:_identify(src) by extension 'ignore'
[3.584s] Level 1:colcon.colcon_core.package_identification:_identify(src) by extension 'ignore_ament_install'
[3.585s] Level 1:colcon.colcon_core.package_identification:_identify(src) by extensions ['colcon_pkg']
[3.585s] Level 1:colcon.colcon_core.package_identification:_identify(src) by extension 'colcon_pkg'
[3.585s] Level 1:colcon.colcon_core.package_identification:_identify(src) by extensions ['colcon_meta']
[3.585s] Level 1:colcon.colcon_core.package_identification:_identify(src) by extension 'colcon_meta'
[3.586s] Level 1:colcon.colcon_core.package_identification:_identify(src) by extensions ['ros']
[3.586s] Level 1:colcon.colcon_core.package_identification:_identify(src) by extension 'ros'
[3.587s] Level 1:colcon.colcon_core.package_identification:_identify(src) by extensions ['cmake', 'python']
[3.587s] Level 1:colcon.colcon_core.package_identification:_identify(src) by extension 'cmake'
[3.587s] Level 1:colcon.colcon_core.package_identification:_identify(src) by extension 'python'
[3.588s] Level 1:colcon.colcon_core.package_identification:_identify(src) by extensions ['python_setup_py']
[3.588s] Level 1:colcon.colcon_core.package_identification:_identify(src) by extension 'python_setup_py'
[3.589s] Level 1:colcon.colcon_core.package_identification:_identify(src/gesture_control) by extensions ['ignore', 'ignore_ament_install']
[3.590s] Level 1:colcon.colcon_core.package_identification:_identify(src/gesture_control) by extension 'ignore'
[3.590s] Level 1:colcon.colcon_core.package_identification:_identify(src/gesture_control) by extension 'ignore_ament_install'
[3.590s] Level 1:colcon.colcon_core.package_identification:_identify(src/gesture_control) by extensions ['colcon_pkg']
[3.591s] Level 1:colcon.colcon_core.package_identification:_identify(src/gesture_control) by extension 'colcon_pkg'
[3.591s] Level 1:colcon.colcon_core.package_identification:_identify(src/gesture_control) by extensions ['colcon_meta']
[3.591s] Level 1:colcon.colcon_core.package_identification:_identify(src/gesture_control) by extension 'colcon_meta'
[3.592s] Level 1:colcon.colcon_core.package_identification:_identify(src/gesture_control) by extensions ['ros']
[3.592s] Level 1:colcon.colcon_core.package_identification:_identify(src/gesture_control) by extension 'ros'
[3.614s] DEBUG:colcon.colcon_core.package_identification:Package 'src/gesture_control' with type 'ros.ament_python' and name 'gesture_control'
[3.616s] Level 1:colcon.colcon_core.package_identification:_identify(src/niyantrak_description) by extensions ['ignore', 'ignore_ament_install']
[3.617s] Level 1:colcon.colcon_core.package_identification:_identify(src/niyantrak_description) by extension 'ignore'
[3.617s] Level 1:colcon.colcon_core.package_identification:_identify(src/niyantrak_description) by extension 'ignore_ament_install'
[3.618s] Level 1:colcon.colcon_core.package_identification:_identify(src/niyantrak_description) by extensions ['colcon_pkg']
[3.618s] Level 1:colcon.colcon_core.package_identification:_identify(src/niyantrak_description) by extension 'colcon_pkg'
[3.618s] Level 1:colcon.colcon_core.package_identification:_identify(src/niyantrak_description) by extensions ['colcon_meta']
[3.619s] Level 1:colcon.colcon_core.package_identification:_identify(src/niyantrak_description) by extension 'colcon_meta'
[3.619s] Level 1:colcon.colcon_core.package_identification:_identify(src/niyantrak_description) by extensions ['ros']
[3.619s] Level 1:colcon.colcon_core.package_identification:_identify(src/niyantrak_description) by extension 'ros'
[3.624s] DEBUG:colcon.colcon_core.package_identification:Package 'src/niyantrak_description' with type 'ros.ament_cmake' and name 'niyantrak_description'
[3.624s] Level 1:colcon.colcon_core.package_discovery:discover_packages(recursive) using defaults
[3.624s] Level 1:colcon.colcon_core.package_discovery:discover_packages(ignore) discover
[3.625s] Level 1:colcon.colcon_core.package_discovery:discover_packages(ignore) using defaults
[3.625s] Level 1:colcon.colcon_core.package_discovery:discover_packages(path) discover
[3.625s] Level 1:colcon.colcon_core.package_discovery:discover_packages(path) using defaults
[3.787s] Level 1:colcon.colcon_core.package_discovery:discover_packages(prefix_path) check parameters
[3.788s] Level 1:colcon.colcon_core.package_discovery:discover_packages(prefix_path) discover
[3.803s] DEBUG:colcon.colcon_installed_package_information.package_discovery:Found 4 installed packages in /home/yash/bumperbot_ws/install
[3.806s] DEBUG:colcon.colcon_installed_package_information.package_discovery:Found 2 installed packages in /home/yash/SGP_IV/gesture_ws/install
[3.809s] DEBUG:colcon.colcon_installed_package_information.package_discovery:Found 5 installed packages in /home/yash/Agrobot/agri_ws/install
[3.813s] DEBUG:colcon.colcon_installed_package_information.package_discovery:Found 1 installed packages in /home/yash/tensor_ws/install
[3.816s] DEBUG:colcon.colcon_installed_package_information.package_discovery:Found 4 installed packages in /home/yash/rl_ws/install
[3.820s] DEBUG:colcon.colcon_installed_package_information.package_discovery:Found 1 installed packages in /home/yash/ros2_ws/install
[3.822s] DEBUG:colcon.colcon_installed_package_information.package_discovery:Found 5 installed packages in /home/yash/python_ws/install
[3.825s] DEBUG:colcon.colcon_installed_package_information.package_discovery:Found 2 installed packages in /home/yash/skid_ws/install
[3.829s] DEBUG:colcon.colcon_installed_package_information.package_discovery:Found 10 installed packages in /home/yash/eyrc24_ws/install
[3.841s] DEBUG:colcon.colcon_installed_package_information.package_discovery:Found 519 installed packages in /opt/ros/humble
[3.864s] Level 1:colcon.colcon_core.package_discovery:discover_packages(prefix_path) using defaults
[4.292s] Level 5:colcon.colcon_core.verb:set package 'gesture_control' build argument 'cmake_args' from command line to 'None'
[4.293s] Level 5:colcon.colcon_core.verb:set package 'gesture_control' build argument 'cmake_target' from command line to 'None'
[4.293s] Level 5:colcon.colcon_core.verb:set package 'gesture_control' build argument 'cmake_target_skip_unavailable' from command line to 'False'
[4.294s] Level 5:colcon.colcon_core.verb:set package 'gesture_control' build argument 'cmake_clean_cache' from command line to 'False'
[4.295s] Level 5:colcon.colcon_core.verb:set package 'gesture_control' build argument 'cmake_clean_first' from command line to 'False'
[4.295s] Level 5:colcon.colcon_core.verb:set package 'gesture_control' build argument 'cmake_force_configure' from command line to 'False'
[4.295s] Level 5:colcon.colcon_core.verb:set package 'gesture_control' build argument 'ament_cmake_args' from command line to 'None'
[4.295s] Level 5:colcon.colcon_core.verb:set package 'gesture_control' build argument 'catkin_cmake_args' from command line to 'None'
[4.295s] Level 5:colcon.colcon_core.verb:set package 'gesture_control' build argument 'catkin_skip_building_tests' from command line to 'False'
[4.295s] DEBUG:colcon.colcon_core.verb:Building package 'gesture_control' with the following arguments: {'ament_cmake_args': None, 'build_base': '/home/yash/SGP_IV/gesture_ws/build/gesture_control', 'catkin_cmake_args': None, 'catkin_skip_building_tests': False, 'cmake_args': None, 'cmake_clean_cache': False, 'cmake_clean_first': False, 'cmake_force_configure': False, 'cmake_target': None, 'cmake_target_skip_unavailable': False, 'install_base': '/home/yash/SGP_IV/gesture_ws/install/gesture_control', 'merge_install': False, 'path': '/home/yash/SGP_IV/gesture_ws/src/gesture_control', 'symlink_install': True, 'test_result_base': None}
[4.299s] Level 5:colcon.colcon_core.verb:set package 'niyantrak_description' build argument 'cmake_args' from command line to 'None'
[4.299s] Level 5:colcon.colcon_core.verb:set package 'niyantrak_description' build argument 'cmake_target' from command line to 'None'
[4.299s] Level 5:colcon.colcon_core.verb:set package 'niyantrak_description' build argument 'cmake_target_skip_unavailable' from command line to 'False'
[4.299s] Level 5:colcon.colcon_core.verb:set package 'niyantrak_description' build argument 'cmake_clean_cache' from command line to 'False'
[4.300s] Level 5:colcon.colcon_core.verb:set package 'niyantrak_description' build argument 'cmake_clean_first' from command line to 'False'
[4.300s] Level 5:colcon.colcon_core.verb:set package 'niyantrak_description' build argument 'cmake_force_configure' from command line to 'False'
[4.300s] Level 5:colcon.colcon_core.verb:set package 'niyantrak_description' build argument 'ament_cmake_args' from command line to 'None'
[4.300s] Level 5:colcon.colcon_core.verb:set package 'niyantrak_description' build argument 'catkin_cmake_args' from command line to 'None'
[4.300s] Level 5:colcon.colcon_core.verb:set package 'niyantrak_description' build argument 'catkin_skip_building_tests' from command line to 'False'
[4.300s] DEBUG:colcon.colcon_core.verb:Building package 'niyantrak_description' with the following arguments: {'ament_cmake_args': None, 'build_base': '/home/yash/SGP_IV/gesture_ws/build/niyantrak_description', 'catkin_cmake_args': None, 'catkin_skip_building_tests': False, 'cmake_args': None, 'cmake_clean_cache': False, 'cmake_clean_first': False, 'cmake_force_configure': False, 'cmake_target': None, 'cmake_target_skip_unavailable': False, 'install_base': '/home/yash/SGP_IV/gesture_ws/install/niyantrak_description', 'merge_install': False, 'path': '/home/yash/SGP_IV/gesture_ws/src/niyantrak_description', 'symlink_install': True, 'test_result_base': None}
[4.301s] INFO:colcon.colcon_core.executor:Executing jobs using 'parallel' executor
[4.305s] DEBUG:colcon.colcon_parallel_executor.executor.parallel:run_until_complete
[4.306s] INFO:colcon.colcon_ros.task.ament_python.build:Building ROS package in '/home/yash/SGP_IV/gesture_ws/src/gesture_control' with build type 'ament_python'
[4.306s] Level 1:colcon.colcon_core.shell:create_environment_hook('gesture_control', 'ament_prefix_path')
[4.324s] INFO:colcon.colcon_core.plugin_system:Skipping extension 'colcon_core.shell.bat': Not used on non-Windows systems
[4.325s] INFO:colcon.colcon_core.shell:Creating environment hook '/home/yash/SGP_IV/gesture_ws/install/gesture_control/share/gesture_control/hook/ament_prefix_path.ps1'
[4.329s] INFO:colcon.colcon_core.shell:Creating environment descriptor '/home/yash/SGP_IV/gesture_ws/install/gesture_control/share/gesture_control/hook/ament_prefix_path.dsv'
[4.333s] INFO:colcon.colcon_core.shell:Creating environment hook '/home/yash/SGP_IV/gesture_ws/install/gesture_control/share/gesture_control/hook/ament_prefix_path.sh'
[4.337s] INFO:colcon.colcon_core.shell:Skip shell extension 'powershell' for command environment: Not usable outside of PowerShell
[4.338s] DEBUG:colcon.colcon_core.shell:Skip shell extension 'dsv' for command environment
[7.327s] INFO:colcon.colcon_core.task.python.build:Building Python package in '/home/yash/SGP_IV/gesture_ws/src/gesture_control'
[7.329s] INFO:colcon.colcon_core.shell:Skip shell extension 'powershell' for command environment: Not usable outside of PowerShell
[7.329s] DEBUG:colcon.colcon_core.shell:Skip shell extension 'dsv' for command environment
[10.673s] DEBUG:colcon.colcon_core.event_handler.log_command:Invoking command in '/home/yash/SGP_IV/gesture_ws/build/gesture_control': PYTHONPATH=/home/yash/SGP_IV/gesture_ws/build/gesture_control/prefix_override:/usr/lib/python3/dist-packages/colcon_core/task/python/colcon_distutils_commands:/home/yash/SGP_IV/gesture_ws/install/gesture_control/lib/python3.10/site-packages:${PYTHONPATH} /usr/bin/python3 -W ignore:setup.py install is deprecated -W ignore:easy_install command is deprecated setup.py develop --editable --build-directory /home/yash/SGP_IV/gesture_ws/build/gesture_control/build --no-deps symlink_data
[14.776s] Level 1:colcon.colcon_core.shell:create_environment_hook('gesture_control', 'pythonpath_develop')
[14.779s] DEBUG:colcon.colcon_core.event_handler.log_command:Invoked command in '/home/yash/SGP_IV/gesture_ws/build/gesture_control' returned '0': PYTHONPATH=/home/yash/SGP_IV/gesture_ws/build/gesture_control/prefix_override:/usr/lib/python3/dist-packages/colcon_core/task/python/colcon_distutils_commands:/home/yash/SGP_IV/gesture_ws/install/gesture_control/lib/python3.10/site-packages:${PYTHONPATH} /usr/bin/python3 -W ignore:setup.py install is deprecated -W ignore:easy_install command is deprecated setup.py develop --editable --build-directory /home/yash/SGP_IV/gesture_ws/build/gesture_control/build --no-deps symlink_data
[14.780s] INFO:colcon.colcon_core.shell:Creating environment hook '/home/yash/SGP_IV/gesture_ws/build/gesture_control/share/gesture_control/hook/pythonpath_develop.ps1'
[14.785s] INFO:colcon.colcon_core.shell:Creating environment descriptor '/home/yash/SGP_IV/gesture_ws/build/gesture_control/share/gesture_control/hook/pythonpath_develop.dsv'
[14.787s] INFO:colcon.colcon_core.shell:Creating environment hook '/home/yash/SGP_IV/gesture_ws/build/gesture_control/share/gesture_control/hook/pythonpath_develop.sh'
[14.802s] Level 1:colcon.colcon_core.environment:checking '/home/yash/SGP_IV/gesture_ws/install/gesture_control' for CMake module files
[14.804s] Level 1:colcon.colcon_core.environment:checking '/home/yash/SGP_IV/gesture_ws/install/gesture_control' for CMake config files
[14.807s] Level 1:colcon.colcon_core.environment:checking '/home/yash/SGP_IV/gesture_ws/install/gesture_control/lib'
[14.808s] Level 1:colcon.colcon_core.environment:checking '/home/yash/SGP_IV/gesture_ws/install/gesture_control/bin'
[14.808s] Level 1:colcon.colcon_core.environment:checking '/home/yash/SGP_IV/gesture_ws/install/gesture_control/lib/pkgconfig/gesture_control.pc'
[14.810s] Level 1:colcon.colcon_core.environment:checking '/home/yash/SGP_IV/gesture_ws/install/gesture_control/lib/python3.10/site-packages'
[14.810s] Level 1:colcon.colcon_core.shell:create_environment_hook('gesture_control', 'pythonpath')
[14.811s] INFO:colcon.colcon_core.shell:Creating environment hook '/home/yash/SGP_IV/gesture_ws/install/gesture_control/share/gesture_control/hook/pythonpath.ps1'
[14.813s] INFO:colcon.colcon_core.shell:Creating environment descriptor '/home/yash/SGP_IV/gesture_ws/install/gesture_control/share/gesture_control/hook/pythonpath.dsv'
[14.815s] INFO:colcon.colcon_core.shell:Creating environment hook '/home/yash/SGP_IV/gesture_ws/install/gesture_control/share/gesture_control/hook/pythonpath.sh'
[14.819s] Level 1:colcon.colcon_core.environment:checking '/home/yash/SGP_IV/gesture_ws/install/gesture_control/bin'
[14.819s] Level 1:colcon.colcon_core.environment:create_environment_scripts_only(gesture_control)
[14.821s] INFO:colcon.colcon_core.shell:Creating package script '/home/yash/SGP_IV/gesture_ws/install/gesture_control/share/gesture_control/package.ps1'
[14.826s] INFO:colcon.colcon_core.shell:Creating package descriptor '/home/yash/SGP_IV/gesture_ws/install/gesture_control/share/gesture_control/package.dsv'
[14.828s] INFO:colcon.colcon_core.shell:Creating package script '/home/yash/SGP_IV/gesture_ws/install/gesture_control/share/gesture_control/package.sh'
[14.831s] INFO:colcon.colcon_core.shell:Creating package script '/home/yash/SGP_IV/gesture_ws/install/gesture_control/share/gesture_control/package.bash'
[14.834s] INFO:colcon.colcon_core.shell:Creating package script '/home/yash/SGP_IV/gesture_ws/install/gesture_control/share/gesture_control/package.zsh'
[14.838s] Level 1:colcon.colcon_core.environment:create_file_with_runtime_dependencies(/home/yash/SGP_IV/gesture_ws/install/gesture_control/share/colcon-core/packages/gesture_control)
[14.839s] INFO:colcon.colcon_ros.task.ament_cmake.build:Building ROS package in '/home/yash/SGP_IV/gesture_ws/src/niyantrak_description' with build type 'ament_cmake'
[14.840s] INFO:colcon.colcon_cmake.task.cmake.build:Building CMake package in '/home/yash/SGP_IV/gesture_ws/src/niyantrak_description'
[14.842s] INFO:colcon.colcon_core.shell:Skip shell extension 'powershell' for command environment: Not usable outside of PowerShell
[14.843s] DEBUG:colcon.colcon_core.shell:Skip shell extension 'dsv' for command environment
[14.912s] DEBUG:colcon.colcon_core.event_handler.log_command:Invoking command in '/home/yash/SGP_IV/gesture_ws/build/niyantrak_description': AMENT_PREFIX_PATH=/home/yash/SGP_IV/gesture_ws/install/gesture_control:/home/yash/bumperbot_ws/install/bumperbot_py_examples:/home/yash/bumperbot_ws/install/bumperbot_description:/home/yash/bumperbot_ws/install/bumperbot_cpp_examples:/home/yash/bumperbot_ws/install/bumperbot_controller:/home/yash/Agrobot/agri_ws/install/agribot_gazebo:/home/yash/Agrobot/agri_ws/install/agribot_description:/home/yash/Agrobot/agri_ws/install/agribot_control:/home/yash/tensor_ws/install/warehouse_sim:/home/yash/rl_ws/install/serp_rl:/home/yash/rl_ws/install/flatland:/home/yash/rl_ws/install/flatland_msgs:/home/yash/ros2_ws/install/my_robot_description:/home/yash/python_ws/install/my_robot_bringup:/home/yash/python_ws/install/turtlesim_catch_all:/home/yash/python_ws/install/my_py_pkg:/home/yash/python_ws/install/my_robot_interfaces:/home/yash/python_ws/install/my_cpp_pkg:/home/yash/skid_ws/install/ackerman:/home/yash/eyrc24_ws/install/ur_simulation_gazebo:/home/yash/eyrc24_ws/install/ur_moveit_config:/home/yash/eyrc24_ws/install/ur_description:/home/yash/eyrc24_ws/install/ur5_control:/home/yash/eyrc24_ws/install/realsense_gazebo_plugin:/home/yash/eyrc24_ws/install/pymoveit2:/home/yash/eyrc24_ws/install/linkattacher_msgs:/home/yash/eyrc24_ws/install/eyantra_warehouse:/home/yash/eyrc24_ws/install/ebot_nav2:/home/yash/eyrc24_ws/install/ebot_description:/home/yash/SGP_IV/gesture_ws/install/niyantrak_description:/opt/ros/humble CMAKE_PREFIX_PATH=${CMAKE_PREFIX_PATH}:/home/yash/bumperbot_ws/install/bumperbot_py_examples:/home/yash/tensor_ws/install/warehouse_sim:/home/yash/rl_ws/install/serp_rl:/home/yash/python_ws/install/turtlesim_catch_all:/home/yash/python_ws/install/my_py_pkg:/home/yash/skid_ws/install/ackerman:/home/yash/eyrc24_ws/install/ur5_control:/home/yash/SGP_IV/gesture_ws/install/gesture_control:/opt/ros/humble PYTHONPATH=/home/yash/SGP_IV/gesture_ws/build/gesture_control:/home/yash/SGP_IV/gesture_ws/install/gesture_control/lib/python3.10/site-packages:/home/yash/bumperbot_ws/build/bumperbot_py_examples:/home/yash/bumperbot_ws/install/bumperbot_py_examples/lib/python3.10/site-packages:/home/yash/Agrobot/agri_ws/build/perception_pkg:/home/yash/Agrobot/agri_ws/install/perception_pkg/lib/python3.10/site-packages:/home/yash/Agrobot/agri_ws/build/control_pkg:/home/yash/Agrobot/agri_ws/install/control_pkg/lib/python3.10/site-packages:/home/yash/tensor_ws/install/warehouse_sim/lib/python3.10/site-packages:/home/yash/rl_ws/install/serp_rl/lib/python3.10/site-packages:/home/yash/rl_ws/install/flatland_msgs/local/lib/python3.10/dist-packages:/home/yash/python_ws/install/turtlesim_catch_all/lib/python3.10/site-packages:/home/yash/python_ws/install/my_py_pkg/lib/python3.10/site-packages:/home/yash/python_ws/install/my_robot_interfaces/local/lib/python3.10/dist-packages:/home/yash/skid_ws/build/skid_pkg:/home/yash/skid_ws/install/skid_pkg/lib/python3.10/site-packages:/home/yash/skid_ws/build/ackerman:/home/yash/skid_ws/install/ackerman/lib/python3.10/site-packages:/home/yash/eyrc24_ws/build/ur5_control:/home/yash/eyrc24_ws/install/ur5_control/lib/python3.10/site-packages:/home/yash/eyrc24_ws/install/pymoveit2/local/lib/python3.10/dist-packages:/home/yash/eyrc24_ws/install/linkattacher_msgs/local/lib/python3.10/dist-packages:/opt/ros/humble/lib/python3.10/site-packages:/opt/ros/humble/local/lib/python3.10/dist-packages /usr/bin/cmake --build /home/yash/SGP_IV/gesture_ws/build/niyantrak_description -- -j8 -l8
[15.067s] DEBUG:colcon.colcon_core.event_handler.log_command:Invoked command in '/home/yash/SGP_IV/gesture_ws/build/niyantrak_description' returned '0': AMENT_PREFIX_PATH=/home/yash/SGP_IV/gesture_ws/install/gesture_control:/home/yash/bumperbot_ws/install/bumperbot_py_examples:/home/yash/bumperbot_ws/install/bumperbot_description:/home/yash/bumperbot_ws/install/bumperbot_cpp_examples:/home/yash/bumperbot_ws/install/bumperbot_controller:/home/yash/Agrobot/agri_ws/install/agribot_gazebo:/home/yash/Agrobot/agri_ws/install/agribot_description:/home/yash/Agrobot/agri_ws/install/agribot_control:/home/yash/tensor_ws/install/warehouse_sim:/home/yash/rl_ws/install/serp_rl:/home/yash/rl_ws/install/flatland:/home/yash/rl_ws/install/flatland_msgs:/home/yash/ros2_ws/install/my_robot_description:/home/yash/python_ws/install/my_robot_bringup:/home/yash/python_ws/install/turtlesim_catch_all:/home/yash/python_ws/install/my_py_pkg:/home/yash/python_ws/install/my_robot_interfaces:/home/yash/python_ws/install/my_cpp_pkg:/home/yash/skid_ws/install/ackerman:/home/yash/eyrc24_ws/install/ur_simulation_gazebo:/home/yash/eyrc24_ws/install/ur_moveit_config:/home/yash/eyrc24_ws/install/ur_description:/home/yash/eyrc24_ws/install/ur5_control:/home/yash/eyrc24_ws/install/realsense_gazebo_plugin:/home/yash/eyrc24_ws/install/pymoveit2:/home/yash/eyrc24_ws/install/linkattacher_msgs:/home/yash/eyrc24_ws/install/eyantra_warehouse:/home/yash/eyrc24_ws/install/ebot_nav2:/home/yash/eyrc24_ws/install/ebot_description:/home/yash/SGP_IV/gesture_ws/install/niyantrak_description:/opt/ros/humble CMAKE_PREFIX_PATH=${CMAKE_PREFIX_PATH}:/home/yash/bumperbot_ws/install/bumperbot_py_examples:/home/yash/tensor_ws/install/warehouse_sim:/home/yash/rl_ws/install/serp_rl:/home/yash/python_ws/install/turtlesim_catch_all:/home/yash/python_ws/install/my_py_pkg:/home/yash/skid_ws/install/ackerman:/home/yash/eyrc24_ws/install/ur5_control:/home/yash/SGP_IV/gesture_ws/install/gesture_control:/opt/ros/humble PYTHONPATH=/home/yash/SGP_IV/gesture_ws/build/gesture_control:/home/yash/SGP_IV/gesture_ws/install/gesture_control/lib/python3.10/site-packages:/home/yash/bumperbot_ws/build/bumperbot_py_examples:/home/yash/bumperbot_ws/install/bumperbot_py_examples/lib/python3.10/site-packages:/home/yash/Agrobot/agri_ws/build/perception_pkg:/home/yash/Agrobot/agri_ws/install/perception_pkg/lib/python3.10/site-packages:/home/yash/Agrobot/agri_ws/build/control_pkg:/home/yash/Agrobot/agri_ws/install/control_pkg/lib/python3.10/site-packages:/home/yash/tensor_ws/install/warehouse_sim/lib/python3.10/site-packages:/home/yash/rl_ws/install/serp_rl/lib/python3.10/site-packages:/home/yash/rl_ws/install/flatland_msgs/local/lib/python3.10/dist-packages:/home/yash/python_ws/install/turtlesim_catch_all/lib/python3.10/site-packages:/home/yash/python_ws/install/my_py_pkg/lib/python3.10/site-packages:/home/yash/python_ws/install/my_robot_interfaces/local/lib/python3.10/dist-packages:/home/yash/skid_ws/build/skid_pkg:/home/yash/skid_ws/install/skid_pkg/lib/python3.10/site-packages:/home/yash/skid_ws/build/ackerman:/home/yash/skid_ws/install/ackerman/lib/python3.10/site-packages:/home/yash/eyrc24_ws/build/ur5_control:/home/yash/eyrc24_ws/install/ur5_control/lib/python3.10/site-packages:/home/yash/eyrc24_ws/install/pymoveit2/local/lib/python3.10/dist-packages:/home/yash/eyrc24_ws/install/linkattacher_msgs/local/lib/python3.10/dist-packages:/opt/ros/humble/lib/python3.10/site-packages:/opt/ros/humble/local/lib/python3.10/dist-packages /usr/bin/cmake --build /home/yash/SGP_IV/gesture_ws/build/niyantrak_description -- -j8 -l8
[15.112s] DEBUG:colcon.colcon_core.event_handler.log_command:Invoking command in '/home/yash/SGP_IV/gesture_ws/build/niyantrak_description': AMENT_PREFIX_PATH=/home/yash/SGP_IV/gesture_ws/install/gesture_control:/home/yash/bumperbot_ws/install/bumperbot_py_examples:/home/yash/bumperbot_ws/install/bumperbot_description:/home/yash/bumperbot_ws/install/bumperbot_cpp_examples:/home/yash/bumperbot_ws/install/bumperbot_controller:/home/yash/Agrobot/agri_ws/install/agribot_gazebo:/home/yash/Agrobot/agri_ws/install/agribot_description:/home/yash/Agrobot/agri_ws/install/agribot_control:/home/yash/tensor_ws/install/warehouse_sim:/home/yash/rl_ws/install/serp_rl:/home/yash/rl_ws/install/flatland:/home/yash/rl_ws/install/flatland_msgs:/home/yash/ros2_ws/install/my_robot_description:/home/yash/python_ws/install/my_robot_bringup:/home/yash/python_ws/install/turtlesim_catch_all:/home/yash/python_ws/install/my_py_pkg:/home/yash/python_ws/install/my_robot_interfaces:/home/yash/python_ws/install/my_cpp_pkg:/home/yash/skid_ws/install/ackerman:/home/yash/eyrc24_ws/install/ur_simulation_gazebo:/home/yash/eyrc24_ws/install/ur_moveit_config:/home/yash/eyrc24_ws/install/ur_description:/home/yash/eyrc24_ws/install/ur5_control:/home/yash/eyrc24_ws/install/realsense_gazebo_plugin:/home/yash/eyrc24_ws/install/pymoveit2:/home/yash/eyrc24_ws/install/linkattacher_msgs:/home/yash/eyrc24_ws/install/eyantra_warehouse:/home/yash/eyrc24_ws/install/ebot_nav2:/home/yash/eyrc24_ws/install/ebot_description:/home/yash/SGP_IV/gesture_ws/install/niyantrak_description:/opt/ros/humble CMAKE_PREFIX_PATH=${CMAKE_PREFIX_PATH}:/home/yash/bumperbot_ws/install/bumperbot_py_examples:/home/yash/tensor_ws/install/warehouse_sim:/home/yash/rl_ws/install/serp_rl:/home/yash/python_ws/install/turtlesim_catch_all:/home/yash/python_ws/install/my_py_pkg:/home/yash/skid_ws/install/ackerman:/home/yash/eyrc24_ws/install/ur5_control:/home/yash/SGP_IV/gesture_ws/install/gesture_control:/opt/ros/humble PYTHONPATH=/home/yash/SGP_IV/gesture_ws/build/gesture_control:/home/yash/SGP_IV/gesture_ws/install/gesture_control/lib/python3.10/site-packages:/home/yash/bumperbot_ws/build/bumperbot_py_examples:/home/yash/bumperbot_ws/install/bumperbot_py_examples/lib/python3.10/site-packages:/home/yash/Agrobot/agri_ws/build/perception_pkg:/home/yash/Agrobot/agri_ws/install/perception_pkg/lib/python3.10/site-packages:/home/yash/Agrobot/agri_ws/build/control_pkg:/home/yash/Agrobot/agri_ws/install/control_pkg/lib/python3.10/site-packages:/home/yash/tensor_ws/install/warehouse_sim/lib/python3.10/site-packages:/home/yash/rl_ws/install/serp_rl/lib/python3.10/site-packages:/home/yash/rl_ws/install/flatland_msgs/local/lib/python3.10/dist-packages:/home/yash/python_ws/install/turtlesim_catch_all/lib/python3.10/site-packages:/home/yash/python_ws/install/my_py_pkg/lib/python3.10/site-packages:/home/yash/python_ws/install/my_robot_interfaces/local/lib/python3.10/dist-packages:/home/yash/skid_ws/build/skid_pkg:/home/yash/skid_ws/install/skid_pkg/lib/python3.10/site-packages:/home/yash/skid_ws/build/ackerman:/home/yash/skid_ws/install/ackerman/lib/python3.10/site-packages:/home/yash/eyrc24_ws/build/ur5_control:/home/yash/eyrc24_ws/install/ur5_control/lib/python3.10/site-packages:/home/yash/eyrc24_ws/install/pymoveit2/local/lib/python3.10/dist-packages:/home/yash/eyrc24_ws/install/linkattacher_msgs/local/lib/python3.10/dist-packages:/opt/ros/humble/lib/python3.10/site-packages:/opt/ros/humble/local/lib/python3.10/dist-packages /usr/bin/cmake --install /home/yash/SGP_IV/gesture_ws/build/niyantrak_description
[15.218s] Level 1:colcon.colcon_core.environment:create_environment_scripts_only(niyantrak_description)
[15.221s] Level 1:colcon.colcon_core.environment:checking '/home/yash/SGP_IV/gesture_ws/install/niyantrak_description' for CMake module files
[15.224s] DEBUG:colcon.colcon_core.event_handler.log_command:Invoked command in '/home/yash/SGP_IV/gesture_ws/build/niyantrak_description' returned '0': AMENT_PREFIX_PATH=/home/yash/SGP_IV/gesture_ws/install/gesture_control:/home/yash/bumperbot_ws/install/bumperbot_py_examples:/home/yash/bumperbot_ws/install/bumperbot_description:/home/yash/bumperbot_ws/install/bumperbot_cpp_examples:/home/yash/bumperbot_ws/install/bumperbot_controller:/home/yash/Agrobot/agri_ws/install/agribot_gazebo:/home/yash/Agrobot/agri_ws/install/agribot_description:/home/yash/Agrobot/agri_ws/install/agribot_control:/home/yash/tensor_ws/install/warehouse_sim:/home/yash/rl_ws/install/serp_rl:/home/yash/rl_ws/install/flatland:/home/yash/rl_ws/install/flatland_msgs:/home/yash/ros2_ws/install/my_robot_description:/home/yash/python_ws/install/my_robot_bringup:/home/yash/python_ws/install/turtlesim_catch_all:/home/yash/python_ws/install/my_py_pkg:/home/yash/python_ws/install/my_robot_interfaces:/home/yash/python_ws/install/my_cpp_pkg:/home/yash/skid_ws/install/ackerman:/home/yash/eyrc24_ws/install/ur_simulation_gazebo:/home/yash/eyrc24_ws/install/ur_moveit_config:/home/yash/eyrc24_ws/install/ur_description:/home/yash/eyrc24_ws/install/ur5_control:/home/yash/eyrc24_ws/install/realsense_gazebo_plugin:/home/yash/eyrc24_ws/install/pymoveit2:/home/yash/eyrc24_ws/install/linkattacher_msgs:/home/yash/eyrc24_ws/install/eyantra_warehouse:/home/yash/eyrc24_ws/install/ebot_nav2:/home/yash/eyrc24_ws/install/ebot_description:/home/yash/SGP_IV/gesture_ws/install/niyantrak_description:/opt/ros/humble CMAKE_PREFIX_PATH=${CMAKE_PREFIX_PATH}:/home/yash/bumperbot_ws/install/bumperbot_py_examples:/home/yash/tensor_ws/install/warehouse_sim:/home/yash/rl_ws/install/serp_rl:/home/yash/python_ws/install/turtlesim_catch_all:/home/yash/python_ws/install/my_py_pkg:/home/yash/skid_ws/install/ackerman:/home/yash/eyrc24_ws/install/ur5_control:/home/yash/SGP_IV/gesture_ws/install/gesture_control:/opt/ros/humble PYTHONPATH=/home/yash/SGP_IV/gesture_ws/build/gesture_control:/home/yash/SGP_IV/gesture_ws/install/gesture_control/lib/python3.10/site-packages:/home/yash/bumperbot_ws/build/bumperbot_py_examples:/home/yash/bumperbot_ws/install/bumperbot_py_examples/lib/python3.10/site-packages:/home/yash/Agrobot/agri_ws/build/perception_pkg:/home/yash/Agrobot/agri_ws/install/perception_pkg/lib/python3.10/site-packages:/home/yash/Agrobot/agri_ws/build/control_pkg:/home/yash/Agrobot/agri_ws/install/control_pkg/lib/python3.10/site-packages:/home/yash/tensor_ws/install/warehouse_sim/lib/python3.10/site-packages:/home/yash/rl_ws/install/serp_rl/lib/python3.10/site-packages:/home/yash/rl_ws/install/flatland_msgs/local/lib/python3.10/dist-packages:/home/yash/python_ws/install/turtlesim_catch_all/lib/python3.10/site-packages:/home/yash/python_ws/install/my_py_pkg/lib/python3.10/site-packages:/home/yash/python_ws/install/my_robot_interfaces/local/lib/python3.10/dist-packages:/home/yash/skid_ws/build/skid_pkg:/home/yash/skid_ws/install/skid_pkg/lib/python3.10/site-packages:/home/yash/skid_ws/build/ackerman:/home/yash/skid_ws/install/ackerman/lib/python3.10/site-packages:/home/yash/eyrc24_ws/build/ur5_control:/home/yash/eyrc24_ws/install/ur5_control/lib/python3.10/site-packages:/home/yash/eyrc24_ws/install/pymoveit2/local/lib/python3.10/dist-packages:/home/yash/eyrc24_ws/install/linkattacher_msgs/local/lib/python3.10/dist-packages:/opt/ros/humble/lib/python3.10/site-packages:/opt/ros/humble/local/lib/python3.10/dist-packages /usr/bin/cmake --install /home/yash/SGP_IV/gesture_ws/build/niyantrak_description
[15.226s] Level 1:colcon.colcon_core.environment:checking '/home/yash/SGP_IV/gesture_ws/install/niyantrak_description' for CMake config files
[15.229s] Level 1:colcon.colcon_core.shell:create_environment_hook('niyantrak_description', 'cmake_prefix_path')
[15.231s] INFO:colcon.colcon_core.shell:Creating environment hook '/home/yash/SGP_IV/gesture_ws/install/niyantrak_description/share/niyantrak_description/hook/cmake_prefix_path.ps1'
[15.233s] INFO:colcon.colcon_core.shell:Creating environment descriptor '/home/yash/SGP_IV/gesture_ws/install/niyantrak_description/share/niyantrak_description/hook/cmake_prefix_path.dsv'
[15.235s] INFO:colcon.colcon_core.shell:Creating environment hook '/home/yash/SGP_IV/gesture_ws/install/niyantrak_description/share/niyantrak_description/hook/cmake_prefix_path.sh'
[15.238s] Level 1:colcon.colcon_core.environment:checking '/home/yash/SGP_IV/gesture_ws/install/niyantrak_description/bin'
[15.238s] Level 1:colcon.colcon_core.environment:checking '/home/yash/SGP_IV/gesture_ws/install/niyantrak_description/lib/pkgconfig/niyantrak_description.pc'
[15.240s] Level 1:colcon.colcon_core.environment:checking '/home/yash/SGP_IV/gesture_ws/install/niyantrak_description/lib/python3.10/site-packages'
[15.242s] Level 1:colcon.colcon_core.environment:checking '/home/yash/SGP_IV/gesture_ws/install/niyantrak_description/bin'
[15.244s] INFO:colcon.colcon_core.shell:Creating package script '/home/yash/SGP_IV/gesture_ws/install/niyantrak_description/share/niyantrak_description/package.ps1'
[15.247s] INFO:colcon.colcon_core.shell:Creating package descriptor '/home/yash/SGP_IV/gesture_ws/install/niyantrak_description/share/niyantrak_description/package.dsv'
[15.250s] INFO:colcon.colcon_core.shell:Creating package script '/home/yash/SGP_IV/gesture_ws/install/niyantrak_description/share/niyantrak_description/package.sh'
[15.253s] INFO:colcon.colcon_core.shell:Creating package script '/home/yash/SGP_IV/gesture_ws/install/niyantrak_description/share/niyantrak_description/package.bash'
[15.255s] INFO:colcon.colcon_core.shell:Creating package script '/home/yash/SGP_IV/gesture_ws/install/niyantrak_description/share/niyantrak_description/package.zsh'
[15.258s] Level 1:colcon.colcon_core.environment:create_file_with_runtime_dependencies(/home/yash/SGP_IV/gesture_ws/install/niyantrak_description/share/colcon-core/packages/niyantrak_description)
[15.261s] Level 1:colcon.colcon_core.environment:create_environment_scripts_only(niyantrak_description)
[15.263s] Level 1:colcon.colcon_core.environment:checking '/home/yash/SGP_IV/gesture_ws/install/niyantrak_description' for CMake module files
[15.267s] Level 1:colcon.colcon_core.environment:checking '/home/yash/SGP_IV/gesture_ws/install/niyantrak_description' for CMake config files
[15.268s] Level 1:colcon.colcon_core.shell:create_environment_hook('niyantrak_description', 'cmake_prefix_path')
[15.270s] INFO:colcon.colcon_core.shell:Creating environment hook '/home/yash/SGP_IV/gesture_ws/install/niyantrak_description/share/niyantrak_description/hook/cmake_prefix_path.ps1'
[15.273s] INFO:colcon.colcon_core.shell:Creating environment descriptor '/home/yash/SGP_IV/gesture_ws/install/niyantrak_description/share/niyantrak_description/hook/cmake_prefix_path.dsv'
[15.275s] INFO:colcon.colcon_core.shell:Creating environment hook '/home/yash/SGP_IV/gesture_ws/install/niyantrak_description/share/niyantrak_description/hook/cmake_prefix_path.sh'
[15.278s] Level 1:colcon.colcon_core.environment:checking '/home/yash/SGP_IV/gesture_ws/install/niyantrak_description/bin'
[15.279s] Level 1:colcon.colcon_core.environment:checking '/home/yash/SGP_IV/gesture_ws/install/niyantrak_description/lib/pkgconfig/niyantrak_description.pc'
[15.281s] Level 1:colcon.colcon_core.environment:checking '/home/yash/SGP_IV/gesture_ws/install/niyantrak_description/lib/python3.10/site-packages'
[15.282s] Level 1:colcon.colcon_core.environment:checking '/home/yash/SGP_IV/gesture_ws/install/niyantrak_description/bin'
[15.284s] INFO:colcon.colcon_core.shell:Creating package script '/home/yash/SGP_IV/gesture_ws/install/niyantrak_description/share/niyantrak_description/package.ps1'
[15.288s] INFO:colcon.colcon_core.shell:Creating package descriptor '/home/yash/SGP_IV/gesture_ws/install/niyantrak_description/share/niyantrak_description/package.dsv'
[15.291s] INFO:colcon.colcon_core.shell:Creating package script '/home/yash/SGP_IV/gesture_ws/install/niyantrak_description/share/niyantrak_description/package.sh'
[15.294s] INFO:colcon.colcon_core.shell:Creating package script '/home/yash/SGP_IV/gesture_ws/install/niyantrak_description/share/niyantrak_description/package.bash'
[15.297s] INFO:colcon.colcon_core.shell:Creating package script '/home/yash/SGP_IV/gesture_ws/install/niyantrak_description/share/niyantrak_description/package.zsh'
[15.299s] Level 1:colcon.colcon_core.environment:create_file_with_runtime_dependencies(/home/yash/SGP_IV/gesture_ws/install/niyantrak_description/share/colcon-core/packages/niyantrak_description)
[15.301s] DEBUG:colcon.colcon_parallel_executor.executor.parallel:closing loop
[15.303s] DEBUG:colcon.colcon_parallel_executor.executor.parallel:loop closed
[15.303s] DEBUG:colcon.colcon_parallel_executor.executor.parallel:run_until_complete finished with '0'
[15.305s] DEBUG:colcon.colcon_core.event_reactor:joining thread
[15.339s] INFO:colcon.colcon_core.plugin_system:Skipping extension 'colcon_notification.desktop_notification.terminal_notifier': Not used on non-Darwin systems
[15.340s] INFO:colcon.colcon_core.plugin_system:Skipping extension 'colcon_notification.desktop_notification.win32': Not used on non-Windows systems
[15.340s] INFO:colcon.colcon_notification.desktop_notification:Sending desktop notification using 'notify2'
[15.417s] DEBUG:colcon.colcon_core.event_reactor:joined thread
[15.419s] INFO:colcon.colcon_core.shell:Creating prefix script '/home/yash/SGP_IV/gesture_ws/install/local_setup.ps1'
[15.426s] INFO:colcon.colcon_core.shell:Creating prefix util module '/home/yash/SGP_IV/gesture_ws/install/_local_setup_util_ps1.py'
[15.437s] INFO:colcon.colcon_core.shell:Creating prefix chain script '/home/yash/SGP_IV/gesture_ws/install/setup.ps1'
[15.455s] INFO:colcon.colcon_core.shell:Creating prefix script '/home/yash/SGP_IV/gesture_ws/install/local_setup.sh'
[15.461s] INFO:colcon.colcon_core.shell:Creating prefix util module '/home/yash/SGP_IV/gesture_ws/install/_local_setup_util_sh.py'
[15.466s] INFO:colcon.colcon_core.shell:Creating prefix chain script '/home/yash/SGP_IV/gesture_ws/install/setup.sh'
[15.483s] INFO:colcon.colcon_core.shell:Creating prefix script '/home/yash/SGP_IV/gesture_ws/install/local_setup.bash'
[15.487s] INFO:colcon.colcon_core.shell:Creating prefix chain script '/home/yash/SGP_IV/gesture_ws/install/setup.bash'
[15.503s] INFO:colcon.colcon_core.shell:Creating prefix script '/home/yash/SGP_IV/gesture_ws/install/local_setup.zsh'
[15.507s] INFO:colcon.colcon_core.shell:Creating prefix chain script '/home/yash/SGP_IV/gesture_ws/install/setup.zsh'
