[0.542s] DEBUG:colcon:Command line arguments: ['/usr/bin/colcon', 'build', '--symlink-install']
[0.542s] DEBUG:colcon:Parsed command line arguments: Namespace(log_base=None, log_level=None, verb_name='build', build_base='build', install_base='install', merge_install=False, symlink_install=True, test_result_base=None, continue_on_error=False, executor='parallel', parallel_workers=8, event_handlers=None, ignore_user_meta=False, metas=['./colcon.meta'], base_paths=['.'], packages_ignore=None, packages_ignore_regex=None, paths=None, packages_up_to=None, packages_up_to_regex=None, packages_above=None, packages_above_and_dependencies=None, packages_above_depth=None, packages_select_by_dep=None, packages_skip_by_dep=None, packages_skip_up_to=None, packages_select_build_failed=False, packages_skip_build_finished=False, packages_select_test_failures=False, packages_skip_test_passed=False, packages_select=None, packages_skip=None, packages_select_regex=None, packages_skip_regex=None, packages_start=None, packages_end=None, allow_overriding=[], cmake_args=None, cmake_target=None, cmake_target_skip_unavailable=False, cmake_clean_cache=False, cmake_clean_first=False, cmake_force_configure=False, ament_cmake_args=None, catkin_cmake_args=None, catkin_skip_building_tests=False, mixin_files=None, mixin=None, verb_parser=<colcon_mixin.mixin.mixin_argument.MixinArgumentDecorator object at 0x700a7c7d4760>, verb_extension=<colcon_core.verb.build.BuildVerb object at 0x700a7c8e55d0>, main=<bound method BuildVerb.main of <colcon_core.verb.build.BuildVerb object at 0x700a7c8e55d0>>, mixin_verb=('build',))
[1.480s] Level 1:colcon.colcon_core.package_discovery:discover_packages(colcon_meta) check parameters
[1.480s] Level 1:colcon.colcon_core.package_discovery:discover_packages(recursive) check parameters
[1.480s] Level 1:colcon.colcon_core.package_discovery:discover_packages(ignore) check parameters
[1.480s] Level 1:colcon.colcon_core.package_discovery:discover_packages(path) check parameters
[1.480s] Level 1:colcon.colcon_core.package_discovery:discover_packages(colcon_meta) discover
[1.480s] Level 1:colcon.colcon_core.package_discovery:discover_packages(recursive) discover
[1.480s] INFO:colcon.colcon_core.package_discovery:Crawling recursively for packages in '/home/yash/SGP_IV/gesture_ws'
[1.481s] Level 1:colcon.colcon_core.package_identification:_identify(.) by extensions ['ignore', 'ignore_ament_install']
[1.522s] Level 1:colcon.colcon_core.package_identification:_identify(.) by extension 'ignore'
[1.522s] Level 1:colcon.colcon_core.package_identification:_identify(.) by extension 'ignore_ament_install'
[1.522s] Level 1:colcon.colcon_core.package_identification:_identify(.) by extensions ['colcon_pkg']
[1.522s] Level 1:colcon.colcon_core.package_identification:_identify(.) by extension 'colcon_pkg'
[1.522s] Level 1:colcon.colcon_core.package_identification:_identify(.) by extensions ['colcon_meta']
[1.523s] Level 1:colcon.colcon_core.package_identification:_identify(.) by extension 'colcon_meta'
[1.523s] Level 1:colcon.colcon_core.package_identification:_identify(.) by extensions ['ros']
[1.523s] Level 1:colcon.colcon_core.package_identification:_identify(.) by extension 'ros'
[1.564s] Level 1:colcon.colcon_core.package_identification:_identify(.) by extensions ['cmake', 'python']
[1.565s] Level 1:colcon.colcon_core.package_identification:_identify(.) by extension 'cmake'
[1.565s] Level 1:colcon.colcon_core.package_identification:_identify(.) by extension 'python'
[1.565s] Level 1:colcon.colcon_core.package_identification:_identify(.) by extensions ['python_setup_py']
[1.565s] Level 1:colcon.colcon_core.package_identification:_identify(.) by extension 'python_setup_py'
[1.566s] Level 1:colcon.colcon_core.package_identification:_identify(build) by extensions ['ignore', 'ignore_ament_install']
[1.566s] Level 1:colcon.colcon_core.package_identification:_identify(build) by extension 'ignore'
[1.566s] Level 1:colcon.colcon_core.package_identification:_identify(build) ignored
[1.567s] Level 1:colcon.colcon_core.package_identification:_identify(install) by extensions ['ignore', 'ignore_ament_install']
[1.567s] Level 1:colcon.colcon_core.package_identification:_identify(install) by extension 'ignore'
[1.567s] Level 1:colcon.colcon_core.package_identification:_identify(install) ignored
[1.568s] Level 1:colcon.colcon_core.package_identification:_identify(log) by extensions ['ignore', 'ignore_ament_install']
[1.568s] Level 1:colcon.colcon_core.package_identification:_identify(log) by extension 'ignore'
[1.568s] Level 1:colcon.colcon_core.package_identification:_identify(log) ignored
[1.568s] Level 1:colcon.colcon_core.package_identification:_identify(src) by extensions ['ignore', 'ignore_ament_install']
[1.569s] Level 1:colcon.colcon_core.package_identification:_identify(src) by extension 'ignore'
[1.569s] Level 1:colcon.colcon_core.package_identification:_identify(src) by extension 'ignore_ament_install'
[1.569s] Level 1:colcon.colcon_core.package_identification:_identify(src) by extensions ['colcon_pkg']
[1.569s] Level 1:colcon.colcon_core.package_identification:_identify(src) by extension 'colcon_pkg'
[1.569s] Level 1:colcon.colcon_core.package_identification:_identify(src) by extensions ['colcon_meta']
[1.569s] Level 1:colcon.colcon_core.package_identification:_identify(src) by extension 'colcon_meta'
[1.570s] Level 1:colcon.colcon_core.package_identification:_identify(src) by extensions ['ros']
[1.570s] Level 1:colcon.colcon_core.package_identification:_identify(src) by extension 'ros'
[1.570s] Level 1:colcon.colcon_core.package_identification:_identify(src) by extensions ['cmake', 'python']
[1.570s] Level 1:colcon.colcon_core.package_identification:_identify(src) by extension 'cmake'
[1.570s] Level 1:colcon.colcon_core.package_identification:_identify(src) by extension 'python'
[1.570s] Level 1:colcon.colcon_core.package_identification:_identify(src) by extensions ['python_setup_py']
[1.571s] Level 1:colcon.colcon_core.package_identification:_identify(src) by extension 'python_setup_py'
[1.571s] Level 1:colcon.colcon_core.package_identification:_identify(src/gesture_control) by extensions ['ignore', 'ignore_ament_install']
[1.571s] Level 1:colcon.colcon_core.package_identification:_identify(src/gesture_control) by extension 'ignore'
[1.571s] Level 1:colcon.colcon_core.package_identification:_identify(src/gesture_control) by extension 'ignore_ament_install'
[1.572s] Level 1:colcon.colcon_core.package_identification:_identify(src/gesture_control) by extensions ['colcon_pkg']
[1.572s] Level 1:colcon.colcon_core.package_identification:_identify(src/gesture_control) by extension 'colcon_pkg'
[1.572s] Level 1:colcon.colcon_core.package_identification:_identify(src/gesture_control) by extensions ['colcon_meta']
[1.572s] Level 1:colcon.colcon_core.package_identification:_identify(src/gesture_control) by extension 'colcon_meta'
[1.572s] Level 1:colcon.colcon_core.package_identification:_identify(src/gesture_control) by extensions ['ros']
[1.572s] Level 1:colcon.colcon_core.package_identification:_identify(src/gesture_control) by extension 'ros'
[1.581s] DEBUG:colcon.colcon_core.package_identification:Package 'src/gesture_control' with type 'ros.ament_python' and name 'gesture_control'
[1.581s] Level 1:colcon.colcon_core.package_identification:_identify(src/niyantrak_description) by extensions ['ignore', 'ignore_ament_install']
[1.582s] Level 1:colcon.colcon_core.package_identification:_identify(src/niyantrak_description) by extension 'ignore'
[1.582s] Level 1:colcon.colcon_core.package_identification:_identify(src/niyantrak_description) by extension 'ignore_ament_install'
[1.582s] Level 1:colcon.colcon_core.package_identification:_identify(src/niyantrak_description) by extensions ['colcon_pkg']
[1.582s] Level 1:colcon.colcon_core.package_identification:_identify(src/niyantrak_description) by extension 'colcon_pkg'
[1.582s] Level 1:colcon.colcon_core.package_identification:_identify(src/niyantrak_description) by extensions ['colcon_meta']
[1.582s] Level 1:colcon.colcon_core.package_identification:_identify(src/niyantrak_description) by extension 'colcon_meta'
[1.583s] Level 1:colcon.colcon_core.package_identification:_identify(src/niyantrak_description) by extensions ['ros']
[1.583s] Level 1:colcon.colcon_core.package_identification:_identify(src/niyantrak_description) by extension 'ros'
[1.584s] DEBUG:colcon.colcon_core.package_identification:Package 'src/niyantrak_description' with type 'ros.ament_cmake' and name 'niyantrak_description'
[1.585s] Level 1:colcon.colcon_core.package_discovery:discover_packages(recursive) using defaults
[1.585s] Level 1:colcon.colcon_core.package_discovery:discover_packages(ignore) discover
[1.585s] Level 1:colcon.colcon_core.package_discovery:discover_packages(ignore) using defaults
[1.585s] Level 1:colcon.colcon_core.package_discovery:discover_packages(path) discover
[1.585s] Level 1:colcon.colcon_core.package_discovery:discover_packages(path) using defaults
[1.656s] Level 1:colcon.colcon_core.package_discovery:discover_packages(prefix_path) check parameters
[1.657s] Level 1:colcon.colcon_core.package_discovery:discover_packages(prefix_path) discover
[1.665s] DEBUG:colcon.colcon_installed_package_information.package_discovery:Found 2 installed packages in /home/yash/SGP_IV/gesture_ws/install
[1.666s] DEBUG:colcon.colcon_installed_package_information.package_discovery:Found 5 installed packages in /home/yash/Agrobot/agri_ws/install
[1.668s] DEBUG:colcon.colcon_installed_package_information.package_discovery:Found 1 installed packages in /home/yash/tensor_ws/install
[1.669s] DEBUG:colcon.colcon_installed_package_information.package_discovery:Found 4 installed packages in /home/yash/rl_ws/install
[1.670s] DEBUG:colcon.colcon_installed_package_information.package_discovery:Found 1 installed packages in /home/yash/ros2_ws/install
[1.672s] DEBUG:colcon.colcon_installed_package_information.package_discovery:Found 5 installed packages in /home/yash/python_ws/install
[1.673s] DEBUG:colcon.colcon_installed_package_information.package_discovery:Found 2 installed packages in /home/yash/skid_ws/install
[1.675s] DEBUG:colcon.colcon_installed_package_information.package_discovery:Found 10 installed packages in /home/yash/eyrc24_ws/install
[1.681s] DEBUG:colcon.colcon_installed_package_information.package_discovery:Found 513 installed packages in /opt/ros/humble
[1.691s] Level 1:colcon.colcon_core.package_discovery:discover_packages(prefix_path) using defaults
[1.889s] Level 5:colcon.colcon_core.verb:set package 'gesture_control' build argument 'cmake_args' from command line to 'None'
[1.889s] Level 5:colcon.colcon_core.verb:set package 'gesture_control' build argument 'cmake_target' from command line to 'None'
[1.889s] Level 5:colcon.colcon_core.verb:set package 'gesture_control' build argument 'cmake_target_skip_unavailable' from command line to 'False'
[1.889s] Level 5:colcon.colcon_core.verb:set package 'gesture_control' build argument 'cmake_clean_cache' from command line to 'False'
[1.890s] Level 5:colcon.colcon_core.verb:set package 'gesture_control' build argument 'cmake_clean_first' from command line to 'False'
[1.890s] Level 5:colcon.colcon_core.verb:set package 'gesture_control' build argument 'cmake_force_configure' from command line to 'False'
[1.890s] Level 5:colcon.colcon_core.verb:set package 'gesture_control' build argument 'ament_cmake_args' from command line to 'None'
[1.890s] Level 5:colcon.colcon_core.verb:set package 'gesture_control' build argument 'catkin_cmake_args' from command line to 'None'
[1.890s] Level 5:colcon.colcon_core.verb:set package 'gesture_control' build argument 'catkin_skip_building_tests' from command line to 'False'
[1.890s] DEBUG:colcon.colcon_core.verb:Building package 'gesture_control' with the following arguments: {'ament_cmake_args': None, 'build_base': '/home/yash/SGP_IV/gesture_ws/build/gesture_control', 'catkin_cmake_args': None, 'catkin_skip_building_tests': False, 'cmake_args': None, 'cmake_clean_cache': False, 'cmake_clean_first': False, 'cmake_force_configure': False, 'cmake_target': None, 'cmake_target_skip_unavailable': False, 'install_base': '/home/yash/SGP_IV/gesture_ws/install/gesture_control', 'merge_install': False, 'path': '/home/yash/SGP_IV/gesture_ws/src/gesture_control', 'symlink_install': True, 'test_result_base': None}
[1.891s] Level 5:colcon.colcon_core.verb:set package 'niyantrak_description' build argument 'cmake_args' from command line to 'None'
[1.891s] Level 5:colcon.colcon_core.verb:set package 'niyantrak_description' build argument 'cmake_target' from command line to 'None'
[1.892s] Level 5:colcon.colcon_core.verb:set package 'niyantrak_description' build argument 'cmake_target_skip_unavailable' from command line to 'False'
[1.892s] Level 5:colcon.colcon_core.verb:set package 'niyantrak_description' build argument 'cmake_clean_cache' from command line to 'False'
[1.892s] Level 5:colcon.colcon_core.verb:set package 'niyantrak_description' build argument 'cmake_clean_first' from command line to 'False'
[1.892s] Level 5:colcon.colcon_core.verb:set package 'niyantrak_description' build argument 'cmake_force_configure' from command line to 'False'
[1.892s] Level 5:colcon.colcon_core.verb:set package 'niyantrak_description' build argument 'ament_cmake_args' from command line to 'None'
[1.892s] Level 5:colcon.colcon_core.verb:set package 'niyantrak_description' build argument 'catkin_cmake_args' from command line to 'None'
[1.892s] Level 5:colcon.colcon_core.verb:set package 'niyantrak_description' build argument 'catkin_skip_building_tests' from command line to 'False'
[1.892s] DEBUG:colcon.colcon_core.verb:Building package 'niyantrak_description' with the following arguments: {'ament_cmake_args': None, 'build_base': '/home/yash/SGP_IV/gesture_ws/build/niyantrak_description', 'catkin_cmake_args': None, 'catkin_skip_building_tests': False, 'cmake_args': None, 'cmake_clean_cache': False, 'cmake_clean_first': False, 'cmake_force_configure': False, 'cmake_target': None, 'cmake_target_skip_unavailable': False, 'install_base': '/home/yash/SGP_IV/gesture_ws/install/niyantrak_description', 'merge_install': False, 'path': '/home/yash/SGP_IV/gesture_ws/src/niyantrak_description', 'symlink_install': True, 'test_result_base': None}
[1.893s] INFO:colcon.colcon_core.executor:Executing jobs using 'parallel' executor
[1.895s] DEBUG:colcon.colcon_parallel_executor.executor.parallel:run_until_complete
[1.896s] INFO:colcon.colcon_ros.task.ament_python.build:Building ROS package in '/home/yash/SGP_IV/gesture_ws/src/gesture_control' with build type 'ament_python'
[1.896s] Level 1:colcon.colcon_core.shell:create_environment_hook('gesture_control', 'ament_prefix_path')
[1.903s] INFO:colcon.colcon_core.plugin_system:Skipping extension 'colcon_core.shell.bat': Not used on non-Windows systems
[1.904s] INFO:colcon.colcon_core.shell:Creating environment hook '/home/yash/SGP_IV/gesture_ws/install/gesture_control/share/gesture_control/hook/ament_prefix_path.ps1'
[1.906s] INFO:colcon.colcon_core.shell:Creating environment descriptor '/home/yash/SGP_IV/gesture_ws/install/gesture_control/share/gesture_control/hook/ament_prefix_path.dsv'
[1.907s] INFO:colcon.colcon_core.shell:Creating environment hook '/home/yash/SGP_IV/gesture_ws/install/gesture_control/share/gesture_control/hook/ament_prefix_path.sh'
[1.910s] INFO:colcon.colcon_core.shell:Skip shell extension 'powershell' for command environment: Not usable outside of PowerShell
[1.910s] DEBUG:colcon.colcon_core.shell:Skip shell extension 'dsv' for command environment
[1.935s] INFO:colcon.colcon_ros.task.ament_cmake.build:Building ROS package in '/home/yash/SGP_IV/gesture_ws/src/niyantrak_description' with build type 'ament_cmake'
[1.936s] INFO:colcon.colcon_cmake.task.cmake.build:Building CMake package in '/home/yash/SGP_IV/gesture_ws/src/niyantrak_description'
[1.937s] INFO:colcon.colcon_core.shell:Skip shell extension 'powershell' for command environment: Not usable outside of PowerShell
[1.937s] DEBUG:colcon.colcon_core.shell:Skip shell extension 'dsv' for command environment
[3.443s] INFO:colcon.colcon_core.task.python.build:Building Python package in '/home/yash/SGP_IV/gesture_ws/src/gesture_control'
[3.444s] INFO:colcon.colcon_core.shell:Skip shell extension 'powershell' for command environment: Not usable outside of PowerShell
[3.444s] DEBUG:colcon.colcon_core.shell:Skip shell extension 'dsv' for command environment
[3.496s] DEBUG:colcon.colcon_core.event_handler.log_command:Invoking command in '/home/yash/SGP_IV/gesture_ws/build/niyantrak_description': CMAKE_PREFIX_PATH=${CMAKE_PREFIX_PATH}:/home/yash/python_ws/install/turtlesim_catch_all:/home/yash/python_ws/install/my_py_pkg:/home/yash/SGP_IV/gesture_ws/install/gesture_control:/home/yash/tensor_ws/install/warehouse_sim:/home/yash/rl_ws/install/serp_rl:/home/yash/skid_ws/install/ackerman:/home/yash/eyrc24_ws/install/ur5_control:/opt/ros/humble /usr/bin/cmake --build /home/yash/SGP_IV/gesture_ws/build/niyantrak_description -- -j8 -l8
[3.622s] DEBUG:colcon.colcon_core.event_handler.log_command:Invoked command in '/home/yash/SGP_IV/gesture_ws/build/niyantrak_description' returned '0': CMAKE_PREFIX_PATH=${CMAKE_PREFIX_PATH}:/home/yash/python_ws/install/turtlesim_catch_all:/home/yash/python_ws/install/my_py_pkg:/home/yash/SGP_IV/gesture_ws/install/gesture_control:/home/yash/tensor_ws/install/warehouse_sim:/home/yash/rl_ws/install/serp_rl:/home/yash/skid_ws/install/ackerman:/home/yash/eyrc24_ws/install/ur5_control:/opt/ros/humble /usr/bin/cmake --build /home/yash/SGP_IV/gesture_ws/build/niyantrak_description -- -j8 -l8
[3.656s] DEBUG:colcon.colcon_core.event_handler.log_command:Invoking command in '/home/yash/SGP_IV/gesture_ws/build/niyantrak_description': CMAKE_PREFIX_PATH=${CMAKE_PREFIX_PATH}:/home/yash/python_ws/install/turtlesim_catch_all:/home/yash/python_ws/install/my_py_pkg:/home/yash/SGP_IV/gesture_ws/install/gesture_control:/home/yash/tensor_ws/install/warehouse_sim:/home/yash/rl_ws/install/serp_rl:/home/yash/skid_ws/install/ackerman:/home/yash/eyrc24_ws/install/ur5_control:/opt/ros/humble /usr/bin/cmake --install /home/yash/SGP_IV/gesture_ws/build/niyantrak_description
[3.867s] Level 1:colcon.colcon_core.environment:create_environment_scripts_only(niyantrak_description)
[3.869s] DEBUG:colcon.colcon_core.event_handler.log_command:Invoked command in '/home/yash/SGP_IV/gesture_ws/build/niyantrak_description' returned '0': CMAKE_PREFIX_PATH=${CMAKE_PREFIX_PATH}:/home/yash/python_ws/install/turtlesim_catch_all:/home/yash/python_ws/install/my_py_pkg:/home/yash/SGP_IV/gesture_ws/install/gesture_control:/home/yash/tensor_ws/install/warehouse_sim:/home/yash/rl_ws/install/serp_rl:/home/yash/skid_ws/install/ackerman:/home/yash/eyrc24_ws/install/ur5_control:/opt/ros/humble /usr/bin/cmake --install /home/yash/SGP_IV/gesture_ws/build/niyantrak_description
[3.879s] Level 1:colcon.colcon_core.environment:checking '/home/yash/SGP_IV/gesture_ws/install/niyantrak_description' for CMake module files
[3.881s] Level 1:colcon.colcon_core.environment:checking '/home/yash/SGP_IV/gesture_ws/install/niyantrak_description' for CMake config files
[3.882s] Level 1:colcon.colcon_core.shell:create_environment_hook('niyantrak_description', 'cmake_prefix_path')
[3.883s] INFO:colcon.colcon_core.shell:Creating environment hook '/home/yash/SGP_IV/gesture_ws/install/niyantrak_description/share/niyantrak_description/hook/cmake_prefix_path.ps1'
[3.885s] INFO:colcon.colcon_core.shell:Creating environment descriptor '/home/yash/SGP_IV/gesture_ws/install/niyantrak_description/share/niyantrak_description/hook/cmake_prefix_path.dsv'
[3.887s] INFO:colcon.colcon_core.shell:Creating environment hook '/home/yash/SGP_IV/gesture_ws/install/niyantrak_description/share/niyantrak_description/hook/cmake_prefix_path.sh'
[3.889s] Level 1:colcon.colcon_core.environment:checking '/home/yash/SGP_IV/gesture_ws/install/niyantrak_description/bin'
[3.889s] Level 1:colcon.colcon_core.environment:checking '/home/yash/SGP_IV/gesture_ws/install/niyantrak_description/lib/pkgconfig/niyantrak_description.pc'
[3.890s] Level 1:colcon.colcon_core.environment:checking '/home/yash/SGP_IV/gesture_ws/install/niyantrak_description/lib/python3.10/site-packages'
[3.891s] Level 1:colcon.colcon_core.environment:checking '/home/yash/SGP_IV/gesture_ws/install/niyantrak_description/bin'
[3.892s] INFO:colcon.colcon_core.shell:Creating package script '/home/yash/SGP_IV/gesture_ws/install/niyantrak_description/share/niyantrak_description/package.ps1'
[3.895s] INFO:colcon.colcon_core.shell:Creating package descriptor '/home/yash/SGP_IV/gesture_ws/install/niyantrak_description/share/niyantrak_description/package.dsv'
[3.897s] INFO:colcon.colcon_core.shell:Creating package script '/home/yash/SGP_IV/gesture_ws/install/niyantrak_description/share/niyantrak_description/package.sh'
[3.900s] INFO:colcon.colcon_core.shell:Creating package script '/home/yash/SGP_IV/gesture_ws/install/niyantrak_description/share/niyantrak_description/package.bash'
[3.902s] INFO:colcon.colcon_core.shell:Creating package script '/home/yash/SGP_IV/gesture_ws/install/niyantrak_description/share/niyantrak_description/package.zsh'
[3.905s] Level 1:colcon.colcon_core.environment:create_file_with_runtime_dependencies(/home/yash/SGP_IV/gesture_ws/install/niyantrak_description/share/colcon-core/packages/niyantrak_description)
[3.907s] Level 1:colcon.colcon_core.environment:create_environment_scripts_only(niyantrak_description)
[3.908s] Level 1:colcon.colcon_core.environment:checking '/home/yash/SGP_IV/gesture_ws/install/niyantrak_description' for CMake module files
[3.910s] Level 1:colcon.colcon_core.environment:checking '/home/yash/SGP_IV/gesture_ws/install/niyantrak_description' for CMake config files
[3.911s] Level 1:colcon.colcon_core.shell:create_environment_hook('niyantrak_description', 'cmake_prefix_path')
[3.912s] INFO:colcon.colcon_core.shell:Creating environment hook '/home/yash/SGP_IV/gesture_ws/install/niyantrak_description/share/niyantrak_description/hook/cmake_prefix_path.ps1'
[3.913s] INFO:colcon.colcon_core.shell:Creating environment descriptor '/home/yash/SGP_IV/gesture_ws/install/niyantrak_description/share/niyantrak_description/hook/cmake_prefix_path.dsv'
[3.914s] INFO:colcon.colcon_core.shell:Creating environment hook '/home/yash/SGP_IV/gesture_ws/install/niyantrak_description/share/niyantrak_description/hook/cmake_prefix_path.sh'
[3.916s] Level 1:colcon.colcon_core.environment:checking '/home/yash/SGP_IV/gesture_ws/install/niyantrak_description/bin'
[3.916s] Level 1:colcon.colcon_core.environment:checking '/home/yash/SGP_IV/gesture_ws/install/niyantrak_description/lib/pkgconfig/niyantrak_description.pc'
[3.917s] Level 1:colcon.colcon_core.environment:checking '/home/yash/SGP_IV/gesture_ws/install/niyantrak_description/lib/python3.10/site-packages'
[3.918s] Level 1:colcon.colcon_core.environment:checking '/home/yash/SGP_IV/gesture_ws/install/niyantrak_description/bin'
[3.919s] INFO:colcon.colcon_core.shell:Creating package script '/home/yash/SGP_IV/gesture_ws/install/niyantrak_description/share/niyantrak_description/package.ps1'
[3.921s] INFO:colcon.colcon_core.shell:Creating package descriptor '/home/yash/SGP_IV/gesture_ws/install/niyantrak_description/share/niyantrak_description/package.dsv'
[3.923s] INFO:colcon.colcon_core.shell:Creating package script '/home/yash/SGP_IV/gesture_ws/install/niyantrak_description/share/niyantrak_description/package.sh'
[3.925s] INFO:colcon.colcon_core.shell:Creating package script '/home/yash/SGP_IV/gesture_ws/install/niyantrak_description/share/niyantrak_description/package.bash'
[3.926s] INFO:colcon.colcon_core.shell:Creating package script '/home/yash/SGP_IV/gesture_ws/install/niyantrak_description/share/niyantrak_description/package.zsh'
[3.928s] Level 1:colcon.colcon_core.environment:create_file_with_runtime_dependencies(/home/yash/SGP_IV/gesture_ws/install/niyantrak_description/share/colcon-core/packages/niyantrak_description)
[5.620s] DEBUG:colcon.colcon_core.event_handler.log_command:Invoking command in '/home/yash/SGP_IV/gesture_ws/build/gesture_control': PYTHONPATH=/home/yash/SGP_IV/gesture_ws/build/gesture_control/prefix_override:/usr/lib/python3/dist-packages/colcon_core/task/python/colcon_distutils_commands:/home/yash/SGP_IV/gesture_ws/install/gesture_control/lib/python3.10/site-packages:${PYTHONPATH} /usr/bin/python3 -W ignore:setup.py install is deprecated -W ignore:easy_install command is deprecated setup.py develop --editable --build-directory /home/yash/SGP_IV/gesture_ws/build/gesture_control/build --no-deps symlink_data
[8.758s] Level 1:colcon.colcon_core.shell:create_environment_hook('gesture_control', 'pythonpath_develop')
[8.759s] INFO:colcon.colcon_core.shell:Creating environment hook '/home/yash/SGP_IV/gesture_ws/build/gesture_control/share/gesture_control/hook/pythonpath_develop.ps1'
[8.762s] DEBUG:colcon.colcon_core.event_handler.log_command:Invoked command in '/home/yash/SGP_IV/gesture_ws/build/gesture_control' returned '0': PYTHONPATH=/home/yash/SGP_IV/gesture_ws/build/gesture_control/prefix_override:/usr/lib/python3/dist-packages/colcon_core/task/python/colcon_distutils_commands:/home/yash/SGP_IV/gesture_ws/install/gesture_control/lib/python3.10/site-packages:${PYTHONPATH} /usr/bin/python3 -W ignore:setup.py install is deprecated -W ignore:easy_install command is deprecated setup.py develop --editable --build-directory /home/yash/SGP_IV/gesture_ws/build/gesture_control/build --no-deps symlink_data
[8.763s] INFO:colcon.colcon_core.shell:Creating environment descriptor '/home/yash/SGP_IV/gesture_ws/build/gesture_control/share/gesture_control/hook/pythonpath_develop.dsv'
[8.764s] INFO:colcon.colcon_core.shell:Creating environment hook '/home/yash/SGP_IV/gesture_ws/build/gesture_control/share/gesture_control/hook/pythonpath_develop.sh'
[8.767s] Level 1:colcon.colcon_core.environment:checking '/home/yash/SGP_IV/gesture_ws/install/gesture_control' for CMake module files
[8.768s] Level 1:colcon.colcon_core.environment:checking '/home/yash/SGP_IV/gesture_ws/install/gesture_control' for CMake config files
[8.771s] Level 1:colcon.colcon_core.environment:checking '/home/yash/SGP_IV/gesture_ws/install/gesture_control/lib'
[8.772s] Level 1:colcon.colcon_core.environment:checking '/home/yash/SGP_IV/gesture_ws/install/gesture_control/bin'
[8.772s] Level 1:colcon.colcon_core.environment:checking '/home/yash/SGP_IV/gesture_ws/install/gesture_control/lib/pkgconfig/gesture_control.pc'
[8.773s] Level 1:colcon.colcon_core.environment:checking '/home/yash/SGP_IV/gesture_ws/install/gesture_control/lib/python3.10/site-packages'
[8.774s] Level 1:colcon.colcon_core.shell:create_environment_hook('gesture_control', 'pythonpath')
[8.775s] INFO:colcon.colcon_core.shell:Creating environment hook '/home/yash/SGP_IV/gesture_ws/install/gesture_control/share/gesture_control/hook/pythonpath.ps1'
[8.777s] INFO:colcon.colcon_core.shell:Creating environment descriptor '/home/yash/SGP_IV/gesture_ws/install/gesture_control/share/gesture_control/hook/pythonpath.dsv'
[8.779s] INFO:colcon.colcon_core.shell:Creating environment hook '/home/yash/SGP_IV/gesture_ws/install/gesture_control/share/gesture_control/hook/pythonpath.sh'
[8.782s] Level 1:colcon.colcon_core.environment:checking '/home/yash/SGP_IV/gesture_ws/install/gesture_control/bin'
[8.782s] Level 1:colcon.colcon_core.environment:create_environment_scripts_only(gesture_control)
[8.784s] INFO:colcon.colcon_core.shell:Creating package script '/home/yash/SGP_IV/gesture_ws/install/gesture_control/share/gesture_control/package.ps1'
[8.786s] INFO:colcon.colcon_core.shell:Creating package descriptor '/home/yash/SGP_IV/gesture_ws/install/gesture_control/share/gesture_control/package.dsv'
[8.788s] INFO:colcon.colcon_core.shell:Creating package script '/home/yash/SGP_IV/gesture_ws/install/gesture_control/share/gesture_control/package.sh'
[8.791s] INFO:colcon.colcon_core.shell:Creating package script '/home/yash/SGP_IV/gesture_ws/install/gesture_control/share/gesture_control/package.bash'
[8.793s] INFO:colcon.colcon_core.shell:Creating package script '/home/yash/SGP_IV/gesture_ws/install/gesture_control/share/gesture_control/package.zsh'
[8.795s] Level 1:colcon.colcon_core.environment:create_file_with_runtime_dependencies(/home/yash/SGP_IV/gesture_ws/install/gesture_control/share/colcon-core/packages/gesture_control)
[8.797s] DEBUG:colcon.colcon_parallel_executor.executor.parallel:closing loop
[8.799s] DEBUG:colcon.colcon_parallel_executor.executor.parallel:loop closed
[8.799s] DEBUG:colcon.colcon_parallel_executor.executor.parallel:run_until_complete finished with '0'
[8.800s] DEBUG:colcon.colcon_core.event_reactor:joining thread
[8.823s] INFO:colcon.colcon_core.plugin_system:Skipping extension 'colcon_notification.desktop_notification.terminal_notifier': Not used on non-Darwin systems
[8.824s] INFO:colcon.colcon_core.plugin_system:Skipping extension 'colcon_notification.desktop_notification.win32': Not used on non-Windows systems
[8.824s] INFO:colcon.colcon_notification.desktop_notification:Sending desktop notification using 'notify2'
[8.868s] DEBUG:colcon.colcon_core.event_reactor:joined thread
[8.870s] INFO:colcon.colcon_core.shell:Creating prefix script '/home/yash/SGP_IV/gesture_ws/install/local_setup.ps1'
[8.874s] INFO:colcon.colcon_core.shell:Creating prefix util module '/home/yash/SGP_IV/gesture_ws/install/_local_setup_util_ps1.py'
[8.881s] INFO:colcon.colcon_core.shell:Creating prefix chain script '/home/yash/SGP_IV/gesture_ws/install/setup.ps1'
[8.891s] INFO:colcon.colcon_core.shell:Creating prefix script '/home/yash/SGP_IV/gesture_ws/install/local_setup.sh'
[8.894s] INFO:colcon.colcon_core.shell:Creating prefix util module '/home/yash/SGP_IV/gesture_ws/install/_local_setup_util_sh.py'
[8.897s] INFO:colcon.colcon_core.shell:Creating prefix chain script '/home/yash/SGP_IV/gesture_ws/install/setup.sh'
[8.906s] INFO:colcon.colcon_core.shell:Creating prefix script '/home/yash/SGP_IV/gesture_ws/install/local_setup.bash'
[8.909s] INFO:colcon.colcon_core.shell:Creating prefix chain script '/home/yash/SGP_IV/gesture_ws/install/setup.bash'
[8.919s] INFO:colcon.colcon_core.shell:Creating prefix script '/home/yash/SGP_IV/gesture_ws/install/local_setup.zsh'
[8.921s] INFO:colcon.colcon_core.shell:Creating prefix chain script '/home/yash/SGP_IV/gesture_ws/install/setup.zsh'
