[0.519s] DEBUG:colcon:Command line arguments: ['/usr/bin/colcon', 'build', '--symlink-install']
[0.520s] DEBUG:colcon:Parsed command line arguments: Namespace(log_base=None, log_level=None, verb_name='build', build_base='build', install_base='install', merge_install=False, symlink_install=True, test_result_base=None, continue_on_error=False, executor='parallel', parallel_workers=8, event_handlers=None, ignore_user_meta=False, metas=['./colcon.meta'], base_paths=['.'], packages_ignore=None, packages_ignore_regex=None, paths=None, packages_up_to=None, packages_up_to_regex=None, packages_above=None, packages_above_and_dependencies=None, packages_above_depth=None, packages_select_by_dep=None, packages_skip_by_dep=None, packages_skip_up_to=None, packages_select_build_failed=False, packages_skip_build_finished=False, packages_select_test_failures=False, packages_skip_test_passed=False, packages_select=None, packages_skip=None, packages_select_regex=None, packages_skip_regex=None, packages_start=None, packages_end=None, allow_overriding=[], cmake_args=None, cmake_target=None, cmake_target_skip_unavailable=False, cmake_clean_cache=False, cmake_clean_first=False, cmake_force_configure=False, ament_cmake_args=None, catkin_cmake_args=None, catkin_skip_building_tests=False, mixin_files=None, mixin=None, verb_parser=<colcon_mixin.mixin.mixin_argument.MixinArgumentDecorator object at 0x7e3d7173d600>, verb_extension=<colcon_core.verb.build.BuildVerb object at 0x7e3d716baf50>, main=<bound method BuildVerb.main of <colcon_core.verb.build.BuildVerb object at 0x7e3d716baf50>>, mixin_verb=('build',))
[1.595s] Level 1:colcon.colcon_core.package_discovery:discover_packages(colcon_meta) check parameters
[1.595s] Level 1:colcon.colcon_core.package_discovery:discover_packages(recursive) check parameters
[1.596s] Level 1:colcon.colcon_core.package_discovery:discover_packages(ignore) check parameters
[1.596s] Level 1:colcon.colcon_core.package_discovery:discover_packages(path) check parameters
[1.596s] Level 1:colcon.colcon_core.package_discovery:discover_packages(colcon_meta) discover
[1.596s] Level 1:colcon.colcon_core.package_discovery:discover_packages(recursive) discover
[1.596s] INFO:colcon.colcon_core.package_discovery:Crawling recursively for packages in '/home/yash/SGP_IV/gesture_ws'
[1.596s] Level 1:colcon.colcon_core.package_identification:_identify(.) by extensions ['ignore', 'ignore_ament_install']
[1.597s] Level 1:colcon.colcon_core.package_identification:_identify(.) by extension 'ignore'
[1.597s] Level 1:colcon.colcon_core.package_identification:_identify(.) by extension 'ignore_ament_install'
[1.597s] Level 1:colcon.colcon_core.package_identification:_identify(.) by extensions ['colcon_pkg']
[1.598s] Level 1:colcon.colcon_core.package_identification:_identify(.) by extension 'colcon_pkg'
[1.598s] Level 1:colcon.colcon_core.package_identification:_identify(.) by extensions ['colcon_meta']
[1.598s] Level 1:colcon.colcon_core.package_identification:_identify(.) by extension 'colcon_meta'
[1.598s] Level 1:colcon.colcon_core.package_identification:_identify(.) by extensions ['ros']
[1.598s] Level 1:colcon.colcon_core.package_identification:_identify(.) by extension 'ros'
[1.636s] Level 1:colcon.colcon_core.package_identification:_identify(.) by extensions ['cmake', 'python']
[1.636s] Level 1:colcon.colcon_core.package_identification:_identify(.) by extension 'cmake'
[1.637s] Level 1:colcon.colcon_core.package_identification:_identify(.) by extension 'python'
[1.637s] Level 1:colcon.colcon_core.package_identification:_identify(.) by extensions ['python_setup_py']
[1.637s] Level 1:colcon.colcon_core.package_identification:_identify(.) by extension 'python_setup_py'
[1.637s] Level 1:colcon.colcon_core.package_identification:_identify(build) by extensions ['ignore', 'ignore_ament_install']
[1.638s] Level 1:colcon.colcon_core.package_identification:_identify(build) by extension 'ignore'
[1.638s] Level 1:colcon.colcon_core.package_identification:_identify(build) ignored
[1.639s] Level 1:colcon.colcon_core.package_identification:_identify(install) by extensions ['ignore', 'ignore_ament_install']
[1.639s] Level 1:colcon.colcon_core.package_identification:_identify(install) by extension 'ignore'
[1.639s] Level 1:colcon.colcon_core.package_identification:_identify(install) ignored
[1.640s] Level 1:colcon.colcon_core.package_identification:_identify(log) by extensions ['ignore', 'ignore_ament_install']
[1.640s] Level 1:colcon.colcon_core.package_identification:_identify(log) by extension 'ignore'
[1.640s] Level 1:colcon.colcon_core.package_identification:_identify(log) ignored
[1.641s] Level 1:colcon.colcon_core.package_identification:_identify(src) by extensions ['ignore', 'ignore_ament_install']
[1.641s] Level 1:colcon.colcon_core.package_identification:_identify(src) by extension 'ignore'
[1.641s] Level 1:colcon.colcon_core.package_identification:_identify(src) by extension 'ignore_ament_install'
[1.641s] Level 1:colcon.colcon_core.package_identification:_identify(src) by extensions ['colcon_pkg']
[1.641s] Level 1:colcon.colcon_core.package_identification:_identify(src) by extension 'colcon_pkg'
[1.641s] Level 1:colcon.colcon_core.package_identification:_identify(src) by extensions ['colcon_meta']
[1.642s] Level 1:colcon.colcon_core.package_identification:_identify(src) by extension 'colcon_meta'
[1.642s] Level 1:colcon.colcon_core.package_identification:_identify(src) by extensions ['ros']
[1.642s] Level 1:colcon.colcon_core.package_identification:_identify(src) by extension 'ros'
[1.642s] Level 1:colcon.colcon_core.package_identification:_identify(src) by extensions ['cmake', 'python']
[1.642s] Level 1:colcon.colcon_core.package_identification:_identify(src) by extension 'cmake'
[1.642s] Level 1:colcon.colcon_core.package_identification:_identify(src) by extension 'python'
[1.642s] Level 1:colcon.colcon_core.package_identification:_identify(src) by extensions ['python_setup_py']
[1.643s] Level 1:colcon.colcon_core.package_identification:_identify(src) by extension 'python_setup_py'
[1.643s] Level 1:colcon.colcon_core.package_identification:_identify(src/gesture_control) by extensions ['ignore', 'ignore_ament_install']
[1.643s] Level 1:colcon.colcon_core.package_identification:_identify(src/gesture_control) by extension 'ignore'
[1.643s] Level 1:colcon.colcon_core.package_identification:_identify(src/gesture_control) by extension 'ignore_ament_install'
[1.644s] Level 1:colcon.colcon_core.package_identification:_identify(src/gesture_control) by extensions ['colcon_pkg']
[1.644s] Level 1:colcon.colcon_core.package_identification:_identify(src/gesture_control) by extension 'colcon_pkg'
[1.644s] Level 1:colcon.colcon_core.package_identification:_identify(src/gesture_control) by extensions ['colcon_meta']
[1.644s] Level 1:colcon.colcon_core.package_identification:_identify(src/gesture_control) by extension 'colcon_meta'
[1.644s] Level 1:colcon.colcon_core.package_identification:_identify(src/gesture_control) by extensions ['ros']
[1.644s] Level 1:colcon.colcon_core.package_identification:_identify(src/gesture_control) by extension 'ros'
[1.652s] DEBUG:colcon.colcon_core.package_identification:Package 'src/gesture_control' with type 'ros.ament_python' and name 'gesture_control'
[1.652s] Level 1:colcon.colcon_core.package_identification:_identify(src/niyantrak_description) by extensions ['ignore', 'ignore_ament_install']
[1.653s] Level 1:colcon.colcon_core.package_identification:_identify(src/niyantrak_description) by extension 'ignore'
[1.653s] Level 1:colcon.colcon_core.package_identification:_identify(src/niyantrak_description) by extension 'ignore_ament_install'
[1.653s] Level 1:colcon.colcon_core.package_identification:_identify(src/niyantrak_description) by extensions ['colcon_pkg']
[1.653s] Level 1:colcon.colcon_core.package_identification:_identify(src/niyantrak_description) by extension 'colcon_pkg'
[1.653s] Level 1:colcon.colcon_core.package_identification:_identify(src/niyantrak_description) by extensions ['colcon_meta']
[1.654s] Level 1:colcon.colcon_core.package_identification:_identify(src/niyantrak_description) by extension 'colcon_meta'
[1.654s] Level 1:colcon.colcon_core.package_identification:_identify(src/niyantrak_description) by extensions ['ros']
[1.654s] Level 1:colcon.colcon_core.package_identification:_identify(src/niyantrak_description) by extension 'ros'
[1.656s] DEBUG:colcon.colcon_core.package_identification:Package 'src/niyantrak_description' with type 'ros.ament_cmake' and name 'niyantrak_description'
[1.656s] Level 1:colcon.colcon_core.package_discovery:discover_packages(recursive) using defaults
[1.656s] Level 1:colcon.colcon_core.package_discovery:discover_packages(ignore) discover
[1.656s] Level 1:colcon.colcon_core.package_discovery:discover_packages(ignore) using defaults
[1.656s] Level 1:colcon.colcon_core.package_discovery:discover_packages(path) discover
[1.656s] Level 1:colcon.colcon_core.package_discovery:discover_packages(path) using defaults
[1.743s] Level 1:colcon.colcon_core.package_discovery:discover_packages(prefix_path) check parameters
[1.743s] Level 1:colcon.colcon_core.package_discovery:discover_packages(prefix_path) discover
[1.756s] DEBUG:colcon.colcon_installed_package_information.package_discovery:Found 4 installed packages in /home/yash/bumperbot_ws/install
[1.758s] DEBUG:colcon.colcon_installed_package_information.package_discovery:Found 2 installed packages in /home/yash/SGP_IV/gesture_ws/install
[1.759s] DEBUG:colcon.colcon_installed_package_information.package_discovery:Found 5 installed packages in /home/yash/Agrobot/agri_ws/install
[1.760s] DEBUG:colcon.colcon_installed_package_information.package_discovery:Found 1 installed packages in /home/yash/tensor_ws/install
[1.762s] DEBUG:colcon.colcon_installed_package_information.package_discovery:Found 4 installed packages in /home/yash/rl_ws/install
[1.763s] DEBUG:colcon.colcon_installed_package_information.package_discovery:Found 1 installed packages in /home/yash/ros2_ws/install
[1.765s] DEBUG:colcon.colcon_installed_package_information.package_discovery:Found 5 installed packages in /home/yash/python_ws/install
[1.766s] DEBUG:colcon.colcon_installed_package_information.package_discovery:Found 2 installed packages in /home/yash/skid_ws/install
[1.768s] DEBUG:colcon.colcon_installed_package_information.package_discovery:Found 10 installed packages in /home/yash/eyrc24_ws/install
[1.775s] DEBUG:colcon.colcon_installed_package_information.package_discovery:Found 519 installed packages in /opt/ros/humble
[1.785s] Level 1:colcon.colcon_core.package_discovery:discover_packages(prefix_path) using defaults
[2.048s] Level 5:colcon.colcon_core.verb:set package 'gesture_control' build argument 'cmake_args' from command line to 'None'
[2.049s] Level 5:colcon.colcon_core.verb:set package 'gesture_control' build argument 'cmake_target' from command line to 'None'
[2.049s] Level 5:colcon.colcon_core.verb:set package 'gesture_control' build argument 'cmake_target_skip_unavailable' from command line to 'False'
[2.049s] Level 5:colcon.colcon_core.verb:set package 'gesture_control' build argument 'cmake_clean_cache' from command line to 'False'
[2.049s] Level 5:colcon.colcon_core.verb:set package 'gesture_control' build argument 'cmake_clean_first' from command line to 'False'
[2.049s] Level 5:colcon.colcon_core.verb:set package 'gesture_control' build argument 'cmake_force_configure' from command line to 'False'
[2.049s] Level 5:colcon.colcon_core.verb:set package 'gesture_control' build argument 'ament_cmake_args' from command line to 'None'
[2.049s] Level 5:colcon.colcon_core.verb:set package 'gesture_control' build argument 'catkin_cmake_args' from command line to 'None'
[2.049s] Level 5:colcon.colcon_core.verb:set package 'gesture_control' build argument 'catkin_skip_building_tests' from command line to 'False'
[2.049s] DEBUG:colcon.colcon_core.verb:Building package 'gesture_control' with the following arguments: {'ament_cmake_args': None, 'build_base': '/home/yash/SGP_IV/gesture_ws/build/gesture_control', 'catkin_cmake_args': None, 'catkin_skip_building_tests': False, 'cmake_args': None, 'cmake_clean_cache': False, 'cmake_clean_first': False, 'cmake_force_configure': False, 'cmake_target': None, 'cmake_target_skip_unavailable': False, 'install_base': '/home/yash/SGP_IV/gesture_ws/install/gesture_control', 'merge_install': False, 'path': '/home/yash/SGP_IV/gesture_ws/src/gesture_control', 'symlink_install': True, 'test_result_base': None}
[2.051s] Level 5:colcon.colcon_core.verb:set package 'niyantrak_description' build argument 'cmake_args' from command line to 'None'
[2.051s] Level 5:colcon.colcon_core.verb:set package 'niyantrak_description' build argument 'cmake_target' from command line to 'None'
[2.051s] Level 5:colcon.colcon_core.verb:set package 'niyantrak_description' build argument 'cmake_target_skip_unavailable' from command line to 'False'
[2.051s] Level 5:colcon.colcon_core.verb:set package 'niyantrak_description' build argument 'cmake_clean_cache' from command line to 'False'
[2.051s] Level 5:colcon.colcon_core.verb:set package 'niyantrak_description' build argument 'cmake_clean_first' from command line to 'False'
[2.051s] Level 5:colcon.colcon_core.verb:set package 'niyantrak_description' build argument 'cmake_force_configure' from command line to 'False'
[2.051s] Level 5:colcon.colcon_core.verb:set package 'niyantrak_description' build argument 'ament_cmake_args' from command line to 'None'
[2.051s] Level 5:colcon.colcon_core.verb:set package 'niyantrak_description' build argument 'catkin_cmake_args' from command line to 'None'
[2.051s] Level 5:colcon.colcon_core.verb:set package 'niyantrak_description' build argument 'catkin_skip_building_tests' from command line to 'False'
[2.051s] DEBUG:colcon.colcon_core.verb:Building package 'niyantrak_description' with the following arguments: {'ament_cmake_args': None, 'build_base': '/home/yash/SGP_IV/gesture_ws/build/niyantrak_description', 'catkin_cmake_args': None, 'catkin_skip_building_tests': False, 'cmake_args': None, 'cmake_clean_cache': False, 'cmake_clean_first': False, 'cmake_force_configure': False, 'cmake_target': None, 'cmake_target_skip_unavailable': False, 'install_base': '/home/yash/SGP_IV/gesture_ws/install/niyantrak_description', 'merge_install': False, 'path': '/home/yash/SGP_IV/gesture_ws/src/niyantrak_description', 'symlink_install': True, 'test_result_base': None}
[2.052s] INFO:colcon.colcon_core.executor:Executing jobs using 'parallel' executor
[2.054s] DEBUG:colcon.colcon_parallel_executor.executor.parallel:run_until_complete
[2.054s] INFO:colcon.colcon_ros.task.ament_python.build:Building ROS package in '/home/yash/SGP_IV/gesture_ws/src/gesture_control' with build type 'ament_python'
[2.055s] Level 1:colcon.colcon_core.shell:create_environment_hook('gesture_control', 'ament_prefix_path')
[2.075s] INFO:colcon.colcon_core.plugin_system:Skipping extension 'colcon_core.shell.bat': Not used on non-Windows systems
[2.076s] INFO:colcon.colcon_core.shell:Creating environment hook '/home/yash/SGP_IV/gesture_ws/install/gesture_control/share/gesture_control/hook/ament_prefix_path.ps1'
[2.078s] INFO:colcon.colcon_core.shell:Creating environment descriptor '/home/yash/SGP_IV/gesture_ws/install/gesture_control/share/gesture_control/hook/ament_prefix_path.dsv'
[2.079s] INFO:colcon.colcon_core.shell:Creating environment hook '/home/yash/SGP_IV/gesture_ws/install/gesture_control/share/gesture_control/hook/ament_prefix_path.sh'
[2.082s] INFO:colcon.colcon_core.shell:Skip shell extension 'powershell' for command environment: Not usable outside of PowerShell
[2.082s] DEBUG:colcon.colcon_core.shell:Skip shell extension 'dsv' for command environment
[3.491s] INFO:colcon.colcon_core.task.python.build:Building Python package in '/home/yash/SGP_IV/gesture_ws/src/gesture_control'
[3.492s] INFO:colcon.colcon_core.shell:Skip shell extension 'powershell' for command environment: Not usable outside of PowerShell
[3.492s] DEBUG:colcon.colcon_core.shell:Skip shell extension 'dsv' for command environment
[5.886s] DEBUG:colcon.colcon_core.task.python.build:While undoing a previous installation files outside the Python library path are being ignored: /home/yash/SGP_IV/gesture_ws/install/gesture_control/share/ament_index/resource_index/packages/gesture_control
[5.886s] DEBUG:colcon.colcon_core.task.python.build:While undoing a previous installation files outside the Python library path are being ignored: /home/yash/SGP_IV/gesture_ws/install/gesture_control/share/gesture_control/package.xml
[5.886s] DEBUG:colcon.colcon_core.task.python.build:While undoing a previous installation files outside the Python library path are being ignored: /home/yash/SGP_IV/gesture_ws/install/gesture_control/share/gesture_control/launch/control.launch.py
[5.887s] DEBUG:colcon.colcon_core.task.python.build:While undoing a previous installation files outside the Python library path are being ignored: /home/yash/SGP_IV/gesture_ws/install/gesture_control/lib/gesture_control/gesture_control
[5.887s] DEBUG:colcon.colcon_core.task.python.build:While undoing a previous installation files outside the Python library path are being ignored: /home/yash/SGP_IV/gesture_ws/install/gesture_control/lib/gesture_control/gesture_detect
[5.887s] DEBUG:colcon.colcon_core.task.python.build:While undoing a previous installation files outside the Python library path are being ignored: /home/yash/SGP_IV/gesture_ws/install/gesture_control/lib/gesture_control/object_detector
[5.895s] DEBUG:colcon.colcon_core.event_handler.log_command:Invoking command in '/home/yash/SGP_IV/gesture_ws/build/gesture_control': PYTHONPATH=/home/yash/SGP_IV/gesture_ws/build/gesture_control/prefix_override:/usr/lib/python3/dist-packages/colcon_core/task/python/colcon_distutils_commands:/home/yash/SGP_IV/gesture_ws/install/gesture_control/lib/python3.10/site-packages:${PYTHONPATH} /usr/bin/python3 -W ignore:setup.py install is deprecated -W ignore:easy_install command is deprecated setup.py develop --editable --build-directory /home/yash/SGP_IV/gesture_ws/build/gesture_control/build --no-deps symlink_data --force
[9.246s] Level 1:colcon.colcon_core.shell:create_environment_hook('gesture_control', 'pythonpath_develop')
[9.247s] INFO:colcon.colcon_core.shell:Creating environment hook '/home/yash/SGP_IV/gesture_ws/build/gesture_control/share/gesture_control/hook/pythonpath_develop.ps1'
[9.249s] DEBUG:colcon.colcon_core.event_handler.log_command:Invoked command in '/home/yash/SGP_IV/gesture_ws/build/gesture_control' returned '0': PYTHONPATH=/home/yash/SGP_IV/gesture_ws/build/gesture_control/prefix_override:/usr/lib/python3/dist-packages/colcon_core/task/python/colcon_distutils_commands:/home/yash/SGP_IV/gesture_ws/install/gesture_control/lib/python3.10/site-packages:${PYTHONPATH} /usr/bin/python3 -W ignore:setup.py install is deprecated -W ignore:easy_install command is deprecated setup.py develop --editable --build-directory /home/yash/SGP_IV/gesture_ws/build/gesture_control/build --no-deps symlink_data --force
[9.251s] INFO:colcon.colcon_core.shell:Creating environment descriptor '/home/yash/SGP_IV/gesture_ws/build/gesture_control/share/gesture_control/hook/pythonpath_develop.dsv'
[9.253s] INFO:colcon.colcon_core.shell:Creating environment hook '/home/yash/SGP_IV/gesture_ws/build/gesture_control/share/gesture_control/hook/pythonpath_develop.sh'
[9.270s] Level 1:colcon.colcon_core.environment:checking '/home/yash/SGP_IV/gesture_ws/install/gesture_control' for CMake module files
[9.272s] Level 1:colcon.colcon_core.environment:checking '/home/yash/SGP_IV/gesture_ws/install/gesture_control' for CMake config files
[9.275s] Level 1:colcon.colcon_core.environment:checking '/home/yash/SGP_IV/gesture_ws/install/gesture_control/lib'
[9.276s] Level 1:colcon.colcon_core.environment:checking '/home/yash/SGP_IV/gesture_ws/install/gesture_control/bin'
[9.276s] Level 1:colcon.colcon_core.environment:checking '/home/yash/SGP_IV/gesture_ws/install/gesture_control/lib/pkgconfig/gesture_control.pc'
[9.277s] Level 1:colcon.colcon_core.environment:checking '/home/yash/SGP_IV/gesture_ws/install/gesture_control/lib/python3.10/site-packages'
[9.278s] Level 1:colcon.colcon_core.shell:create_environment_hook('gesture_control', 'pythonpath')
[9.279s] INFO:colcon.colcon_core.shell:Creating environment hook '/home/yash/SGP_IV/gesture_ws/install/gesture_control/share/gesture_control/hook/pythonpath.ps1'
[9.281s] INFO:colcon.colcon_core.shell:Creating environment descriptor '/home/yash/SGP_IV/gesture_ws/install/gesture_control/share/gesture_control/hook/pythonpath.dsv'
[9.283s] INFO:colcon.colcon_core.shell:Creating environment hook '/home/yash/SGP_IV/gesture_ws/install/gesture_control/share/gesture_control/hook/pythonpath.sh'
[9.285s] Level 1:colcon.colcon_core.environment:checking '/home/yash/SGP_IV/gesture_ws/install/gesture_control/bin'
[9.285s] Level 1:colcon.colcon_core.environment:create_environment_scripts_only(gesture_control)
[9.287s] INFO:colcon.colcon_core.shell:Creating package script '/home/yash/SGP_IV/gesture_ws/install/gesture_control/share/gesture_control/package.ps1'
[9.291s] INFO:colcon.colcon_core.shell:Creating package descriptor '/home/yash/SGP_IV/gesture_ws/install/gesture_control/share/gesture_control/package.dsv'
[9.294s] INFO:colcon.colcon_core.shell:Creating package script '/home/yash/SGP_IV/gesture_ws/install/gesture_control/share/gesture_control/package.sh'
[9.297s] INFO:colcon.colcon_core.shell:Creating package script '/home/yash/SGP_IV/gesture_ws/install/gesture_control/share/gesture_control/package.bash'
[9.301s] INFO:colcon.colcon_core.shell:Creating package script '/home/yash/SGP_IV/gesture_ws/install/gesture_control/share/gesture_control/package.zsh'
[9.305s] Level 1:colcon.colcon_core.environment:create_file_with_runtime_dependencies(/home/yash/SGP_IV/gesture_ws/install/gesture_control/share/colcon-core/packages/gesture_control)
[9.306s] INFO:colcon.colcon_ros.task.ament_cmake.build:Building ROS package in '/home/yash/SGP_IV/gesture_ws/src/niyantrak_description' with build type 'ament_cmake'
[9.307s] INFO:colcon.colcon_cmake.task.cmake.build:Building CMake package in '/home/yash/SGP_IV/gesture_ws/src/niyantrak_description'
[9.308s] INFO:colcon.colcon_core.shell:Skip shell extension 'powershell' for command environment: Not usable outside of PowerShell
[9.308s] DEBUG:colcon.colcon_core.shell:Skip shell extension 'dsv' for command environment
[9.374s] DEBUG:colcon.colcon_core.event_handler.log_command:Invoking command in '/home/yash/SGP_IV/gesture_ws/build/niyantrak_description': AMENT_PREFIX_PATH=/home/yash/SGP_IV/gesture_ws/install/gesture_control:/home/yash/bumperbot_ws/install/bumperbot_py_examples:/home/yash/bumperbot_ws/install/bumperbot_description:/home/yash/bumperbot_ws/install/bumperbot_cpp_examples:/home/yash/bumperbot_ws/install/bumperbot_controller:/home/yash/Agrobot/agri_ws/install/agribot_gazebo:/home/yash/Agrobot/agri_ws/install/agribot_description:/home/yash/Agrobot/agri_ws/install/agribot_control:/home/yash/tensor_ws/install/warehouse_sim:/home/yash/rl_ws/install/serp_rl:/home/yash/rl_ws/install/flatland:/home/yash/rl_ws/install/flatland_msgs:/home/yash/ros2_ws/install/my_robot_description:/home/yash/python_ws/install/my_robot_bringup:/home/yash/python_ws/install/turtlesim_catch_all:/home/yash/python_ws/install/my_py_pkg:/home/yash/python_ws/install/my_robot_interfaces:/home/yash/python_ws/install/my_cpp_pkg:/home/yash/skid_ws/install/ackerman:/home/yash/eyrc24_ws/install/ur_simulation_gazebo:/home/yash/eyrc24_ws/install/ur_moveit_config:/home/yash/eyrc24_ws/install/ur_description:/home/yash/eyrc24_ws/install/ur5_control:/home/yash/eyrc24_ws/install/realsense_gazebo_plugin:/home/yash/eyrc24_ws/install/pymoveit2:/home/yash/eyrc24_ws/install/linkattacher_msgs:/home/yash/eyrc24_ws/install/eyantra_warehouse:/home/yash/eyrc24_ws/install/ebot_nav2:/home/yash/eyrc24_ws/install/ebot_description:/home/yash/SGP_IV/gesture_ws/install/niyantrak_description:/opt/ros/humble CMAKE_PREFIX_PATH=${CMAKE_PREFIX_PATH}:/home/yash/bumperbot_ws/install/bumperbot_py_examples:/home/yash/tensor_ws/install/warehouse_sim:/home/yash/rl_ws/install/serp_rl:/home/yash/python_ws/install/turtlesim_catch_all:/home/yash/python_ws/install/my_py_pkg:/home/yash/skid_ws/install/ackerman:/home/yash/eyrc24_ws/install/ur5_control:/home/yash/SGP_IV/gesture_ws/install/gesture_control:/opt/ros/humble PYTHONPATH=/home/yash/SGP_IV/gesture_ws/build/gesture_control:/home/yash/SGP_IV/gesture_ws/install/gesture_control/lib/python3.10/site-packages:/home/yash/bumperbot_ws/build/bumperbot_py_examples:/home/yash/bumperbot_ws/install/bumperbot_py_examples/lib/python3.10/site-packages:/home/yash/Agrobot/agri_ws/build/perception_pkg:/home/yash/Agrobot/agri_ws/install/perception_pkg/lib/python3.10/site-packages:/home/yash/Agrobot/agri_ws/build/control_pkg:/home/yash/Agrobot/agri_ws/install/control_pkg/lib/python3.10/site-packages:/home/yash/tensor_ws/install/warehouse_sim/lib/python3.10/site-packages:/home/yash/rl_ws/install/serp_rl/lib/python3.10/site-packages:/home/yash/rl_ws/install/flatland_msgs/local/lib/python3.10/dist-packages:/home/yash/python_ws/install/turtlesim_catch_all/lib/python3.10/site-packages:/home/yash/python_ws/install/my_py_pkg/lib/python3.10/site-packages:/home/yash/python_ws/install/my_robot_interfaces/local/lib/python3.10/dist-packages:/home/yash/skid_ws/build/skid_pkg:/home/yash/skid_ws/install/skid_pkg/lib/python3.10/site-packages:/home/yash/skid_ws/build/ackerman:/home/yash/skid_ws/install/ackerman/lib/python3.10/site-packages:/home/yash/eyrc24_ws/build/ur5_control:/home/yash/eyrc24_ws/install/ur5_control/lib/python3.10/site-packages:/home/yash/eyrc24_ws/install/pymoveit2/local/lib/python3.10/dist-packages:/home/yash/eyrc24_ws/install/linkattacher_msgs/local/lib/python3.10/dist-packages:/opt/ros/humble/lib/python3.10/site-packages:/opt/ros/humble/local/lib/python3.10/dist-packages /usr/bin/cmake /home/yash/SGP_IV/gesture_ws/src/niyantrak_description -DAMENT_CMAKE_SYMLINK_INSTALL=1 -DCMAKE_INSTALL_PREFIX=/home/yash/SGP_IV/gesture_ws/install/niyantrak_description
[10.571s] DEBUG:colcon.colcon_core.event_handler.log_command:Invoked command in '/home/yash/SGP_IV/gesture_ws/build/niyantrak_description' returned '0': AMENT_PREFIX_PATH=/home/yash/SGP_IV/gesture_ws/install/gesture_control:/home/yash/bumperbot_ws/install/bumperbot_py_examples:/home/yash/bumperbot_ws/install/bumperbot_description:/home/yash/bumperbot_ws/install/bumperbot_cpp_examples:/home/yash/bumperbot_ws/install/bumperbot_controller:/home/yash/Agrobot/agri_ws/install/agribot_gazebo:/home/yash/Agrobot/agri_ws/install/agribot_description:/home/yash/Agrobot/agri_ws/install/agribot_control:/home/yash/tensor_ws/install/warehouse_sim:/home/yash/rl_ws/install/serp_rl:/home/yash/rl_ws/install/flatland:/home/yash/rl_ws/install/flatland_msgs:/home/yash/ros2_ws/install/my_robot_description:/home/yash/python_ws/install/my_robot_bringup:/home/yash/python_ws/install/turtlesim_catch_all:/home/yash/python_ws/install/my_py_pkg:/home/yash/python_ws/install/my_robot_interfaces:/home/yash/python_ws/install/my_cpp_pkg:/home/yash/skid_ws/install/ackerman:/home/yash/eyrc24_ws/install/ur_simulation_gazebo:/home/yash/eyrc24_ws/install/ur_moveit_config:/home/yash/eyrc24_ws/install/ur_description:/home/yash/eyrc24_ws/install/ur5_control:/home/yash/eyrc24_ws/install/realsense_gazebo_plugin:/home/yash/eyrc24_ws/install/pymoveit2:/home/yash/eyrc24_ws/install/linkattacher_msgs:/home/yash/eyrc24_ws/install/eyantra_warehouse:/home/yash/eyrc24_ws/install/ebot_nav2:/home/yash/eyrc24_ws/install/ebot_description:/home/yash/SGP_IV/gesture_ws/install/niyantrak_description:/opt/ros/humble CMAKE_PREFIX_PATH=${CMAKE_PREFIX_PATH}:/home/yash/bumperbot_ws/install/bumperbot_py_examples:/home/yash/tensor_ws/install/warehouse_sim:/home/yash/rl_ws/install/serp_rl:/home/yash/python_ws/install/turtlesim_catch_all:/home/yash/python_ws/install/my_py_pkg:/home/yash/skid_ws/install/ackerman:/home/yash/eyrc24_ws/install/ur5_control:/home/yash/SGP_IV/gesture_ws/install/gesture_control:/opt/ros/humble PYTHONPATH=/home/yash/SGP_IV/gesture_ws/build/gesture_control:/home/yash/SGP_IV/gesture_ws/install/gesture_control/lib/python3.10/site-packages:/home/yash/bumperbot_ws/build/bumperbot_py_examples:/home/yash/bumperbot_ws/install/bumperbot_py_examples/lib/python3.10/site-packages:/home/yash/Agrobot/agri_ws/build/perception_pkg:/home/yash/Agrobot/agri_ws/install/perception_pkg/lib/python3.10/site-packages:/home/yash/Agrobot/agri_ws/build/control_pkg:/home/yash/Agrobot/agri_ws/install/control_pkg/lib/python3.10/site-packages:/home/yash/tensor_ws/install/warehouse_sim/lib/python3.10/site-packages:/home/yash/rl_ws/install/serp_rl/lib/python3.10/site-packages:/home/yash/rl_ws/install/flatland_msgs/local/lib/python3.10/dist-packages:/home/yash/python_ws/install/turtlesim_catch_all/lib/python3.10/site-packages:/home/yash/python_ws/install/my_py_pkg/lib/python3.10/site-packages:/home/yash/python_ws/install/my_robot_interfaces/local/lib/python3.10/dist-packages:/home/yash/skid_ws/build/skid_pkg:/home/yash/skid_ws/install/skid_pkg/lib/python3.10/site-packages:/home/yash/skid_ws/build/ackerman:/home/yash/skid_ws/install/ackerman/lib/python3.10/site-packages:/home/yash/eyrc24_ws/build/ur5_control:/home/yash/eyrc24_ws/install/ur5_control/lib/python3.10/site-packages:/home/yash/eyrc24_ws/install/pymoveit2/local/lib/python3.10/dist-packages:/home/yash/eyrc24_ws/install/linkattacher_msgs/local/lib/python3.10/dist-packages:/opt/ros/humble/lib/python3.10/site-packages:/opt/ros/humble/local/lib/python3.10/dist-packages /usr/bin/cmake /home/yash/SGP_IV/gesture_ws/src/niyantrak_description -DAMENT_CMAKE_SYMLINK_INSTALL=1 -DCMAKE_INSTALL_PREFIX=/home/yash/SGP_IV/gesture_ws/install/niyantrak_description
[10.577s] DEBUG:colcon.colcon_core.event_handler.log_command:Invoking command in '/home/yash/SGP_IV/gesture_ws/build/niyantrak_description': AMENT_PREFIX_PATH=/home/yash/SGP_IV/gesture_ws/install/gesture_control:/home/yash/bumperbot_ws/install/bumperbot_py_examples:/home/yash/bumperbot_ws/install/bumperbot_description:/home/yash/bumperbot_ws/install/bumperbot_cpp_examples:/home/yash/bumperbot_ws/install/bumperbot_controller:/home/yash/Agrobot/agri_ws/install/agribot_gazebo:/home/yash/Agrobot/agri_ws/install/agribot_description:/home/yash/Agrobot/agri_ws/install/agribot_control:/home/yash/tensor_ws/install/warehouse_sim:/home/yash/rl_ws/install/serp_rl:/home/yash/rl_ws/install/flatland:/home/yash/rl_ws/install/flatland_msgs:/home/yash/ros2_ws/install/my_robot_description:/home/yash/python_ws/install/my_robot_bringup:/home/yash/python_ws/install/turtlesim_catch_all:/home/yash/python_ws/install/my_py_pkg:/home/yash/python_ws/install/my_robot_interfaces:/home/yash/python_ws/install/my_cpp_pkg:/home/yash/skid_ws/install/ackerman:/home/yash/eyrc24_ws/install/ur_simulation_gazebo:/home/yash/eyrc24_ws/install/ur_moveit_config:/home/yash/eyrc24_ws/install/ur_description:/home/yash/eyrc24_ws/install/ur5_control:/home/yash/eyrc24_ws/install/realsense_gazebo_plugin:/home/yash/eyrc24_ws/install/pymoveit2:/home/yash/eyrc24_ws/install/linkattacher_msgs:/home/yash/eyrc24_ws/install/eyantra_warehouse:/home/yash/eyrc24_ws/install/ebot_nav2:/home/yash/eyrc24_ws/install/ebot_description:/home/yash/SGP_IV/gesture_ws/install/niyantrak_description:/opt/ros/humble CMAKE_PREFIX_PATH=${CMAKE_PREFIX_PATH}:/home/yash/bumperbot_ws/install/bumperbot_py_examples:/home/yash/tensor_ws/install/warehouse_sim:/home/yash/rl_ws/install/serp_rl:/home/yash/python_ws/install/turtlesim_catch_all:/home/yash/python_ws/install/my_py_pkg:/home/yash/skid_ws/install/ackerman:/home/yash/eyrc24_ws/install/ur5_control:/home/yash/SGP_IV/gesture_ws/install/gesture_control:/opt/ros/humble PYTHONPATH=/home/yash/SGP_IV/gesture_ws/build/gesture_control:/home/yash/SGP_IV/gesture_ws/install/gesture_control/lib/python3.10/site-packages:/home/yash/bumperbot_ws/build/bumperbot_py_examples:/home/yash/bumperbot_ws/install/bumperbot_py_examples/lib/python3.10/site-packages:/home/yash/Agrobot/agri_ws/build/perception_pkg:/home/yash/Agrobot/agri_ws/install/perception_pkg/lib/python3.10/site-packages:/home/yash/Agrobot/agri_ws/build/control_pkg:/home/yash/Agrobot/agri_ws/install/control_pkg/lib/python3.10/site-packages:/home/yash/tensor_ws/install/warehouse_sim/lib/python3.10/site-packages:/home/yash/rl_ws/install/serp_rl/lib/python3.10/site-packages:/home/yash/rl_ws/install/flatland_msgs/local/lib/python3.10/dist-packages:/home/yash/python_ws/install/turtlesim_catch_all/lib/python3.10/site-packages:/home/yash/python_ws/install/my_py_pkg/lib/python3.10/site-packages:/home/yash/python_ws/install/my_robot_interfaces/local/lib/python3.10/dist-packages:/home/yash/skid_ws/build/skid_pkg:/home/yash/skid_ws/install/skid_pkg/lib/python3.10/site-packages:/home/yash/skid_ws/build/ackerman:/home/yash/skid_ws/install/ackerman/lib/python3.10/site-packages:/home/yash/eyrc24_ws/build/ur5_control:/home/yash/eyrc24_ws/install/ur5_control/lib/python3.10/site-packages:/home/yash/eyrc24_ws/install/pymoveit2/local/lib/python3.10/dist-packages:/home/yash/eyrc24_ws/install/linkattacher_msgs/local/lib/python3.10/dist-packages:/opt/ros/humble/lib/python3.10/site-packages:/opt/ros/humble/local/lib/python3.10/dist-packages /usr/bin/cmake --build /home/yash/SGP_IV/gesture_ws/build/niyantrak_description -- -j8 -l8
[10.735s] DEBUG:colcon.colcon_core.event_handler.log_command:Invoked command in '/home/yash/SGP_IV/gesture_ws/build/niyantrak_description' returned '0': AMENT_PREFIX_PATH=/home/yash/SGP_IV/gesture_ws/install/gesture_control:/home/yash/bumperbot_ws/install/bumperbot_py_examples:/home/yash/bumperbot_ws/install/bumperbot_description:/home/yash/bumperbot_ws/install/bumperbot_cpp_examples:/home/yash/bumperbot_ws/install/bumperbot_controller:/home/yash/Agrobot/agri_ws/install/agribot_gazebo:/home/yash/Agrobot/agri_ws/install/agribot_description:/home/yash/Agrobot/agri_ws/install/agribot_control:/home/yash/tensor_ws/install/warehouse_sim:/home/yash/rl_ws/install/serp_rl:/home/yash/rl_ws/install/flatland:/home/yash/rl_ws/install/flatland_msgs:/home/yash/ros2_ws/install/my_robot_description:/home/yash/python_ws/install/my_robot_bringup:/home/yash/python_ws/install/turtlesim_catch_all:/home/yash/python_ws/install/my_py_pkg:/home/yash/python_ws/install/my_robot_interfaces:/home/yash/python_ws/install/my_cpp_pkg:/home/yash/skid_ws/install/ackerman:/home/yash/eyrc24_ws/install/ur_simulation_gazebo:/home/yash/eyrc24_ws/install/ur_moveit_config:/home/yash/eyrc24_ws/install/ur_description:/home/yash/eyrc24_ws/install/ur5_control:/home/yash/eyrc24_ws/install/realsense_gazebo_plugin:/home/yash/eyrc24_ws/install/pymoveit2:/home/yash/eyrc24_ws/install/linkattacher_msgs:/home/yash/eyrc24_ws/install/eyantra_warehouse:/home/yash/eyrc24_ws/install/ebot_nav2:/home/yash/eyrc24_ws/install/ebot_description:/home/yash/SGP_IV/gesture_ws/install/niyantrak_description:/opt/ros/humble CMAKE_PREFIX_PATH=${CMAKE_PREFIX_PATH}:/home/yash/bumperbot_ws/install/bumperbot_py_examples:/home/yash/tensor_ws/install/warehouse_sim:/home/yash/rl_ws/install/serp_rl:/home/yash/python_ws/install/turtlesim_catch_all:/home/yash/python_ws/install/my_py_pkg:/home/yash/skid_ws/install/ackerman:/home/yash/eyrc24_ws/install/ur5_control:/home/yash/SGP_IV/gesture_ws/install/gesture_control:/opt/ros/humble PYTHONPATH=/home/yash/SGP_IV/gesture_ws/build/gesture_control:/home/yash/SGP_IV/gesture_ws/install/gesture_control/lib/python3.10/site-packages:/home/yash/bumperbot_ws/build/bumperbot_py_examples:/home/yash/bumperbot_ws/install/bumperbot_py_examples/lib/python3.10/site-packages:/home/yash/Agrobot/agri_ws/build/perception_pkg:/home/yash/Agrobot/agri_ws/install/perception_pkg/lib/python3.10/site-packages:/home/yash/Agrobot/agri_ws/build/control_pkg:/home/yash/Agrobot/agri_ws/install/control_pkg/lib/python3.10/site-packages:/home/yash/tensor_ws/install/warehouse_sim/lib/python3.10/site-packages:/home/yash/rl_ws/install/serp_rl/lib/python3.10/site-packages:/home/yash/rl_ws/install/flatland_msgs/local/lib/python3.10/dist-packages:/home/yash/python_ws/install/turtlesim_catch_all/lib/python3.10/site-packages:/home/yash/python_ws/install/my_py_pkg/lib/python3.10/site-packages:/home/yash/python_ws/install/my_robot_interfaces/local/lib/python3.10/dist-packages:/home/yash/skid_ws/build/skid_pkg:/home/yash/skid_ws/install/skid_pkg/lib/python3.10/site-packages:/home/yash/skid_ws/build/ackerman:/home/yash/skid_ws/install/ackerman/lib/python3.10/site-packages:/home/yash/eyrc24_ws/build/ur5_control:/home/yash/eyrc24_ws/install/ur5_control/lib/python3.10/site-packages:/home/yash/eyrc24_ws/install/pymoveit2/local/lib/python3.10/dist-packages:/home/yash/eyrc24_ws/install/linkattacher_msgs/local/lib/python3.10/dist-packages:/opt/ros/humble/lib/python3.10/site-packages:/opt/ros/humble/local/lib/python3.10/dist-packages /usr/bin/cmake --build /home/yash/SGP_IV/gesture_ws/build/niyantrak_description -- -j8 -l8
[10.775s] DEBUG:colcon.colcon_core.event_handler.log_command:Invoking command in '/home/yash/SGP_IV/gesture_ws/build/niyantrak_description': AMENT_PREFIX_PATH=/home/yash/SGP_IV/gesture_ws/install/gesture_control:/home/yash/bumperbot_ws/install/bumperbot_py_examples:/home/yash/bumperbot_ws/install/bumperbot_description:/home/yash/bumperbot_ws/install/bumperbot_cpp_examples:/home/yash/bumperbot_ws/install/bumperbot_controller:/home/yash/Agrobot/agri_ws/install/agribot_gazebo:/home/yash/Agrobot/agri_ws/install/agribot_description:/home/yash/Agrobot/agri_ws/install/agribot_control:/home/yash/tensor_ws/install/warehouse_sim:/home/yash/rl_ws/install/serp_rl:/home/yash/rl_ws/install/flatland:/home/yash/rl_ws/install/flatland_msgs:/home/yash/ros2_ws/install/my_robot_description:/home/yash/python_ws/install/my_robot_bringup:/home/yash/python_ws/install/turtlesim_catch_all:/home/yash/python_ws/install/my_py_pkg:/home/yash/python_ws/install/my_robot_interfaces:/home/yash/python_ws/install/my_cpp_pkg:/home/yash/skid_ws/install/ackerman:/home/yash/eyrc24_ws/install/ur_simulation_gazebo:/home/yash/eyrc24_ws/install/ur_moveit_config:/home/yash/eyrc24_ws/install/ur_description:/home/yash/eyrc24_ws/install/ur5_control:/home/yash/eyrc24_ws/install/realsense_gazebo_plugin:/home/yash/eyrc24_ws/install/pymoveit2:/home/yash/eyrc24_ws/install/linkattacher_msgs:/home/yash/eyrc24_ws/install/eyantra_warehouse:/home/yash/eyrc24_ws/install/ebot_nav2:/home/yash/eyrc24_ws/install/ebot_description:/home/yash/SGP_IV/gesture_ws/install/niyantrak_description:/opt/ros/humble CMAKE_PREFIX_PATH=${CMAKE_PREFIX_PATH}:/home/yash/bumperbot_ws/install/bumperbot_py_examples:/home/yash/tensor_ws/install/warehouse_sim:/home/yash/rl_ws/install/serp_rl:/home/yash/python_ws/install/turtlesim_catch_all:/home/yash/python_ws/install/my_py_pkg:/home/yash/skid_ws/install/ackerman:/home/yash/eyrc24_ws/install/ur5_control:/home/yash/SGP_IV/gesture_ws/install/gesture_control:/opt/ros/humble PYTHONPATH=/home/yash/SGP_IV/gesture_ws/build/gesture_control:/home/yash/SGP_IV/gesture_ws/install/gesture_control/lib/python3.10/site-packages:/home/yash/bumperbot_ws/build/bumperbot_py_examples:/home/yash/bumperbot_ws/install/bumperbot_py_examples/lib/python3.10/site-packages:/home/yash/Agrobot/agri_ws/build/perception_pkg:/home/yash/Agrobot/agri_ws/install/perception_pkg/lib/python3.10/site-packages:/home/yash/Agrobot/agri_ws/build/control_pkg:/home/yash/Agrobot/agri_ws/install/control_pkg/lib/python3.10/site-packages:/home/yash/tensor_ws/install/warehouse_sim/lib/python3.10/site-packages:/home/yash/rl_ws/install/serp_rl/lib/python3.10/site-packages:/home/yash/rl_ws/install/flatland_msgs/local/lib/python3.10/dist-packages:/home/yash/python_ws/install/turtlesim_catch_all/lib/python3.10/site-packages:/home/yash/python_ws/install/my_py_pkg/lib/python3.10/site-packages:/home/yash/python_ws/install/my_robot_interfaces/local/lib/python3.10/dist-packages:/home/yash/skid_ws/build/skid_pkg:/home/yash/skid_ws/install/skid_pkg/lib/python3.10/site-packages:/home/yash/skid_ws/build/ackerman:/home/yash/skid_ws/install/ackerman/lib/python3.10/site-packages:/home/yash/eyrc24_ws/build/ur5_control:/home/yash/eyrc24_ws/install/ur5_control/lib/python3.10/site-packages:/home/yash/eyrc24_ws/install/pymoveit2/local/lib/python3.10/dist-packages:/home/yash/eyrc24_ws/install/linkattacher_msgs/local/lib/python3.10/dist-packages:/opt/ros/humble/lib/python3.10/site-packages:/opt/ros/humble/local/lib/python3.10/dist-packages /usr/bin/cmake --install /home/yash/SGP_IV/gesture_ws/build/niyantrak_description
[10.883s] Level 1:colcon.colcon_core.environment:create_environment_scripts_only(niyantrak_description)
[10.885s] Level 1:colcon.colcon_core.environment:checking '/home/yash/SGP_IV/gesture_ws/install/niyantrak_description' for CMake module files
[10.887s] DEBUG:colcon.colcon_core.event_handler.log_command:Invoked command in '/home/yash/SGP_IV/gesture_ws/build/niyantrak_description' returned '0': AMENT_PREFIX_PATH=/home/yash/SGP_IV/gesture_ws/install/gesture_control:/home/yash/bumperbot_ws/install/bumperbot_py_examples:/home/yash/bumperbot_ws/install/bumperbot_description:/home/yash/bumperbot_ws/install/bumperbot_cpp_examples:/home/yash/bumperbot_ws/install/bumperbot_controller:/home/yash/Agrobot/agri_ws/install/agribot_gazebo:/home/yash/Agrobot/agri_ws/install/agribot_description:/home/yash/Agrobot/agri_ws/install/agribot_control:/home/yash/tensor_ws/install/warehouse_sim:/home/yash/rl_ws/install/serp_rl:/home/yash/rl_ws/install/flatland:/home/yash/rl_ws/install/flatland_msgs:/home/yash/ros2_ws/install/my_robot_description:/home/yash/python_ws/install/my_robot_bringup:/home/yash/python_ws/install/turtlesim_catch_all:/home/yash/python_ws/install/my_py_pkg:/home/yash/python_ws/install/my_robot_interfaces:/home/yash/python_ws/install/my_cpp_pkg:/home/yash/skid_ws/install/ackerman:/home/yash/eyrc24_ws/install/ur_simulation_gazebo:/home/yash/eyrc24_ws/install/ur_moveit_config:/home/yash/eyrc24_ws/install/ur_description:/home/yash/eyrc24_ws/install/ur5_control:/home/yash/eyrc24_ws/install/realsense_gazebo_plugin:/home/yash/eyrc24_ws/install/pymoveit2:/home/yash/eyrc24_ws/install/linkattacher_msgs:/home/yash/eyrc24_ws/install/eyantra_warehouse:/home/yash/eyrc24_ws/install/ebot_nav2:/home/yash/eyrc24_ws/install/ebot_description:/home/yash/SGP_IV/gesture_ws/install/niyantrak_description:/opt/ros/humble CMAKE_PREFIX_PATH=${CMAKE_PREFIX_PATH}:/home/yash/bumperbot_ws/install/bumperbot_py_examples:/home/yash/tensor_ws/install/warehouse_sim:/home/yash/rl_ws/install/serp_rl:/home/yash/python_ws/install/turtlesim_catch_all:/home/yash/python_ws/install/my_py_pkg:/home/yash/skid_ws/install/ackerman:/home/yash/eyrc24_ws/install/ur5_control:/home/yash/SGP_IV/gesture_ws/install/gesture_control:/opt/ros/humble PYTHONPATH=/home/yash/SGP_IV/gesture_ws/build/gesture_control:/home/yash/SGP_IV/gesture_ws/install/gesture_control/lib/python3.10/site-packages:/home/yash/bumperbot_ws/build/bumperbot_py_examples:/home/yash/bumperbot_ws/install/bumperbot_py_examples/lib/python3.10/site-packages:/home/yash/Agrobot/agri_ws/build/perception_pkg:/home/yash/Agrobot/agri_ws/install/perception_pkg/lib/python3.10/site-packages:/home/yash/Agrobot/agri_ws/build/control_pkg:/home/yash/Agrobot/agri_ws/install/control_pkg/lib/python3.10/site-packages:/home/yash/tensor_ws/install/warehouse_sim/lib/python3.10/site-packages:/home/yash/rl_ws/install/serp_rl/lib/python3.10/site-packages:/home/yash/rl_ws/install/flatland_msgs/local/lib/python3.10/dist-packages:/home/yash/python_ws/install/turtlesim_catch_all/lib/python3.10/site-packages:/home/yash/python_ws/install/my_py_pkg/lib/python3.10/site-packages:/home/yash/python_ws/install/my_robot_interfaces/local/lib/python3.10/dist-packages:/home/yash/skid_ws/build/skid_pkg:/home/yash/skid_ws/install/skid_pkg/lib/python3.10/site-packages:/home/yash/skid_ws/build/ackerman:/home/yash/skid_ws/install/ackerman/lib/python3.10/site-packages:/home/yash/eyrc24_ws/build/ur5_control:/home/yash/eyrc24_ws/install/ur5_control/lib/python3.10/site-packages:/home/yash/eyrc24_ws/install/pymoveit2/local/lib/python3.10/dist-packages:/home/yash/eyrc24_ws/install/linkattacher_msgs/local/lib/python3.10/dist-packages:/opt/ros/humble/lib/python3.10/site-packages:/opt/ros/humble/local/lib/python3.10/dist-packages /usr/bin/cmake --install /home/yash/SGP_IV/gesture_ws/build/niyantrak_description
[10.889s] Level 1:colcon.colcon_core.environment:checking '/home/yash/SGP_IV/gesture_ws/install/niyantrak_description' for CMake config files
[10.889s] Level 1:colcon.colcon_core.shell:create_environment_hook('niyantrak_description', 'cmake_prefix_path')
[10.891s] INFO:colcon.colcon_core.shell:Creating environment hook '/home/yash/SGP_IV/gesture_ws/install/niyantrak_description/share/niyantrak_description/hook/cmake_prefix_path.ps1'
[10.892s] INFO:colcon.colcon_core.shell:Creating environment descriptor '/home/yash/SGP_IV/gesture_ws/install/niyantrak_description/share/niyantrak_description/hook/cmake_prefix_path.dsv'
[10.894s] INFO:colcon.colcon_core.shell:Creating environment hook '/home/yash/SGP_IV/gesture_ws/install/niyantrak_description/share/niyantrak_description/hook/cmake_prefix_path.sh'
[10.896s] Level 1:colcon.colcon_core.environment:checking '/home/yash/SGP_IV/gesture_ws/install/niyantrak_description/bin'
[10.897s] Level 1:colcon.colcon_core.environment:checking '/home/yash/SGP_IV/gesture_ws/install/niyantrak_description/lib/pkgconfig/niyantrak_description.pc'
[10.898s] Level 1:colcon.colcon_core.environment:checking '/home/yash/SGP_IV/gesture_ws/install/niyantrak_description/lib/python3.10/site-packages'
[10.898s] Level 1:colcon.colcon_core.environment:checking '/home/yash/SGP_IV/gesture_ws/install/niyantrak_description/bin'
[10.900s] INFO:colcon.colcon_core.shell:Creating package script '/home/yash/SGP_IV/gesture_ws/install/niyantrak_description/share/niyantrak_description/package.ps1'
[10.902s] INFO:colcon.colcon_core.shell:Creating package descriptor '/home/yash/SGP_IV/gesture_ws/install/niyantrak_description/share/niyantrak_description/package.dsv'
[10.904s] INFO:colcon.colcon_core.shell:Creating package script '/home/yash/SGP_IV/gesture_ws/install/niyantrak_description/share/niyantrak_description/package.sh'
[10.905s] INFO:colcon.colcon_core.shell:Creating package script '/home/yash/SGP_IV/gesture_ws/install/niyantrak_description/share/niyantrak_description/package.bash'
[10.907s] INFO:colcon.colcon_core.shell:Creating package script '/home/yash/SGP_IV/gesture_ws/install/niyantrak_description/share/niyantrak_description/package.zsh'
[10.909s] Level 1:colcon.colcon_core.environment:create_file_with_runtime_dependencies(/home/yash/SGP_IV/gesture_ws/install/niyantrak_description/share/colcon-core/packages/niyantrak_description)
[10.912s] Level 1:colcon.colcon_core.environment:create_environment_scripts_only(niyantrak_description)
[10.913s] Level 1:colcon.colcon_core.environment:checking '/home/yash/SGP_IV/gesture_ws/install/niyantrak_description' for CMake module files
[10.915s] Level 1:colcon.colcon_core.environment:checking '/home/yash/SGP_IV/gesture_ws/install/niyantrak_description' for CMake config files
[10.916s] Level 1:colcon.colcon_core.shell:create_environment_hook('niyantrak_description', 'cmake_prefix_path')
[10.917s] INFO:colcon.colcon_core.shell:Creating environment hook '/home/yash/SGP_IV/gesture_ws/install/niyantrak_description/share/niyantrak_description/hook/cmake_prefix_path.ps1'
[10.918s] INFO:colcon.colcon_core.shell:Creating environment descriptor '/home/yash/SGP_IV/gesture_ws/install/niyantrak_description/share/niyantrak_description/hook/cmake_prefix_path.dsv'
[10.920s] INFO:colcon.colcon_core.shell:Creating environment hook '/home/yash/SGP_IV/gesture_ws/install/niyantrak_description/share/niyantrak_description/hook/cmake_prefix_path.sh'
[10.922s] Level 1:colcon.colcon_core.environment:checking '/home/yash/SGP_IV/gesture_ws/install/niyantrak_description/bin'
[10.922s] Level 1:colcon.colcon_core.environment:checking '/home/yash/SGP_IV/gesture_ws/install/niyantrak_description/lib/pkgconfig/niyantrak_description.pc'
[10.923s] Level 1:colcon.colcon_core.environment:checking '/home/yash/SGP_IV/gesture_ws/install/niyantrak_description/lib/python3.10/site-packages'
[10.924s] Level 1:colcon.colcon_core.environment:checking '/home/yash/SGP_IV/gesture_ws/install/niyantrak_description/bin'
[10.925s] INFO:colcon.colcon_core.shell:Creating package script '/home/yash/SGP_IV/gesture_ws/install/niyantrak_description/share/niyantrak_description/package.ps1'
[10.928s] INFO:colcon.colcon_core.shell:Creating package descriptor '/home/yash/SGP_IV/gesture_ws/install/niyantrak_description/share/niyantrak_description/package.dsv'
[10.930s] INFO:colcon.colcon_core.shell:Creating package script '/home/yash/SGP_IV/gesture_ws/install/niyantrak_description/share/niyantrak_description/package.sh'
[10.931s] INFO:colcon.colcon_core.shell:Creating package script '/home/yash/SGP_IV/gesture_ws/install/niyantrak_description/share/niyantrak_description/package.bash'
[10.933s] INFO:colcon.colcon_core.shell:Creating package script '/home/yash/SGP_IV/gesture_ws/install/niyantrak_description/share/niyantrak_description/package.zsh'
[10.935s] Level 1:colcon.colcon_core.environment:create_file_with_runtime_dependencies(/home/yash/SGP_IV/gesture_ws/install/niyantrak_description/share/colcon-core/packages/niyantrak_description)
[10.936s] DEBUG:colcon.colcon_parallel_executor.executor.parallel:closing loop
[10.938s] DEBUG:colcon.colcon_parallel_executor.executor.parallel:loop closed
[10.938s] DEBUG:colcon.colcon_parallel_executor.executor.parallel:run_until_complete finished with '0'
[10.939s] DEBUG:colcon.colcon_core.event_reactor:joining thread
[10.963s] INFO:colcon.colcon_core.plugin_system:Skipping extension 'colcon_notification.desktop_notification.terminal_notifier': Not used on non-Darwin systems
[10.964s] INFO:colcon.colcon_core.plugin_system:Skipping extension 'colcon_notification.desktop_notification.win32': Not used on non-Windows systems
[10.964s] INFO:colcon.colcon_notification.desktop_notification:Sending desktop notification using 'notify2'
[11.061s] DEBUG:colcon.colcon_core.event_reactor:joined thread
[11.062s] INFO:colcon.colcon_core.shell:Creating prefix script '/home/yash/SGP_IV/gesture_ws/install/local_setup.ps1'
[11.067s] INFO:colcon.colcon_core.shell:Creating prefix util module '/home/yash/SGP_IV/gesture_ws/install/_local_setup_util_ps1.py'
[11.073s] INFO:colcon.colcon_core.shell:Creating prefix chain script '/home/yash/SGP_IV/gesture_ws/install/setup.ps1'
[11.084s] INFO:colcon.colcon_core.shell:Creating prefix script '/home/yash/SGP_IV/gesture_ws/install/local_setup.sh'
[11.087s] INFO:colcon.colcon_core.shell:Creating prefix util module '/home/yash/SGP_IV/gesture_ws/install/_local_setup_util_sh.py'
[11.089s] INFO:colcon.colcon_core.shell:Creating prefix chain script '/home/yash/SGP_IV/gesture_ws/install/setup.sh'
[11.100s] INFO:colcon.colcon_core.shell:Creating prefix script '/home/yash/SGP_IV/gesture_ws/install/local_setup.bash'
[11.102s] INFO:colcon.colcon_core.shell:Creating prefix chain script '/home/yash/SGP_IV/gesture_ws/install/setup.bash'
[11.112s] INFO:colcon.colcon_core.shell:Creating prefix script '/home/yash/SGP_IV/gesture_ws/install/local_setup.zsh'
[11.115s] INFO:colcon.colcon_core.shell:Creating prefix chain script '/home/yash/SGP_IV/gesture_ws/install/setup.zsh'
