[3.640s] Invoking command in '/home/yash/SGP_IV/gesture_ws/build/gesture_control': PYTHONPATH=/home/yash/SGP_IV/gesture_ws/build/gesture_control/prefix_override:/usr/lib/python3/dist-packages/colcon_core/task/python/colcon_distutils_commands:/home/yash/SGP_IV/gesture_ws/install/gesture_control/lib/python3.10/site-packages:${PYTHONPATH} /usr/bin/python3 -W ignore:setup.py install is deprecated setup.py develop --editable --build-directory /home/yash/SGP_IV/gesture_ws/build/gesture_control/build --no-deps symlink_data
[5.601s] running develop
[7.079s] running egg_info
[7.079s] creating gesture_control.egg-info
[7.081s] writing gesture_control.egg-info/PKG-INFO
[7.082s] writing dependency_links to gesture_control.egg-info/dependency_links.txt
[7.082s] writing entry points to gesture_control.egg-info/entry_points.txt
[7.083s] writing requirements to gesture_control.egg-info/requires.txt
[7.083s] writing top-level names to gesture_control.egg-info/top_level.txt
[7.103s] writing manifest file 'gesture_control.egg-info/SOURCES.txt'
[7.110s] reading manifest file 'gesture_control.egg-info/SOURCES.txt'
[7.112s] writing manifest file 'gesture_control.egg-info/SOURCES.txt'
[7.120s] running build_ext
[7.121s] Creating /home/yash/SGP_IV/gesture_ws/install/gesture_control/lib/python3.10/site-packages/gesture-control.egg-link (link to .)
[7.123s] 
[7.124s] Installed /home/yash/SGP_IV/gesture_ws/build/gesture_control
[7.125s] running symlink_data
[7.125s] creating /home/yash/SGP_IV/gesture_ws/install/gesture_control/share
[7.125s] creating /home/yash/SGP_IV/gesture_ws/install/gesture_control/share/ament_index
[7.126s] creating /home/yash/SGP_IV/gesture_ws/install/gesture_control/share/ament_index/resource_index
[7.126s] creating /home/yash/SGP_IV/gesture_ws/install/gesture_control/share/ament_index/resource_index/packages
[7.127s] symbolically linking /home/yash/SGP_IV/gesture_ws/build/gesture_control/resource/gesture_control -> /home/yash/SGP_IV/gesture_ws/install/gesture_control/share/ament_index/resource_index/packages
[7.127s] creating /home/yash/SGP_IV/gesture_ws/install/gesture_control/share/gesture_control
[7.127s] symbolically linking /home/yash/SGP_IV/gesture_ws/build/gesture_control/package.xml -> /home/yash/SGP_IV/gesture_ws/install/gesture_control/share/gesture_control
[7.296s] Invoked command in '/home/yash/SGP_IV/gesture_ws/build/gesture_control' returned '0': PYTHONPATH=/home/yash/SGP_IV/gesture_ws/build/gesture_control/prefix_override:/usr/lib/python3/dist-packages/colcon_core/task/python/colcon_distutils_commands:/home/yash/SGP_IV/gesture_ws/install/gesture_control/lib/python3.10/site-packages:${PYTHONPATH} /usr/bin/python3 -W ignore:setup.py install is deprecated setup.py develop --editable --build-directory /home/yash/SGP_IV/gesture_ws/build/gesture_control/build --no-deps symlink_data
