/home/yash/SGP_IV/gesture_ws/install/gesture_control/lib/python3.10/site-packages/gesture_control/gesture_detect.py
/home/yash/SGP_IV/gesture_ws/install/gesture_control/lib/python3.10/site-packages/gesture_control/gesture_control.py
/home/yash/SGP_IV/gesture_ws/install/gesture_control/lib/python3.10/site-packages/gesture_control/object_detector.py
/home/yash/SGP_IV/gesture_ws/install/gesture_control/lib/python3.10/site-packages/gesture_control/__init__.py
/home/yash/SGP_IV/gesture_ws/install/gesture_control/lib/python3.10/site-packages/gesture_control/__pycache__/gesture_detect.cpython-310.pyc
/home/yash/SGP_IV/gesture_ws/install/gesture_control/lib/python3.10/site-packages/gesture_control/__pycache__/gesture_control.cpython-310.pyc
/home/yash/SGP_IV/gesture_ws/install/gesture_control/lib/python3.10/site-packages/gesture_control/__pycache__/object_detector.cpython-310.pyc
/home/yash/SGP_IV/gesture_ws/install/gesture_control/lib/python3.10/site-packages/gesture_control/__pycache__/__init__.cpython-310.pyc
/home/yash/SGP_IV/gesture_ws/install/gesture_control/share/ament_index/resource_index/packages/gesture_control
/home/yash/SGP_IV/gesture_ws/install/gesture_control/share/gesture_control/package.xml
/home/yash/SGP_IV/gesture_ws/install/gesture_control/share/gesture_control/launch/control.launch.py
/home/yash/SGP_IV/gesture_ws/install/gesture_control/lib/python3.10/site-packages/gesture_control-0.0.0-py3.10.egg-info/top_level.txt
/home/yash/SGP_IV/gesture_ws/install/gesture_control/lib/python3.10/site-packages/gesture_control-0.0.0-py3.10.egg-info/requires.txt
/home/yash/SGP_IV/gesture_ws/install/gesture_control/lib/python3.10/site-packages/gesture_control-0.0.0-py3.10.egg-info/SOURCES.txt
/home/yash/SGP_IV/gesture_ws/install/gesture_control/lib/python3.10/site-packages/gesture_control-0.0.0-py3.10.egg-info/entry_points.txt
/home/yash/SGP_IV/gesture_ws/install/gesture_control/lib/python3.10/site-packages/gesture_control-0.0.0-py3.10.egg-info/zip-safe
/home/yash/SGP_IV/gesture_ws/install/gesture_control/lib/python3.10/site-packages/gesture_control-0.0.0-py3.10.egg-info/PKG-INFO
/home/yash/SGP_IV/gesture_ws/install/gesture_control/lib/python3.10/site-packages/gesture_control-0.0.0-py3.10.egg-info/dependency_links.txt
/home/yash/SGP_IV/gesture_ws/install/gesture_control/lib/gesture_control/gesture_control
/home/yash/SGP_IV/gesture_ws/install/gesture_control/lib/gesture_control/gesture_detect
/home/yash/SGP_IV/gesture_ws/install/gesture_control/lib/gesture_control/object_detector
